Component: ARM Compiler 5.06 update 7 (build 960) Tool: armlink [4d3601]

==============================================================================

Section Cross References

    system_py32f0xx.o(i.$Sub$$main) refers to main.o(i.main) for $Super$$main
    system_py32f0xx.o(i.$Sub$$main) refers to system_py32f0xx.o(.ARM.__at_0x20000000) for VECT_SRAM_TAB
    system_py32f0xx.o(i.SystemCoreClockUpdate) refers to system_py32f0xx.o(.data) for SystemCoreClock
    system_py32f0xx.o(i.SystemCoreClockUpdate) refers to system_py32f0xx.o(.constdata) for HSIFreqTable
    startup_py32f002xx.o(RESET) refers to startup_py32f002xx.o(STACK) for __initial_sp
    startup_py32f002xx.o(RESET) refers to startup_py32f002xx.o(.text) for Reset_Handler
    startup_py32f002xx.o(RESET) refers to py32f0xx_it.o(i.NMI_Handler) for NMI_Handler
    startup_py32f002xx.o(RESET) refers to py32f0xx_it.o(i.HardFault_Handler) for HardFault_Handler
    startup_py32f002xx.o(RESET) refers to py32f0xx_it.o(i.SVC_Handler) for SVC_Handler
    startup_py32f002xx.o(RESET) refers to py32f0xx_it.o(i.PendSV_Handler) for PendSV_Handler
    startup_py32f002xx.o(RESET) refers to py32f0xx_it.o(i.SysTick_Handler) for SysTick_Handler
    startup_py32f002xx.o(RESET) refers to py32f0xx_it.o(i.USART1_IRQHandler) for USART1_IRQHandler
    startup_py32f002xx.o(.text) refers to system_py32f0xx.o(i.SystemInit) for SystemInit
    startup_py32f002xx.o(.text) refers to entry.o(.ARM.Collect$$$$00000000) for __main
    main.o(i.APP_I2C1_Init) refers to py32f0xx_hal_i2c.o(i.HAL_I2C_Init) for HAL_I2C_Init
    main.o(i.APP_I2C1_Init) refers to main.o(i.UART_Print) for UART_Print
    main.o(i.APP_I2C1_Init) refers to main.o(i.APP_ErrorHandler) for APP_ErrorHandler
    main.o(i.APP_I2C1_Init) refers to main.o(.bss) for I2cHandle
    main.o(i.APP_KeyInit) refers to memseta.o(.text) for __aeabi_memclr4
    main.o(i.APP_KeyInit) refers to py32f0xx_hal_gpio.o(i.HAL_GPIO_Init) for HAL_GPIO_Init
    main.o(i.APP_KeyInit) refers to main.o(i.APP_KeyIsPressed) for APP_KeyIsPressed
    main.o(i.APP_KeyInit) refers to py32f0xx_hal.o(i.HAL_GetTick) for HAL_GetTick
    main.o(i.APP_KeyInit) refers to main.o(.data) for APP_KeyLastSample
    main.o(i.APP_KeyIsPressed) refers to py32f0xx_hal_gpio.o(i.HAL_GPIO_ReadPin) for HAL_GPIO_ReadPin
    main.o(i.APP_KeyShortPressed) refers to main.o(i.APP_KeyIsPressed) for APP_KeyIsPressed
    main.o(i.APP_KeyShortPressed) refers to py32f0xx_hal.o(i.HAL_GetTick) for HAL_GetTick
    main.o(i.APP_KeyShortPressed) refers to main.o(.data) for APP_KeyLastSample
    main.o(i.APP_PrintSensorData) refers to main.o(i.UART_Print) for UART_Print
    main.o(i.APP_PrintSensorData) refers to main.o(i.UART_PrintHexByte) for UART_PrintHexByte
    main.o(i.APP_PrintSensorData) refers to main.o(i.UART_PrintSignedFixed2) for UART_PrintSignedFixed2
    main.o(i.APP_RefreshSensor) refers to sht45.o(i.SHT45_ReadTempHumi) for SHT45_ReadTempHumi
    main.o(i.APP_RefreshSensor) refers to main.o(i.UART_Print) for UART_Print
    main.o(i.APP_RefreshSensor) refers to main.o(i.APP_PrintSensorData) for APP_PrintSensorData
    main.o(i.APP_RefreshSensor) refers to main.o(i.APP_UpdateLcd) for APP_UpdateLcd
    main.o(i.APP_RefreshSensor) refers to main.o(.bss) for APP_SensorData
    main.o(i.APP_RefreshSensor) refers to main.o(.data) for APP_SensorValid
    main.o(i.APP_UART_Init) refers to py32f0xx_hal_uart.o(i.HAL_UART_Init) for HAL_UART_Init
    main.o(i.APP_UART_Init) refers to main.o(i.APP_ErrorHandler) for APP_ErrorHandler
    main.o(i.APP_UART_Init) refers to main.o(.bss) for UartHandle
    main.o(i.APP_UpdateLcd) refers to lcd_qyt12429.o(i.LCD_QYT12429_Clear) for LCD_QYT12429_Clear
    main.o(i.APP_UpdateLcd) refers to lcd_qyt12429.o(i.LCD_QYT12429_DisplayTemperature) for LCD_QYT12429_DisplayTemperature
    main.o(i.APP_UpdateLcd) refers to lcd_qyt12429.o(i.LCD_QYT12429_DisplayHumidity) for LCD_QYT12429_DisplayHumidity
    main.o(i.APP_UpdateLcd) refers to main.o(.data) for APP_SensorValid
    main.o(i.APP_UpdateLcd) refers to main.o(.bss) for APP_SensorData
    main.o(i.UART_Print) refers to py32f0xx_hal_uart.o(i.HAL_UART_Transmit) for HAL_UART_Transmit
    main.o(i.UART_Print) refers to main.o(i.APP_ErrorHandler) for APP_ErrorHandler
    main.o(i.UART_Print) refers to main.o(.bss) for UartHandle
    main.o(i.UART_PrintHexByte) refers to main.o(i.UART_Print) for UART_Print
    main.o(i.UART_PrintHexByte) refers to main.o(.constdata) for hex
    main.o(i.UART_PrintSignedFixed2) refers to main.o(i.UART_Print) for UART_Print
    main.o(i.UART_PrintSignedFixed2) refers to uidiv.o(.text) for __aeabi_uidivmod
    main.o(i.UART_PrintSignedFixed2) refers to main.o(i.UART_PrintUnsigned) for UART_PrintUnsigned
    main.o(i.UART_PrintUnsigned) refers to main.o(i.UART_Print) for UART_Print
    main.o(i.UART_PrintUnsigned) refers to uidiv.o(.text) for __aeabi_uidivmod
    main.o(i.main) refers to py32f0xx_hal.o(i.HAL_Init) for HAL_Init
[...]
    lcd_qyt12429.o(i.LCD_FormatSignedFixed1) refers to idiv.o(.text) for __aeabi_idivmod
    lcd_qyt12429.o(i.LCD_QYT12429_AllOn) refers to ht1621.o(i.HT1621_AllOn) for HT1621_AllOn
    lcd_qyt12429.o(i.LCD_QYT12429_Clear) refers to ht1621.o(i.HT1621_Clear) for HT1621_Clear
    lcd_qyt12429.o(i.LCD_QYT12429_DisplayHumidity) refers to lcd_qyt12429.o(i.LCD_FormatHumidity) for LCD_FormatHumidity
    lcd_qyt12429.o(i.LCD_QYT12429_DisplayHumidity) refers to lcd_qyt12429.o(i.LCD_DisplayChars) for LCD_DisplayChars
    lcd_qyt12429.o(i.LCD_QYT12429_DisplayHumidity) refers to lcd_qyt12429.o(i.LCD_SetPoint) for LCD_SetPoint
    lcd_qyt12429.o(i.LCD_QYT12429_DisplayHumidity) refers to lcd_qyt12429.o(.constdata) for LCD_PercentIcon
    lcd_qyt12429.o(i.LCD_QYT12429_DisplayTemperature) refers to lcd_qyt12429.o(i.LCD_FormatSignedFixed1) for LCD_FormatSignedFixed1
    lcd_qyt12429.o(i.LCD_QYT12429_DisplayTemperature) refers to lcd_qyt12429.o(i.LCD_DisplayChars) for LCD_DisplayChars
    lcd_qyt12429.o(i.LCD_QYT12429_DisplayTemperature) refers to lcd_qyt12429.o(i.LCD_SetPoint) for LCD_SetPoint
    lcd_qyt12429.o(i.LCD_QYT12429_DisplayTemperature) refers to lcd_qyt12429.o(.constdata) for LCD_CelsiusIcon
    lcd_qyt12429.o(i.LCD_QYT12429_Init) refers to lcd_qyt12429.o(i.LCD_QYT12429_Clear) for LCD_QYT12429_Clear
    lcd_qyt12429.o(i.LCD_QYT12429_SetBatteryIcon) refers to lcd_qyt12429.o(i.LCD_QYT12429_SetIcon) for LCD_QYT12429_SetIcon
    lcd_qyt12429.o(i.LCD_QYT12429_SetIcon) refers to lcd_qyt12429.o(i.LCD_SetPoint) for LCD_SetPoint
    lcd_qyt12429.o(i.LCD_QYT12429_SetIcon) refers to lcd_qyt12429.o(.constdata) for LCD_IconMap
    lcd_qyt12429.o(i.LCD_QYT12429_SetSignalIcon) refers to lcd_qyt12429.o(i.LCD_QYT12429_SetIcon) for LCD_QYT12429_SetIcon
    lcd_qyt12429.o(i.LCD_SetChar) refers to lcd_qyt12429.o(i.LCD_SetDigitPattern) for LCD_SetDigitPattern
    lcd_qyt12429.o(i.LCD_SetChar) refers to lcd_qyt12429.o(.constdata) for LCD_NumberPattern
    lcd_qyt12429.o(i.LCD_SetDigitPattern) refers to lcd_qyt12429.o(i.LCD_SetPoint) for LCD_SetPoint
    lcd_qyt12429.o(i.LCD_SetDigitPattern) refers to lcd_qyt12429.o(.constdata) for LCD_DigitMap
    lcd_qyt12429.o(i.LCD_SetPoint) refers to ht1621.o(i.HT1621_SetSegment) for HT1621_SetSegment
    lcd_qyt12429.o(i.LCD_Show888Test) refers to lcd_qyt12429.o(i.LCD_QYT12429_Clear) for LCD_QYT12429_Clear
    lcd_qyt12429.o(i.LCD_Show888Test) refers to lcd_qyt12429.o(i.LCD_DisplayChars) for LCD_DisplayChars
    lcd_qyt12429.o(i.LCD_Show888Test) refers to lcd_qyt12429.o(i.LCD_SetPoint) for LCD_SetPoint
    lcd_qyt12429.o(i.LCD_Show888Test) refers to lcd_qyt12429.o(.constdata) for temp_chars
    lcd_qyt12429.o(i.LCD_ShowFixedTest) refers to lcd_qyt12429.o(i.LCD_QYT12429_Clear) for LCD_QYT12429_Clear
    lcd_qyt12429.o(i.LCD_ShowFixedTest) refers to lcd_qyt12429.o(i.LCD_QYT12429_DisplayTemperature) for LCD_QYT12429_DisplayTemperature
    lcd_qyt12429.o(i.LCD_ShowFixedTest) refers to lcd_qyt12429.o(i.LCD_QYT12429_DisplayHumidity) for LCD_QYT12429_DisplayHumidity
    sht45.o(i.SHT45_CheckCrc) refers to sht45.o(i.SHT45_CalcCrc) for SHT45_CalcCrc
    sht45.o(i.SHT45_Init) refers to sht45.o(.data) for SHT45_I2cHandle
    sht45.o(i.SHT45_ReadTempHumi) refers to py32f0xx_hal_i2c.o(i.HAL_I2C_Master_Transmit) for HAL_I2C_Master_Transmit
    sht45.o(i.SHT45_ReadTempHumi) refers to py32f0xx_hal.o(i.HAL_Delay) for HAL_Delay
    sht45.o(i.SHT45_ReadTempHumi) refers to py32f0xx_hal_i2c.o(i.HAL_I2C_Master_Receive) for HAL_I2C_Master_Receive
    sht45.o(i.SHT45_ReadTempHumi) refers to sht45.o(i.SHT45_CheckCrc) for SHT45_CheckCrc
    sht45.o(i.SHT45_ReadTempHumi) refers to uidiv.o(.text) for __aeabi_uidivmod
    sht45.o(i.SHT45_ReadTempHumi) refers to sht45.o(.data) for SHT45_I2cHandle
    py32f0xx_hal_msp.o(i.HAL_I2C_MspInit) refers to memseta.o(.text) for __aeabi_memclr4
    py32f0xx_hal_msp.o(i.HAL_I2C_MspInit) refers to py32f0xx_hal_gpio.o(i.HAL_GPIO_Init) for HAL_GPIO_Init
    py32f0xx_hal_msp.o(i.HAL_MspInit) refers to py32f002xx_start_kit.o(i.BSP_LED_Init) for BSP_LED_Init
    py32f0xx_hal_msp.o(i.HAL_UART_MspInit) refers to memseta.o(.text) for __aeabi_memclr4
    py32f0xx_hal_msp.o(i.HAL_UART_MspInit) refers to py32f0xx_hal_gpio.o(i.HAL_GPIO_Init) for HAL_GPIO_Init
    py32f0xx_it.o(i.SysTick_Handler) refers to py32f0xx_hal.o(i.HAL_IncTick) for HAL_IncTick
    py32f0xx_it.o(i.USART1_IRQHandler) refers to py32f0xx_hal_uart.o(i.HAL_UART_IRQHandler) for HAL_UART_IRQHandler
    py32f0xx_it.o(i.USART1_IRQHandler) refers to main.o(.bss) for UartHandle
    py32f002xx_start_kit.o(i.BSP_LED_DeInit) refers to py32f0xx_hal_gpio.o(i.HAL_GPIO_WritePin) for HAL_GPIO_WritePin
    py32f002xx_start_kit.o(i.BSP_LED_DeInit) refers to py32f0xx_hal_gpio.o(i.HAL_GPIO_DeInit) for HAL_GPIO_DeInit
    py32f002xx_start_kit.o(i.BSP_LED_DeInit) refers to py32f002xx_start_kit.o(.constdata) for LED_PIN
    py32f002xx_start_kit.o(i.BSP_LED_DeInit) refers to py32f002xx_start_kit.o(.data) for LED_PORT
    py32f002xx_start_kit.o(i.BSP_LED_Init) refers to py32f0xx_hal_gpio.o(i.HAL_GPIO_Init) for HAL_GPIO_Init
    py32f002xx_start_kit.o(i.BSP_LED_Init) refers to py32f0xx_hal_gpio.o(i.HAL_GPIO_WritePin) for HAL_GPIO_WritePin
    py32f002xx_start_kit.o(i.BSP_LED_Init) refers to py32f002xx_start_kit.o(.constdata) for LED_PIN
    py32f002xx_start_kit.o(i.BSP_LED_Init) refers to py32f002xx_start_kit.o(.data) for LED_PORT
    py32f002xx_start_kit.o(i.BSP_LED_Off) refers to py32f0xx_hal_gpio.o(i.HAL_GPIO_WritePin) for HAL_GPIO_WritePin
    py32f002xx_start_kit.o(i.BSP_LED_Off) refers to py32f002xx_start_kit.o(.constdata) for LED_PIN
    py32f002xx_start_kit.o(i.BSP_LED_Off) refers to py32f002xx_start_kit.o(.data) for LED_PORT
    py32f002xx_start_kit.o(i.BSP_LED_On) refers to py32f0xx_hal_gpio.o(i.HAL_GPIO_WritePin) for HAL_GPIO_WritePin
    py32f002xx_start_kit.o(i.BSP_LED_On) refers to py32f002xx_start_kit.o(.constdata) for LED_PIN
    py32f002xx_start_kit.o(i.BSP_LED_On) refers to py32f002xx_start_kit.o(.data) for LED_PORT
    py32f002xx_start_kit.o(i.BSP_LED_Toggle) refers to py32f0xx_hal_gpio.o(i.HAL_GPIO_TogglePin) for HAL_GPIO_TogglePin
    py32f002xx_start_kit.o(i.BSP_LED_Toggle) refers to py32f002xx_start_kit.o(.constdata) for LED_PIN
    py32f002xx_start_kit.o(i.BSP_LED_Toggle) refers to py32f002xx_start_kit.o(.data) for LED_PORT
    py32f002xx_start_kit.o(i.BSP_PB_DeInit) refers to py32f0xx_hal_cortex.o(i.HAL_NVIC_DisableIRQ) for HAL_NVIC_DisableIRQ
    py32f002xx_start_kit.o(i.BSP_PB_DeInit) refers to py32f0xx_hal_gpio.o(i.HAL_GPIO_DeInit) for HAL_GPIO_DeInit
    py32f002xx_start_kit.o(i.BSP_PB_DeInit) refers to py32f002xx_start_kit.o(.constdata) for BUTTON_PIN
    py32f002xx_start_kit.o(i.BSP_PB_DeInit) refers to py32f002xx_start_kit.o(.data) for BUTTON_PORT
    py32f002xx_start_kit.o(i.BSP_PB_GetState) refers to py32f0xx_hal_gpio.o(i.HAL_GPIO_ReadPin) for HAL_GPIO_ReadPin
    py32f002xx_start_kit.o(i.BSP_PB_GetState) refers to py32f002xx_start_kit.o(.constdata) for BUTTON_PIN
    py32f002xx_start_kit.o(i.BSP_PB_GetState) refers to py32f002xx_start_kit.o(.data) for BUTTON_PORT
    py32f002xx_start_kit.o(i.BSP_PB_Init) refers to py32f0xx_hal_gpio.o(i.HAL_GPIO_Init) for HAL_GPIO_Init
    py32f002xx_start_kit.o(i.BSP_PB_Init) refers to py32f0xx_hal_cortex.o(i.HAL_NVIC_SetPriority) for HAL_NVIC_SetPriority
    py32f002xx_start_kit.o(i.BSP_PB_Init) refers to py32f0xx_hal_cortex.o(i.HAL_NVIC_EnableIRQ) for HAL_NVIC_EnableIRQ
    py32f002xx_start_kit.o(i.BSP_PB_Init) refers to py32f002xx_start_kit.o(.constdata) for BUTTON_PIN
    py32f002xx_start_kit.o(i.BSP_PB_Init) refers to py32f002xx_start_kit.o(.data) for BUTTON_PORT
    py32f002xx_start_kit.o(i.BSP_USART_Config) refers to py32f0xx_hal_uart.o(i.HAL_UART_Init) for HAL_UART_Init
    py32f002xx_start_kit.o(i.BSP_USART_Config) refers to py32f0xx_hal_gpio.o(i.HAL_GPIO_Init) for HAL_GPIO_Init
    py32f002xx_start_kit.o(i.BSP_USART_Config) refers to py32f0xx_hal_cortex.o(i.HAL_NVIC_SetPriority) for HAL_NVIC_SetPriority
    py32f002xx_start_kit.o(i.BSP_USART_Config) refers to py32f0xx_hal_cortex.o(i.HAL_NVIC_EnableIRQ) for HAL_NVIC_EnableIRQ
    py32f002xx_start_kit.o(i.BSP_USART_Config) refers to py32f002xx_start_kit.o(.bss) for DebugUartHandle
    py32f002xx_start_kit.o(i.fgetc) refers to py32f0xx_hal_uart.o(i.HAL_UART_Receive) for HAL_UART_Receive
    py32f002xx_start_kit.o(i.fgetc) refers to py32f002xx_start_kit.o(.bss) for DebugUartHandle
    py32f002xx_start_kit.o(i.fputc) refers to py32f0xx_hal_uart.o(i.HAL_UART_Transmit) for HAL_UART_Transmit
    py32f002xx_start_kit.o(i.fputc) refers to py32f002xx_start_kit.o(.bss) for DebugUartHandle
    py32f0xx_hal.o(i.HAL_DeInit) refers to py32f0xx_hal.o(i.HAL_MspDeInit) for HAL_MspDeInit
    py32f0xx_hal.o(i.HAL_Delay) refers to py32f0xx_hal.o(i.HAL_GetTick) for HAL_GetTick
    py32f0xx_hal.o(i.HAL_Delay) refers to py32f0xx_hal.o(.data) for uwTickFreq
    py32f0xx_hal.o(i.HAL_GetTick) refers to py32f0xx_hal.o(.data) for uwTick
    py32f0xx_hal.o(i.HAL_GetTickFreq) refers to py32f0xx_hal.o(.data) for uwTickFreq
    py32f0xx_hal.o(i.HAL_GetTickPrio) refers to py32f0xx_hal.o(.data) for uwTickPrio
    py32f0xx_hal.o(i.HAL_IncTick) refers to py32f0xx_hal.o(.data) for uwTick
    py32f0xx_hal.o(i.HAL_Init) refers to py32f0xx_hal.o(i.HAL_InitTick) for HAL_InitTick
    py32f0xx_hal.o(i.HAL_Init) refers to py32f0xx_hal_msp.o(i.HAL_MspInit) for HAL_MspInit
    py32f0xx_hal.o(i.HAL_InitTick) refers to uidiv.o(.text) for __aeabi_uidivmod
    py32f0xx_hal.o(i.HAL_InitTick) refers to py32f0xx_hal_cortex.o(i.HAL_SYSTICK_Config) for HAL_SYSTICK_Config
    py32f0xx_hal.o(i.HAL_InitTick) refers to py32f0xx_hal_cortex.o(i.HAL_NVIC_SetPriority) for HAL_NVIC_SetPriority
    py32f0xx_hal.o(i.HAL_InitTick) refers to py32f0xx_hal.o(.data) for uwTickFreq
    py32f0xx_hal.o(i.HAL_InitTick) refers to system_py32f0xx.o(.data) for SystemCoreClock
    py32f0xx_hal.o(i.HAL_SetTickFreq) refers to py32f0xx_hal.o(i.HAL_InitTick) for HAL_InitTick
    py32f0xx_hal.o(i.HAL_SetTickFreq) refers to py32f0xx_hal.o(.data) for uwTickFreq
    py32f0xx_hal_rcc.o(i.HAL_RCC_ClockConfig) refers to py32f0xx_hal.o(i.HAL_GetTick) for HAL_GetTick
    py32f0xx_hal_rcc.o(i.HAL_RCC_ClockConfig) refers to py32f0xx_hal_rcc.o(i.HAL_RCC_GetSysClockFreq) for HAL_RCC_GetSysClockFreq
    py32f0xx_hal_rcc.o(i.HAL_RCC_ClockConfig) refers to py32f0xx_hal.o(i.HAL_InitTick) for HAL_InitTick
    py32f0xx_hal_rcc.o(i.HAL_RCC_ClockConfig) refers to system_py32f0xx.o(.constdata) for AHBPrescTable
    py32f0xx_hal_rcc.o(i.HAL_RCC_ClockConfig) refers to system_py32f0xx.o(.data) for SystemCoreClock
    py32f0xx_hal_rcc.o(i.HAL_RCC_ClockConfig) refers to py32f0xx_hal.o(.data) for uwTickPrio
    py32f0xx_hal_rcc.o(i.HAL_RCC_DeInit) refers to py32f0xx_hal.o(i.HAL_GetTick) for HAL_GetTick
    py32f0xx_hal_rcc.o(i.HAL_RCC_DeInit) refers to py32f0xx_hal.o(i.HAL_InitTick) for HAL_InitTick
    py32f0xx_hal_rcc.o(i.HAL_RCC_DeInit) refers to system_py32f0xx.o(.data) for SystemCoreClock
    py32f0xx_hal_rcc.o(i.HAL_RCC_DeInit) refers to py32f0xx_hal.o(.data) for uwTickPrio
    py32f0xx_hal_rcc.o(i.HAL_RCC_GetHCLKFreq) refers to system_py32f0xx.o(.data) for SystemCoreClock
    py32f0xx_hal_rcc.o(i.HAL_RCC_GetPCLK1Freq) refers to py32f0xx_hal_rcc.o(i.HAL_RCC_GetHCLKFreq) for HAL_RCC_GetHCLKFreq
    py32f0xx_hal_rcc.o(i.HAL_RCC_GetPCLK1Freq) refers to system_py32f0xx.o(.constdata) for APBPrescTable
    py32f0xx_hal_rcc.o(i.HAL_RCC_GetSysClockFreq) refers to memcpya.o(.text) for __aeabi_memcpy4
    py32f0xx_hal_rcc.o(i.HAL_RCC_GetSysClockFreq) refers to py32f0xx_hal_rcc.o(.constdata) for .constdata
    py32f0xx_hal_rcc.o(i.HAL_RCC_MCOConfig) refers to py32f0xx_hal_rcc.o(i.__ARM_common_switch8) for __ARM_common_switch8
    py32f0xx_hal_rcc.o(i.HAL_RCC_MCOConfig) refers to py32f0xx_hal_gpio.o(i.HAL_GPIO_Init) for HAL_GPIO_Init
    py32f0xx_hal_rcc.o(i.HAL_RCC_NMI_IRQHandler) refers to py32f0xx_hal_rcc.o(i.HAL_RCC_CSSCallback) for HAL_RCC_CSSCallback
    py32f0xx_hal_rcc.o(i.HAL_RCC_OscConfig) refers to py32f0xx_hal.o(i.HAL_GetTick) for HAL_GetTick
    py32f0xx_hal_rcc.o(i.HAL_RCC_OscConfig) refers to py32f0xx_hal_rcc.o(i.HAL_RCC_GetSysClockFreq) for HAL_RCC_GetSysClockFreq
    py32f0xx_hal_rcc.o(i.HAL_RCC_OscConfig) refers to py32f0xx_hal.o(i.HAL_InitTick) for HAL_InitTick
    py32f0xx_hal_rcc.o(i.HAL_RCC_OscConfig) refers to system_py32f0xx.o(.constdata) for AHBPrescTable
    py32f0xx_hal_rcc.o(i.HAL_RCC_OscConfig) refers to system_py32f0xx.o(.data) for SystemCoreClock
    py32f0xx_hal_rcc.o(i.HAL_RCC_OscConfig) refers to py32f0xx_hal.o(.data) for uwTickPrio
    py32f0xx_hal_gpio.o(i.HAL_GPIO_EXTI_IRQHandler) refers to py32f0xx_hal_gpio.o(i.HAL_GPIO_EXTI_Callback) for HAL_GPIO_EXTI_Callback
    py32f0xx_hal_i2c.o(i.HAL_I2C_DeInit) refers to py32f0xx_hal_i2c.o(i.HAL_I2C_MspDeInit) for HAL_I2C_MspDeInit
    py32f0xx_hal_i2c.o(i.HAL_I2C_ER_IRQHandler) refers to py32f0xx_hal_i2c.o(i.I2C_Slave_AF) for I2C_Slave_AF
    py32f0xx_hal_i2c.o(i.HAL_I2C_ER_IRQHandler) refers to py32f0xx_hal_i2c.o(i.I2C_ITError) for I2C_ITError
    py32f0xx_hal_i2c.o(i.HAL_I2C_EV_IRQHandler) refers to py32f0xx_hal_i2c.o(i.I2C_ConvertOtherXferOptions) for I2C_ConvertOtherXferOptions
    py32f0xx_hal_i2c.o(i.HAL_I2C_EV_IRQHandler) refers to py32f0xx_hal_i2c.o(i.I2C_Master_SB) for I2C_Master_SB
    py32f0xx_hal_i2c.o(i.HAL_I2C_EV_IRQHandler) refers to py32f0xx_hal_i2c.o(i.I2C_Master_ADD10) for I2C_Master_ADD10
    py32f0xx_hal_i2c.o(i.HAL_I2C_EV_IRQHandler) refers to py32f0xx_hal_i2c.o(i.I2C_Master_ADDR) for I2C_Master_ADDR
    py32f0xx_hal_i2c.o(i.HAL_I2C_EV_IRQHandler) refers to py32f0xx_hal_i2c.o(i.I2C_MasterTransmit_TXE) for I2C_MasterTransmit_TXE
    py32f0xx_hal_i2c.o(i.HAL_I2C_EV_IRQHandler) refers to py32f0xx_hal_i2c.o(i.I2C_MasterTransmit_BTF) for I2C_MasterTransmit_BTF
    py32f0xx_hal_i2c.o(i.HAL_I2C_EV_IRQHandler) refers to py32f0xx_hal_i2c.o(i.I2C_MasterReceive_RXNE) for I2C_MasterReceive_RXNE
    py32f0xx_hal_i2c.o(i.HAL_I2C_EV_IRQHandler) refers to py32f0xx_hal_i2c.o(i.I2C_MasterReceive_BTF) for I2C_MasterReceive_BTF
    py32f0xx_hal_i2c.o(i.HAL_I2C_EV_IRQHandler) refers to py32f0xx_hal_i2c.o(i.I2C_Slave_ADDR) for I2C_Slave_ADDR
    py32f0xx_hal_i2c.o(i.HAL_I2C_EV_IRQHandler) refers to py32f0xx_hal_i2c.o(i.I2C_Slave_STOPF) for I2C_Slave_STOPF
    py32f0xx_hal_i2c.o(i.HAL_I2C_EV_IRQHandler) refers to py32f0xx_hal_i2c.o(i.I2C_SlaveTransmit_TXE) for I2C_SlaveTransmit_TXE
    py32f0xx_hal_i2c.o(i.HAL_I2C_EV_IRQHandler) refers to py32f0xx_hal_i2c.o(i.I2C_SlaveTransmit_BTF) for I2C_SlaveTransmit_BTF
    py32f0xx_hal_i2c.o(i.HAL_I2C_EV_IRQHandler) refers to py32f0xx_hal_i2c.o(i.I2C_SlaveReceive_RXNE) for I2C_SlaveReceive_RXNE
    py32f0xx_hal_i2c.o(i.HAL_I2C_EV_IRQHandler) refers to py32f0xx_hal_i2c.o(i.I2C_SlaveReceive_BTF) for I2C_SlaveReceive_BTF
    py32f0xx_hal_i2c.o(i.HAL_I2C_IRQHandler) refers to py32f0xx_hal_i2c.o(i.I2C_ConvertOtherXferOptions) for I2C_ConvertOtherXferOptions
    py32f0xx_hal_i2c.o(i.HAL_I2C_IRQHandler) refers to py32f0xx_hal_i2c.o(i.I2C_Master_SB) for I2C_Master_SB
    py32f0xx_hal_i2c.o(i.HAL_I2C_IRQHandler) refers to py32f0xx_hal_i2c.o(i.I2C_Master_ADD10) for I2C_Master_ADD10
    py32f0xx_hal_i2c.o(i.HAL_I2C_IRQHandler) refers to py32f0xx_hal_i2c.o(i.I2C_Master_ADDR) for I2C_Master_ADDR
    py32f0xx_hal_i2c.o(i.HAL_I2C_IRQHandler) refers to py32f0xx_hal_i2c.o(i.I2C_MasterTransmit_TXE) for I2C_MasterTransmit_TXE
    py32f0xx_hal_i2c.o(i.HAL_I2C_IRQHandler) refers to py32f0xx_hal_i2c.o(i.I2C_MasterTransmit_BTF) for I2C_MasterTransmit_BTF
    py32f0xx_hal_i2c.o(i.HAL_I2C_IRQHandler) refers to py32f0xx_hal_i2c.o(i.I2C_MasterReceive_RXNE) for I2C_MasterReceive_RXNE
    py32f0xx_hal_i2c.o(i.HAL_I2C_IRQHandler) refers to py32f0xx_hal_i2c.o(i.I2C_MasterReceive_BTF) for I2C_MasterReceive_BTF
    py32f0xx_hal_i2c.o(i.HAL_I2C_IRQHandler) refers to py32f0xx_hal_i2c.o(i.I2C_Slave_ADDR) for I2C_Slave_ADDR
    py32f0xx_hal_i2c.o(i.HAL_I2C_IRQHandler) refers to py32f0xx_hal_i2c.o(i.I2C_Slave_STOPF) for I2C_Slave_STOPF
    py32f0xx_hal_i2c.o(i.HAL_I2C_IRQHandler) refers to py32f0xx_hal_i2c.o(i.I2C_SlaveTransmit_TXE) for I2C_SlaveTransmit_TXE
    py32f0xx_hal_i2c.o(i.HAL_I2C_IRQHandler) refers to py32f0xx_hal_i2c.o(i.I2C_SlaveTransmit_BTF) for I2C_SlaveTransmit_BTF
    py32f0xx_hal_i2c.o(i.HAL_I2C_IRQHandler) refers to py32f0xx_hal_i2c.o(i.I2C_SlaveReceive_RXNE) for I2C_SlaveReceive_RXNE
    py32f0xx_hal_i2c.o(i.HAL_I2C_IRQHandler) refers to py32f0xx_hal_i2c.o(i.I2C_SlaveReceive_BTF) for I2C_SlaveReceive_BTF
    py32f0xx_hal_i2c.o(i.HAL_I2C_IRQHandler) refers to py32f0xx_hal_i2c.o(i.I2C_Slave_AF) for I2C_Slave_AF
    py32f0xx_hal_i2c.o(i.HAL_I2C_IRQHandler) refers to py32f0xx_hal_i2c.o(i.I2C_ITError) for I2C_ITError
    py32f0xx_hal_i2c.o(i.HAL_I2C_Init) refers to py32f0xx_hal_msp.o(i.HAL_I2C_MspInit) for HAL_I2C_MspInit
    py32f0xx_hal_i2c.o(i.HAL_I2C_Init) refers to py32f0xx_hal_rcc.o(i.HAL_RCC_GetPCLK1Freq) for HAL_RCC_GetPCLK1Freq
    py32f0xx_hal_i2c.o(i.HAL_I2C_Init) refers to uidiv.o(.text) for __aeabi_uidivmod
    py32f0xx_hal_i2c.o(i.HAL_I2C_IsDeviceReady) refers to py32f0xx_hal.o(i.HAL_GetTick) for HAL_GetTick
    py32f0xx_hal_i2c.o(i.HAL_I2C_IsDeviceReady) refers to py32f0xx_hal_i2c.o(i.I2C_WaitOnFlagUntilTimeout) for I2C_WaitOnFlagUntilTimeout
    py32f0xx_hal_i2c.o(i.HAL_I2C_Master_Abort_IT) refers to py32f0xx_hal_i2c.o(i.I2C_ITError) for I2C_ITError
    py32f0xx_hal_i2c.o(i.HAL_I2C_Master_Receive) refers to py32f0xx_hal.o(i.HAL_GetTick) for HAL_GetTick
    py32f0xx_hal_i2c.o(i.HAL_I2C_Master_Receive) refers to py32f0xx_hal_i2c.o(i.I2C_WaitOnFlagUntilTimeout) for I2C_WaitOnFlagUntilTimeout
    py32f0xx_hal_i2c.o(i.HAL_I2C_Master_Receive) refers to py32f0xx_hal_i2c.o(i.I2C_MasterRequestRead) for I2C_MasterRequestRead
    py32f0xx_hal_i2c.o(i.HAL_I2C_Master_Receive) refers to py32f0xx_hal_i2c.o(i.I2C_WaitOnRXNEFlagUntilTimeout) for I2C_WaitOnRXNEFlagUntilTimeout
    py32f0xx_hal_i2c.o(i.HAL_I2C_Master_Receive_IT) refers to uidiv.o(.text) for __aeabi_uidivmod
    py32f0xx_hal_i2c.o(i.HAL_I2C_Master_Receive_IT) refers to system_py32f0xx.o(.data) for SystemCoreClock
    py32f0xx_hal_i2c.o(i.HAL_I2C_Master_Seq_Receive_IT) refers to uidiv.o(.text) for __aeabi_uidivmod
    py32f0xx_hal_i2c.o(i.HAL_I2C_Master_Seq_Receive_IT) refers to system_py32f0xx.o(.data) for SystemCoreClock
    py32f0xx_hal_i2c.o(i.HAL_I2C_Master_Seq_Transmit_IT) refers to uidiv.o(.text) for __aeabi_uidivmod
    py32f0xx_hal_i2c.o(i.HAL_I2C_Master_Seq_Transmit_IT) refers to system_py32f0xx.o(.data) for SystemCoreClock
    py32f0xx_hal_i2c.o(i.HAL_I2C_Master_Transmit) refers to py32f0xx_hal.o(i.HAL_GetTick) for HAL_GetTick
    py32f0xx_hal_i2c.o(i.HAL_I2C_Master_Transmit) refers to py32f0xx_hal_i2c.o(i.I2C_WaitOnFlagUntilTimeout) for I2C_WaitOnFlagUntilTimeout
    py32f0xx_hal_i2c.o(i.HAL_I2C_Master_Transmit) refers to py32f0xx_hal_i2c.o(i.I2C_MasterRequestWrite) for I2C_MasterRequestWrite
    py32f0xx_hal_i2c.o(i.HAL_I2C_Master_Transmit) refers to py32f0xx_hal_i2c.o(i.I2C_WaitOnTXEFlagUntilTimeout) for I2C_WaitOnTXEFlagUntilTimeout
    py32f0xx_hal_i2c.o(i.HAL_I2C_Master_Transmit) refers to py32f0xx_hal_i2c.o(i.I2C_WaitOnBTFFlagUntilTimeout) for I2C_WaitOnBTFFlagUntilTimeout
    py32f0xx_hal_i2c.o(i.HAL_I2C_Master_Transmit_IT) refers to uidiv.o(.text) for __aeabi_uidivmod
    py32f0xx_hal_i2c.o(i.HAL_I2C_Master_Transmit_IT) refers to system_py32f0xx.o(.data) for SystemCoreClock
    py32f0xx_hal_i2c.o(i.HAL_I2C_Mem_Read) refers to py32f0xx_hal.o(i.HAL_GetTick) for HAL_GetTick
    py32f0xx_hal_i2c.o(i.HAL_I2C_Mem_Read) refers to py32f0xx_hal_i2c.o(i.I2C_WaitOnFlagUntilTimeout) for I2C_WaitOnFlagUntilTimeout
    py32f0xx_hal_i2c.o(i.HAL_I2C_Mem_Read) refers to py32f0xx_hal_i2c.o(i.I2C_RequestMemoryRead) for I2C_RequestMemoryRead
    py32f0xx_hal_i2c.o(i.HAL_I2C_Mem_Read) refers to py32f0xx_hal_i2c.o(i.I2C_WaitOnRXNEFlagUntilTimeout) for I2C_WaitOnRXNEFlagUntilTimeout
    py32f0xx_hal_i2c.o(i.HAL_I2C_Mem_Read_IT) refers to uidiv.o(.text) for __aeabi_uidivmod
    py32f0xx_hal_i2c.o(i.HAL_I2C_Mem_Read_IT) refers to system_py32f0xx.o(.data) for SystemCoreClock
    py32f0xx_hal_i2c.o(i.HAL_I2C_Mem_Write) refers to py32f0xx_hal.o(i.HAL_GetTick) for HAL_GetTick
    py32f0xx_hal_i2c.o(i.HAL_I2C_Mem_Write) refers to py32f0xx_hal_i2c.o(i.I2C_WaitOnFlagUntilTimeout) for I2C_WaitOnFlagUntilTimeout
    py32f0xx_hal_i2c.o(i.HAL_I2C_Mem_Write) refers to py32f0xx_hal_i2c.o(i.I2C_RequestMemoryWrite) for I2C_RequestMemoryWrite
    py32f0xx_hal_i2c.o(i.HAL_I2C_Mem_Write) refers to py32f0xx_hal_i2c.o(i.I2C_WaitOnTXEFlagUntilTimeout) for I2C_WaitOnTXEFlagUntilTimeout
    py32f0xx_hal_i2c.o(i.HAL_I2C_Mem_Write) refers to py32f0xx_hal_i2c.o(i.I2C_WaitOnBTFFlagUntilTimeout) for I2C_WaitOnBTFFlagUntilTimeout
    py32f0xx_hal_i2c.o(i.HAL_I2C_Mem_Write_IT) refers to uidiv.o(.text) for __aeabi_uidivmod
    py32f0xx_hal_i2c.o(i.HAL_I2C_Mem_Write_IT) refers to system_py32f0xx.o(.data) for SystemCoreClock
    py32f0xx_hal_i2c.o(i.HAL_I2C_Slave_Receive) refers to py32f0xx_hal.o(i.HAL_GetTick) for HAL_GetTick
    py32f0xx_hal_i2c.o(i.HAL_I2C_Slave_Receive) refers to py32f0xx_hal_i2c.o(i.I2C_WaitOnFlagUntilTimeout) for I2C_WaitOnFlagUntilTimeout
    py32f0xx_hal_i2c.o(i.HAL_I2C_Slave_Receive) refers to py32f0xx_hal_i2c.o(i.I2C_WaitOnRXNEFlagUntilTimeout) for I2C_WaitOnRXNEFlagUntilTimeout
    py32f0xx_hal_i2c.o(i.HAL_I2C_Slave_Receive) refers to py32f0xx_hal_i2c.o(i.I2C_WaitOnSTOPFlagUntilTimeout) for I2C_WaitOnSTOPFlagUntilTimeout
    py32f0xx_hal_i2c.o(i.HAL_I2C_Slave_Transmit) refers to py32f0xx_hal.o(i.HAL_GetTick) for HAL_GetTick
    py32f0xx_hal_i2c.o(i.HAL_I2C_Slave_Transmit) refers to py32f0xx_hal_i2c.o(i.I2C_WaitOnFlagUntilTimeout) for I2C_WaitOnFlagUntilTimeout
    py32f0xx_hal_i2c.o(i.HAL_I2C_Slave_Transmit) refers to py32f0xx_hal_i2c.o(i.I2C_WaitOnTXEFlagUntilTimeout) for I2C_WaitOnTXEFlagUntilTimeout
    py32f0xx_hal_i2c.o(i.I2C_ITError) refers to py32f0xx_hal_i2c.o(i.HAL_I2C_AbortCpltCallback) for HAL_I2C_AbortCpltCallback
    py32f0xx_hal_i2c.o(i.I2C_ITError) refers to py32f0xx_hal_i2c.o(i.HAL_I2C_ErrorCallback) for HAL_I2C_ErrorCallback
    py32f0xx_hal_i2c.o(i.I2C_ITError) refers to py32f0xx_hal_i2c.o(i.HAL_I2C_ListenCpltCallback) for HAL_I2C_ListenCpltCallback
    py32f0xx_hal_i2c.o(i.I2C_MasterReceive_BTF) refers to py32f0xx_hal_i2c.o(i.HAL_I2C_MemRxCpltCallback) for HAL_I2C_MemRxCpltCallback
    py32f0xx_hal_i2c.o(i.I2C_MasterReceive_BTF) refers to py32f0xx_hal_i2c.o(i.HAL_I2C_MasterRxCpltCallback) for HAL_I2C_MasterRxCpltCallback
    py32f0xx_hal_i2c.o(i.I2C_MasterReceive_RXNE) refers to py32f0xx_hal_i2c.o(i.HAL_I2C_MemRxCpltCallback) for HAL_I2C_MemRxCpltCallback
    py32f0xx_hal_i2c.o(i.I2C_MasterReceive_RXNE) refers to py32f0xx_hal_i2c.o(i.HAL_I2C_MasterRxCpltCallback) for HAL_I2C_MasterRxCpltCallback
    py32f0xx_hal_i2c.o(i.I2C_MasterRequestRead) refers to py32f0xx_hal_i2c.o(i.I2C_WaitOnFlagUntilTimeout) for I2C_WaitOnFlagUntilTimeout
    py32f0xx_hal_i2c.o(i.I2C_MasterRequestRead) refers to py32f0xx_hal_i2c.o(i.I2C_WaitOnMasterAddressFlagUntilTimeout) for I2C_WaitOnMasterAddressFlagUntilTimeout
    py32f0xx_hal_i2c.o(i.I2C_MasterRequestWrite) refers to py32f0xx_hal_i2c.o(i.I2C_WaitOnFlagUntilTimeout) for I2C_WaitOnFlagUntilTimeout
    py32f0xx_hal_i2c.o(i.I2C_MasterRequestWrite) refers to py32f0xx_hal_i2c.o(i.I2C_WaitOnMasterAddressFlagUntilTimeout) for I2C_WaitOnMasterAddressFlagUntilTimeout
    py32f0xx_hal_i2c.o(i.I2C_MasterTransmit_BTF) refers to py32f0xx_hal_i2c.o(i.HAL_I2C_MasterTxCpltCallback) for HAL_I2C_MasterTxCpltCallback
    py32f0xx_hal_i2c.o(i.I2C_MasterTransmit_BTF) refers to py32f0xx_hal_i2c.o(i.HAL_I2C_MemTxCpltCallback) for HAL_I2C_MemTxCpltCallback
    py32f0xx_hal_i2c.o(i.I2C_MasterTransmit_TXE) refers to py32f0xx_hal_i2c.o(i.HAL_I2C_MasterTxCpltCallback) for HAL_I2C_MasterTxCpltCallback
    py32f0xx_hal_i2c.o(i.I2C_MasterTransmit_TXE) refers to py32f0xx_hal_i2c.o(i.HAL_I2C_MemTxCpltCallback) for HAL_I2C_MemTxCpltCallback
    py32f0xx_hal_i2c.o(i.I2C_RequestMemoryRead) refers to py32f0xx_hal_i2c.o(i.I2C_WaitOnFlagUntilTimeout) for I2C_WaitOnFlagUntilTimeout
    py32f0xx_hal_i2c.o(i.I2C_RequestMemoryRead) refers to py32f0xx_hal_i2c.o(i.I2C_WaitOnMasterAddressFlagUntilTimeout) for I2C_WaitOnMasterAddressFlagUntilTimeout
    py32f0xx_hal_i2c.o(i.I2C_RequestMemoryRead) refers to py32f0xx_hal_i2c.o(i.I2C_WaitOnTXEFlagUntilTimeout) for I2C_WaitOnTXEFlagUntilTimeout
    py32f0xx_hal_i2c.o(i.I2C_RequestMemoryWrite) refers to py32f0xx_hal_i2c.o(i.I2C_WaitOnFlagUntilTimeout) for I2C_WaitOnFlagUntilTimeout
    py32f0xx_hal_i2c.o(i.I2C_RequestMemoryWrite) refers to py32f0xx_hal_i2c.o(i.I2C_WaitOnMasterAddressFlagUntilTimeout) for I2C_WaitOnMasterAddressFlagUntilTimeout
    py32f0xx_hal_i2c.o(i.I2C_RequestMemoryWrite) refers to py32f0xx_hal_i2c.o(i.I2C_WaitOnTXEFlagUntilTimeout) for I2C_WaitOnTXEFlagUntilTimeout
    py32f0xx_hal_i2c.o(i.I2C_SlaveReceive_RXNE) refers to py32f0xx_hal_i2c.o(i.HAL_I2C_SlaveRxCpltCallback) for HAL_I2C_SlaveRxCpltCallback
    py32f0xx_hal_i2c.o(i.I2C_SlaveTransmit_TXE) refers to py32f0xx_hal_i2c.o(i.HAL_I2C_SlaveTxCpltCallback) for HAL_I2C_SlaveTxCpltCallback
    py32f0xx_hal_i2c.o(i.I2C_Slave_ADDR) refers to py32f0xx_hal_i2c.o(i.HAL_I2C_AddrCallback) for HAL_I2C_AddrCallback
    py32f0xx_hal_i2c.o(i.I2C_Slave_AF) refers to py32f0xx_hal_i2c.o(i.HAL_I2C_ListenCpltCallback) for HAL_I2C_ListenCpltCallback
    py32f0xx_hal_i2c.o(i.I2C_Slave_AF) refers to py32f0xx_hal_i2c.o(i.HAL_I2C_SlaveTxCpltCallback) for HAL_I2C_SlaveTxCpltCallback
    py32f0xx_hal_i2c.o(i.I2C_Slave_STOPF) refers to py32f0xx_hal_i2c.o(i.I2C_ITError) for I2C_ITError
    py32f0xx_hal_i2c.o(i.I2C_Slave_STOPF) refers to py32f0xx_hal_i2c.o(i.HAL_I2C_SlaveRxCpltCallback) for HAL_I2C_SlaveRxCpltCallback
    py32f0xx_hal_i2c.o(i.I2C_Slave_STOPF) refers to py32f0xx_hal_i2c.o(i.HAL_I2C_ListenCpltCallback) for HAL_I2C_ListenCpltCallback
    py32f0xx_hal_i2c.o(i.I2C_WaitOnBTFFlagUntilTimeout) refers to py32f0xx_hal_i2c.o(i.I2C_IsAcknowledgeFailed) for I2C_IsAcknowledgeFailed
    py32f0xx_hal_i2c.o(i.I2C_WaitOnBTFFlagUntilTimeout) refers to py32f0xx_hal.o(i.HAL_GetTick) for HAL_GetTick
    py32f0xx_hal_i2c.o(i.I2C_WaitOnFlagUntilTimeout) refers to py32f0xx_hal.o(i.HAL_GetTick) for HAL_GetTick
    py32f0xx_hal_i2c.o(i.I2C_WaitOnMasterAddressFlagUntilTimeout) refers to py32f0xx_hal.o(i.HAL_GetTick) for HAL_GetTick
    py32f0xx_hal_i2c.o(i.I2C_WaitOnRXNEFlagUntilTimeout) refers to py32f0xx_hal.o(i.HAL_GetTick) for HAL_GetTick
    py32f0xx_hal_i2c.o(i.I2C_WaitOnSTOPFlagUntilTimeout) refers to py32f0xx_hal_i2c.o(i.I2C_IsAcknowledgeFailed) for I2C_IsAcknowledgeFailed
    py32f0xx_hal_i2c.o(i.I2C_WaitOnSTOPFlagUntilTimeout) refers to py32f0xx_hal.o(i.HAL_GetTick) for HAL_GetTick
    py32f0xx_hal_i2c.o(i.I2C_WaitOnTXEFlagUntilTimeout) refers to py32f0xx_hal_i2c.o(i.I2C_IsAcknowledgeFailed) for I2C_IsAcknowledgeFailed
    py32f0xx_hal_i2c.o(i.I2C_WaitOnTXEFlagUntilTimeout) refers to py32f0xx_hal.o(i.HAL_GetTick) for HAL_GetTick
    py32f0xx_hal_uart.o(i.HAL_HalfDuplex_Init) refers to py32f0xx_hal_msp.o(i.HAL_UART_MspInit) for HAL_UART_MspInit
    py32f0xx_hal_uart.o(i.HAL_HalfDuplex_Init) refers to py32f0xx_hal_uart.o(i.UART_SetConfig) for UART_SetConfig
    py32f0xx_hal_uart.o(i.HAL_MultiProcessor_Init) refers to py32f0xx_hal_msp.o(i.HAL_UART_MspInit) for HAL_UART_MspInit
    py32f0xx_hal_uart.o(i.HAL_MultiProcessor_Init) refers to py32f0xx_hal_uart.o(i.UART_SetConfig) for UART_SetConfig
    py32f0xx_hal_uart.o(i.HAL_UART_AbortReceive_IT) refers to py32f0xx_hal_uart.o(i.HAL_UART_AbortReceiveCpltCallback) for HAL_UART_AbortReceiveCpltCallback
    py32f0xx_hal_uart.o(i.HAL_UART_AbortTransmit_IT) refers to py32f0xx_hal_uart.o(i.HAL_UART_AbortTransmitCpltCallback) for HAL_UART_AbortTransmitCpltCallback
    py32f0xx_hal_uart.o(i.HAL_UART_Abort_IT) refers to py32f0xx_hal_uart.o(i.HAL_UART_AbortCpltCallback) for HAL_UART_AbortCpltCallback
    py32f0xx_hal_uart.o(i.HAL_UART_DeInit) refers to py32f0xx_hal_uart.o(i.HAL_UART_MspDeInit) for HAL_UART_MspDeInit
    py32f0xx_hal_uart.o(i.HAL_UART_IRQHandler) refers to py32f0xx_hal_uart.o(i.UART_Receive_IT) for UART_Receive_IT
    py32f0xx_hal_uart.o(i.HAL_UART_IRQHandler) refers to py32f0xx_hal_uart.o(i.UART_EndRxTransfer) for UART_EndRxTransfer
    py32f0xx_hal_uart.o(i.HAL_UART_IRQHandler) refers to py32f0xx_hal_uart.o(i.HAL_UART_ErrorCallback) for HAL_UART_ErrorCallback
    py32f0xx_hal_uart.o(i.HAL_UART_IRQHandler) refers to py32f0xx_hal_uart.o(i.HAL_UART_IdleFrameDetectCpltCallback) for HAL_UART_IdleFrameDetectCpltCallback
    py32f0xx_hal_uart.o(i.HAL_UART_IRQHandler) refers to py32f0xx_hal_uart.o(i.UART_Transmit_IT) for UART_Transmit_IT
    py32f0xx_hal_uart.o(i.HAL_UART_IRQHandler) refers to py32f0xx_hal_uart.o(i.UART_EndTransmit_IT) for UART_EndTransmit_IT
    py32f0xx_hal_uart.o(i.HAL_UART_Init) refers to py32f0xx_hal_msp.o(i.HAL_UART_MspInit) for HAL_UART_MspInit
    py32f0xx_hal_uart.o(i.HAL_UART_Init) refers to py32f0xx_hal_uart.o(i.UART_SetConfig) for UART_SetConfig
    py32f0xx_hal_uart.o(i.HAL_UART_Init) refers to py32f0xx_hal_uart.o(i.UART_AdvFeatureConfig) for UART_AdvFeatureConfig
    py32f0xx_hal_uart.o(i.HAL_UART_Receive) refers to py32f0xx_hal.o(i.HAL_GetTick) for HAL_GetTick
    py32f0xx_hal_uart.o(i.HAL_UART_Receive) refers to py32f0xx_hal_uart.o(i.UART_WaitOnFlagUntilTimeout) for UART_WaitOnFlagUntilTimeout
    py32f0xx_hal_uart.o(i.HAL_UART_Transmit) refers to py32f0xx_hal.o(i.HAL_GetTick) for HAL_GetTick
    py32f0xx_hal_uart.o(i.HAL_UART_Transmit) refers to py32f0xx_hal_uart.o(i.UART_WaitOnFlagUntilTimeout) for UART_WaitOnFlagUntilTimeout
    py32f0xx_hal_uart.o(i.UART_EndTransmit_IT) refers to py32f0xx_hal_uart.o(i.HAL_UART_TxCpltCallback) for HAL_UART_TxCpltCallback
    py32f0xx_hal_uart.o(i.UART_Receive_IT) refers to py32f0xx_hal_uart.o(i.HAL_UART_RxCpltCallback) for HAL_UART_RxCpltCallback
    py32f0xx_hal_uart.o(i.UART_SetConfig) refers to py32f0xx_hal_rcc.o(i.HAL_RCC_GetPCLK1Freq) for HAL_RCC_GetPCLK1Freq
    py32f0xx_hal_uart.o(i.UART_SetConfig) refers to uidiv.o(.text) for __aeabi_uidivmod
    py32f0xx_hal_uart.o(i.UART_WaitOnFlagUntilTimeout) refers to py32f0xx_hal.o(i.HAL_GetTick) for HAL_GetTick
    py32f0xx_hal_cortex.o(i.HAL_NVIC_SetPriority) refers to py32f0xx_hal_cortex.o(i.NVIC_SetPriority) for NVIC_SetPriority
    py32f0xx_hal_cortex.o(i.HAL_SYSTICK_Config) refers to py32f0xx_hal_cortex.o(i.NVIC_SetPriority) for NVIC_SetPriority
    py32f0xx_hal_cortex.o(i.HAL_SYSTICK_IRQHandler) refers to py32f0xx_hal_cortex.o(i.HAL_SYSTICK_Callback) for HAL_SYSTICK_Callback
    entry.o(.ARM.Collect$$$$00000000) refers (Special) to entry10a.o(.ARM.Collect$$$$0000000F) for __rt_final_cpp
    entry.o(.ARM.Collect$$$$00000000) refers (Special) to entry11a.o(.ARM.Collect$$$$00000011) for __rt_final_exit
    entry.o(.ARM.Collect$$$$00000000) refers (Special) to entry12b.o(.ARM.Collect$$$$0000000E) for __rt_lib_shutdown_fini
    entry.o(.ARM.Collect$$$$00000000) refers (Special) to entry7b.o(.ARM.Collect$$$$00000008) for _main_clock
    entry.o(.ARM.Collect$$$$00000000) refers (Special) to entry8b.o(.ARM.Collect$$$$0000000A) for _main_cpp_init
    entry.o(.ARM.Collect$$$$00000000) refers (Special) to entry9a.o(.ARM.Collect$$$$0000000B) for _main_init
    entry.o(.ARM.Collect$$$$00000000) refers (Special) to entry5.o(.ARM.Collect$$$$00000004) for _main_scatterload
    entry.o(.ARM.Collect$$$$00000000) refers (Special) to entry2.o(.ARM.Collect$$$$00000001) for _main_stk
    idiv.o(.text) refers to uidiv.o(.text) for __aeabi_uidivmod
    entry2.o(.ARM.Collect$$$$00000001) refers to entry2.o(.ARM.Collect$$$$00002712) for __lit__00000000
    entry2.o(.ARM.Collect$$$$00002712) refers to startup_py32f002xx.o(STACK) for __initial_sp
    entry2.o(__vectab_stack_and_reset_area) refers to startup_py32f002xx.o(STACK) for __initial_sp
    entry2.o(__vectab_stack_and_reset_area) refers to entry.o(.ARM.Collect$$$$00000000) for __main
    entry5.o(.ARM.Collect$$$$00000004) refers to init.o(.text) for __scatterload
    entry9a.o(.ARM.Collect$$$$0000000B) refers to system_py32f0xx.o(i.$Sub$$main) for main
    entry9b.o(.ARM.Collect$$$$0000000C) refers to system_py32f0xx.o(i.$Sub$$main) for main
    init.o(.text) refers to entry5.o(.ARM.Collect$$$$00000004) for __main_after_scatterload


==============================================================================

Removing Unused input sections from the image.

    Removing system_py32f0xx.o(.rev16_text), (4 bytes).
    Removing system_py32f0xx.o(.revsh_text), (4 bytes).
    Removing system_py32f0xx.o(i.SystemCoreClockUpdate), (120 bytes).
    Removing startup_py32f002xx.o(HEAP), (0 bytes).
    Removing main.o(.rev16_text), (4 bytes).
    Removing main.o(.revsh_text), (4 bytes).
    Removing main.o(i.APP_I2C1_Init), (80 bytes).
    Removing main.o(i.APP_KeyInit), (112 bytes).
    Removing main.o(i.APP_KeyIsPressed), (24 bytes).
    Removing main.o(i.APP_KeyShortPressed), (80 bytes).
    Removing main.o(i.APP_PrintSensorData), (120 bytes).
    Removing main.o(i.APP_RefreshSensor), (88 bytes).
    Removing main.o(i.APP_UpdateLcd), (60 bytes).
    Removing main.o(i.UART_PrintHexByte), (44 bytes).
    Removing main.o(i.UART_PrintSignedFixed2), (80 bytes).
    Removing main.o(i.UART_PrintUnsigned), (92 bytes).
    Removing main.o(.constdata), (17 bytes).
    Removing main.o(.data), (8 bytes).
    Removing ht1621.o(.rev16_text), (4 bytes).
    Removing ht1621.o(.revsh_text), (4 bytes).
    Removing ht1621.o(i.HT1621_AddressScanTest), (76 bytes).
    Removing ht1621.o(i.HT1621_Print), (44 bytes).
    Removing ht1621.o(i.HT1621_PrintHexByte), (44 bytes).
    Removing ht1621.o(.constdata), (17 bytes).
    Removing lcd_qyt12429.o(.rev16_text), (4 bytes).
    Removing lcd_qyt12429.o(.revsh_text), (4 bytes).
    Removing lcd_qyt12429.o(i.LCD_QYT12429_SetBatteryIcon), (78 bytes).
    Removing lcd_qyt12429.o(i.LCD_QYT12429_SetIcon), (40 bytes).
    Removing lcd_qyt12429.o(i.LCD_QYT12429_SetSignalIcon), (78 bytes).
    Removing sht45.o(.rev16_text), (4 bytes).
    Removing sht45.o(.revsh_text), (4 bytes).
    Removing sht45.o(i.SHT45_CalcCrc), (60 bytes).
    Removing sht45.o(i.SHT45_CheckCrc), (28 bytes).
    Removing sht45.o(i.SHT45_Init), (12 bytes).
    Removing sht45.o(i.SHT45_ReadTempHumi), (236 bytes).
    Removing sht45.o(.data), (4 bytes).
    Removing py32f0xx_hal_msp.o(.rev16_text), (4 bytes).
    Removing py32f0xx_hal_msp.o(.revsh_text), (4 bytes).
    Removing py32f0xx_hal_msp.o(i.HAL_I2C_MspInit), (184 bytes).
    Removing py32f0xx_it.o(.rev16_text), (4 bytes).
    Removing py32f0xx_it.o(.revsh_text), (4 bytes).
    Removing py32f002xx_start_kit.o(.rev16_text), (4 bytes).
    Removing py32f002xx_start_kit.o(.revsh_text), (4 bytes).
    Removing py32f002xx_start_kit.o(i.BSP_GetVersion), (6 bytes).
    Removing py32f002xx_start_kit.o(i.BSP_LED_DeInit), (56 bytes).
    Removing py32f002xx_start_kit.o(i.BSP_LED_Off), (32 bytes).
    Removing py32f002xx_start_kit.o(i.BSP_LED_On), (32 bytes).
    Removing py32f002xx_start_kit.o(i.BSP_LED_Toggle), (32 bytes).
    Removing py32f002xx_start_kit.o(i.BSP_PB_DeInit), (52 bytes).
    Removing py32f002xx_start_kit.o(i.BSP_PB_GetState), (40 bytes).
    Removing py32f002xx_start_kit.o(i.BSP_PB_Init), (148 bytes).
    Removing py32f002xx_start_kit.o(i.BSP_USART_Config), (228 bytes).
    Removing py32f002xx_start_kit.o(i.fgetc), (28 bytes).
    Removing py32f002xx_start_kit.o(i.fputc), (28 bytes).
    Removing py32f002xx_start_kit.o(.bss), (68 bytes).
    Removing py32f0xx_hal.o(.rev16_text), (4 bytes).
    Removing py32f0xx_hal.o(.revsh_text), (4 bytes).
    Removing py32f0xx_hal.o(i.HAL_DBGMCU_DisableDBGMCUStopMode), (20 bytes).
    Removing py32f0xx_hal.o(i.HAL_DBGMCU_EnableDBGMCUStopMode), (20 bytes).
    Removing py32f0xx_hal.o(i.HAL_DeInit), (52 bytes).
    Removing py32f0xx_hal.o(i.HAL_GetDEVID), (16 bytes).
    Removing py32f0xx_hal.o(i.HAL_GetHalVersion), (8 bytes).
    Removing py32f0xx_hal.o(i.HAL_GetREVID), (12 bytes).
    Removing py32f0xx_hal.o(i.HAL_GetTickFreq), (12 bytes).
    Removing py32f0xx_hal.o(i.HAL_GetTickPrio), (12 bytes).
    Removing py32f0xx_hal.o(i.HAL_GetUIDw0), (12 bytes).
    Removing py32f0xx_hal.o(i.HAL_GetUIDw1), (12 bytes).
    Removing py32f0xx_hal.o(i.HAL_GetUIDw2), (12 bytes).
    Removing py32f0xx_hal.o(i.HAL_MspDeInit), (2 bytes).
    Removing py32f0xx_hal.o(i.HAL_MspInit), (2 bytes).
    Removing py32f0xx_hal.o(i.HAL_ResumeTick), (20 bytes).
    Removing py32f0xx_hal.o(i.HAL_SetTickFreq), (44 bytes).
    Removing py32f0xx_hal.o(i.HAL_SuspendTick), (20 bytes).
    Removing py32f0xx_hal_rcc.o(.rev16_text), (4 bytes).
    Removing py32f0xx_hal_rcc.o(.revsh_text), (4 bytes).
    Removing py32f0xx_hal_rcc.o(i.HAL_RCC_CSSCallback), (2 bytes).
    Removing py32f0xx_hal_rcc.o(i.HAL_RCC_ClockConfig), (420 bytes).
    Removing py32f0xx_hal_rcc.o(i.HAL_RCC_DeInit), (192 bytes).
    Removing py32f0xx_hal_rcc.o(i.HAL_RCC_EnableCSS), (20 bytes).
    Removing py32f0xx_hal_rcc.o(i.HAL_RCC_GetClockConfig), (60 bytes).
    Removing py32f0xx_hal_rcc.o(i.HAL_RCC_GetOscConfig), (120 bytes).
    Removing py32f0xx_hal_rcc.o(i.HAL_RCC_GetSysClockFreq), (104 bytes).
    Removing py32f0xx_hal_rcc.o(i.HAL_RCC_MCOConfig), (408 bytes).
    Removing py32f0xx_hal_rcc.o(i.HAL_RCC_NMI_IRQHandler), (32 bytes).
    Removing py32f0xx_hal_rcc.o(i.HAL_RCC_OscConfig), (788 bytes).
    Removing py32f0xx_hal_rcc.o(.constdata), (20 bytes).
    Removing py32f0xx_hal_gpio.o(.rev16_text), (4 bytes).
    Removing py32f0xx_hal_gpio.o(.revsh_text), (4 bytes).
    Removing py32f0xx_hal_gpio.o(i.HAL_GPIO_DeInit), (244 bytes).
    Removing py32f0xx_hal_gpio.o(i.HAL_GPIO_EXTI_Callback), (2 bytes).
    Removing py32f0xx_hal_gpio.o(i.HAL_GPIO_EXTI_IRQHandler), (32 bytes).
    Removing py32f0xx_hal_gpio.o(i.HAL_GPIO_LockPin), (50 bytes).
    Removing py32f0xx_hal_gpio.o(i.HAL_GPIO_ReadPin), (18 bytes).
    Removing py32f0xx_hal_gpio.o(i.HAL_GPIO_TogglePin), (16 bytes).
    Removing py32f0xx_hal_i2c.o(.rev16_text), (4 bytes).
    Removing py32f0xx_hal_i2c.o(.revsh_text), (4 bytes).
    Removing py32f0xx_hal_i2c.o(i.HAL_I2C_AbortCpltCallback), (2 bytes).
    Removing py32f0xx_hal_i2c.o(i.HAL_I2C_AddrCallback), (2 bytes).
    Removing py32f0xx_hal_i2c.o(i.HAL_I2C_DeInit), (66 bytes).
    Removing py32f0xx_hal_i2c.o(i.HAL_I2C_DisableListen_IT), (74 bytes).
    Removing py32f0xx_hal_i2c.o(i.HAL_I2C_ER_IRQHandler), (288 bytes).
    Removing py32f0xx_hal_i2c.o(i.HAL_I2C_EV_IRQHandler), (576 bytes).
    Removing py32f0xx_hal_i2c.o(i.HAL_I2C_EnableListen_IT), (76 bytes).
    Removing py32f0xx_hal_i2c.o(i.HAL_I2C_ErrorCallback), (2 bytes).
    Removing py32f0xx_hal_i2c.o(i.HAL_I2C_GetError), (6 bytes).
    Removing py32f0xx_hal_i2c.o(i.HAL_I2C_GetMode), (8 bytes).
    Removing py32f0xx_hal_i2c.o(i.HAL_I2C_GetState), (8 bytes).
    Removing py32f0xx_hal_i2c.o(i.HAL_I2C_IRQHandler), (920 bytes).
    Removing py32f0xx_hal_i2c.o(i.HAL_I2C_Init), (436 bytes).
    Removing py32f0xx_hal_i2c.o(i.HAL_I2C_IsDeviceReady), (464 bytes).
    Removing py32f0xx_hal_i2c.o(i.HAL_I2C_ListenCpltCallback), (2 bytes).
    Removing py32f0xx_hal_i2c.o(i.HAL_I2C_MasterRxCpltCallback), (2 bytes).
    Removing py32f0xx_hal_i2c.o(i.HAL_I2C_MasterTxCpltCallback), (2 bytes).
    Removing py32f0xx_hal_i2c.o(i.HAL_I2C_Master_Abort_IT), (116 bytes).
    Removing py32f0xx_hal_i2c.o(i.HAL_I2C_Master_Receive), (808 bytes).
    Removing py32f0xx_hal_i2c.o(i.HAL_I2C_Master_Receive_IT), (268 bytes).
    Removing py32f0xx_hal_i2c.o(i.HAL_I2C_Master_Seq_Receive_IT), (392 bytes).
    Removing py32f0xx_hal_i2c.o(i.HAL_I2C_Master_Seq_Transmit_IT), (300 bytes).
    Removing py32f0xx_hal_i2c.o(i.HAL_I2C_Master_Transmit), (384 bytes).
    Removing py32f0xx_hal_i2c.o(i.HAL_I2C_Master_Transmit_IT), (252 bytes).
    Removing py32f0xx_hal_i2c.o(i.HAL_I2C_MemRxCpltCallback), (2 bytes).
    Removing py32f0xx_hal_i2c.o(i.HAL_I2C_MemTxCpltCallback), (2 bytes).
    Removing py32f0xx_hal_i2c.o(i.HAL_I2C_Mem_Read), (816 bytes).
    Removing py32f0xx_hal_i2c.o(i.HAL_I2C_Mem_Read_IT), (284 bytes).
    Removing py32f0xx_hal_i2c.o(i.HAL_I2C_Mem_Write), (372 bytes).
    Removing py32f0xx_hal_i2c.o(i.HAL_I2C_Mem_Write_IT), (264 bytes).
    Removing py32f0xx_hal_i2c.o(i.HAL_I2C_MspDeInit), (2 bytes).
    Removing py32f0xx_hal_i2c.o(i.HAL_I2C_MspInit), (2 bytes).
    Removing py32f0xx_hal_i2c.o(i.HAL_I2C_SlaveRxCpltCallback), (2 bytes).
    Removing py32f0xx_hal_i2c.o(i.HAL_I2C_SlaveTxCpltCallback), (2 bytes).
    Removing py32f0xx_hal_i2c.o(i.HAL_I2C_Slave_Receive), (404 bytes).
    Removing py32f0xx_hal_i2c.o(i.HAL_I2C_Slave_Receive_IT), (156 bytes).
    Removing py32f0xx_hal_i2c.o(i.HAL_I2C_Slave_Seq_Receive_IT), (164 bytes).
    Removing py32f0xx_hal_i2c.o(i.HAL_I2C_Slave_Seq_Transmit_IT), (162 bytes).
    Removing py32f0xx_hal_i2c.o(i.HAL_I2C_Slave_Transmit), (380 bytes).
    Removing py32f0xx_hal_i2c.o(i.HAL_I2C_Slave_Transmit_IT), (156 bytes).
    Removing py32f0xx_hal_i2c.o(i.I2C_ConvertOtherXferOptions), (32 bytes).
    Removing py32f0xx_hal_i2c.o(i.I2C_ITError), (240 bytes).
    Removing py32f0xx_hal_i2c.o(i.I2C_IsAcknowledgeFailed), (66 bytes).
    Removing py32f0xx_hal_i2c.o(i.I2C_MasterReceive_BTF), (310 bytes).
    Removing py32f0xx_hal_i2c.o(i.I2C_MasterReceive_RXNE), (174 bytes).
    Removing py32f0xx_hal_i2c.o(i.I2C_MasterRequestRead), (144 bytes).
    Removing py32f0xx_hal_i2c.o(i.I2C_MasterRequestWrite), (128 bytes).
    Removing py32f0xx_hal_i2c.o(i.I2C_MasterTransmit_BTF), (172 bytes).
    Removing py32f0xx_hal_i2c.o(i.I2C_MasterTransmit_TXE), (352 bytes).
    Removing py32f0xx_hal_i2c.o(i.I2C_Master_ADD10), (10 bytes).
    Removing py32f0xx_hal_i2c.o(i.I2C_Master_ADDR), (468 bytes).
    Removing py32f0xx_hal_i2c.o(i.I2C_Master_SB), (74 bytes).
    Removing py32f0xx_hal_i2c.o(i.I2C_RequestMemoryRead), (340 bytes).
    Removing py32f0xx_hal_i2c.o(i.I2C_RequestMemoryWrite), (244 bytes).
    Removing py32f0xx_hal_i2c.o(i.I2C_SlaveReceive_BTF), (28 bytes).
    Removing py32f0xx_hal_i2c.o(i.I2C_SlaveReceive_RXNE), (76 bytes).
    Removing py32f0xx_hal_i2c.o(i.I2C_SlaveTransmit_BTF), (28 bytes).
    Removing py32f0xx_hal_i2c.o(i.I2C_SlaveTransmit_TXE), (76 bytes).
    Removing py32f0xx_hal_i2c.o(i.I2C_Slave_ADDR), (90 bytes).
    Removing py32f0xx_hal_i2c.o(i.I2C_Slave_AF), (168 bytes).
    Removing py32f0xx_hal_i2c.o(i.I2C_Slave_STOPF), (260 bytes).
    Removing py32f0xx_hal_i2c.o(i.I2C_WaitOnBTFFlagUntilTimeout), (100 bytes).
    Removing py32f0xx_hal_i2c.o(i.I2C_WaitOnFlagUntilTimeout), (130 bytes).
    Removing py32f0xx_hal_i2c.o(i.I2C_WaitOnMasterAddressFlagUntilTimeout), (204 bytes).
    Removing py32f0xx_hal_i2c.o(i.I2C_WaitOnRXNEFlagUntilTimeout), (132 bytes).
    Removing py32f0xx_hal_i2c.o(i.I2C_WaitOnSTOPFlagUntilTimeout), (94 bytes).
    Removing py32f0xx_hal_i2c.o(i.I2C_WaitOnTXEFlagUntilTimeout), (100 bytes).
    Removing py32f0xx_hal_pwr.o(.rev16_text), (4 bytes).
    Removing py32f0xx_hal_pwr.o(.revsh_text), (4 bytes).
    Removing py32f0xx_hal_pwr.o(i.HAL_PWR_ConfigBIAS), (60 bytes).
    Removing py32f0xx_hal_pwr.o(i.HAL_PWR_ConfigStopMode), (48 bytes).
    Removing py32f0xx_hal_pwr.o(i.HAL_PWR_DeInit), (32 bytes).
    Removing py32f0xx_hal_pwr.o(i.HAL_PWR_DisableBkUpAccess), (20 bytes).
    Removing py32f0xx_hal_pwr.o(i.HAL_PWR_DisableSEVOnPend), (20 bytes).
    Removing py32f0xx_hal_pwr.o(i.HAL_PWR_DisableSleepOnExit), (20 bytes).
    Removing py32f0xx_hal_pwr.o(i.HAL_PWR_EnableBkUpAccess), (20 bytes).
    Removing py32f0xx_hal_pwr.o(i.HAL_PWR_EnableSEVOnPend), (20 bytes).
    Removing py32f0xx_hal_pwr.o(i.HAL_PWR_EnableSleepOnExit), (20 bytes).
    Removing py32f0xx_hal_pwr.o(i.HAL_PWR_EnterSLEEPMode), (32 bytes).
    Removing py32f0xx_hal_pwr.o(i.HAL_PWR_EnterSTOPMode), (84 bytes).
    Removing py32f0xx_hal_uart.o(.rev16_text), (4 bytes).
    Removing py32f0xx_hal_uart.o(.revsh_text), (4 bytes).
    Removing py32f0xx_hal_uart.o(i.HAL_HalfDuplex_EnableReceiver), (72 bytes).
    Removing py32f0xx_hal_uart.o(i.HAL_HalfDuplex_EnableTransmitter), (72 bytes).
    Removing py32f0xx_hal_uart.o(i.HAL_HalfDuplex_Init), (116 bytes).
    Removing py32f0xx_hal_uart.o(i.HAL_MultiProcessor_EnterMuteMode), (62 bytes).
    Removing py32f0xx_hal_uart.o(i.HAL_MultiProcessor_ExitMuteMode), (62 bytes).
    Removing py32f0xx_hal_uart.o(i.HAL_MultiProcessor_Init), (166 bytes).
    Removing py32f0xx_hal_uart.o(i.HAL_UART_Abort), (50 bytes).
    Removing py32f0xx_hal_uart.o(i.HAL_UART_AbortCpltCallback), (2 bytes).
    Removing py32f0xx_hal_uart.o(i.HAL_UART_AbortReceive), (42 bytes).
    Removing py32f0xx_hal_uart.o(i.HAL_UART_AbortReceiveCpltCallback), (2 bytes).
    Removing py32f0xx_hal_uart.o(i.HAL_UART_AbortReceive_IT), (50 bytes).
    Removing py32f0xx_hal_uart.o(i.HAL_UART_AbortTransmit), (28 bytes).
    Removing py32f0xx_hal_uart.o(i.HAL_UART_AbortTransmitCpltCallback), (2 bytes).
    Removing py32f0xx_hal_uart.o(i.HAL_UART_AbortTransmit_IT), (36 bytes).
    Removing py32f0xx_hal_uart.o(i.HAL_UART_Abort_IT), (62 bytes).
    Removing py32f0xx_hal_uart.o(i.HAL_UART_DeInit), (64 bytes).
    Removing py32f0xx_hal_uart.o(i.HAL_UART_GetError), (6 bytes).
    Removing py32f0xx_hal_uart.o(i.HAL_UART_GetState), (20 bytes).
    Removing py32f0xx_hal_uart.o(i.HAL_UART_MspDeInit), (2 bytes).
    Removing py32f0xx_hal_uart.o(i.HAL_UART_MspInit), (2 bytes).
    Removing py32f0xx_hal_uart.o(i.HAL_UART_Receive), (228 bytes).
    Removing py32f0xx_hal_uart.o(i.HAL_UART_Receive_IT), (118 bytes).
    Removing py32f0xx_hal_uart.o(i.HAL_UART_RxHalfCpltCallback), (2 bytes).
    Removing py32f0xx_hal_uart.o(i.HAL_UART_SendBreak), (62 bytes).
    Removing py32f0xx_hal_uart.o(i.HAL_UART_Transmit_IT), (92 bytes).
    Removing py32f0xx_hal_uart.o(i.HAL_UART_TxHalfCpltCallback), (2 bytes).
    Removing py32f0xx_hal_cortex.o(.rev16_text), (4 bytes).
    Removing py32f0xx_hal_cortex.o(.revsh_text), (4 bytes).
    Removing py32f0xx_hal_cortex.o(i.HAL_NVIC_ClearPendingIRQ), (24 bytes).
    Removing py32f0xx_hal_cortex.o(i.HAL_NVIC_DisableIRQ), (24 bytes).
    Removing py32f0xx_hal_cortex.o(i.HAL_NVIC_EnableIRQ), (24 bytes).
    Removing py32f0xx_hal_cortex.o(i.HAL_NVIC_GetPendingIRQ), (40 bytes).
    Removing py32f0xx_hal_cortex.o(i.HAL_NVIC_GetPriority), (72 bytes).
    Removing py32f0xx_hal_cortex.o(i.HAL_NVIC_SetPendingIRQ), (24 bytes).
    Removing py32f0xx_hal_cortex.o(i.HAL_NVIC_SystemReset), (56 bytes).
    Removing py32f0xx_hal_cortex.o(i.HAL_SYSTICK_CLKSourceConfig), (36 bytes).
    Removing py32f0xx_hal_cortex.o(i.HAL_SYSTICK_Callback), (2 bytes).
    Removing py32f0xx_hal_cortex.o(i.HAL_SYSTICK_IRQHandler), (8 bytes).
    Removing py32f0xx_hal_usart.o(.rev16_text), (4 bytes).
    Removing py32f0xx_hal_usart.o(.revsh_text), (4 bytes).
    Removing py32f0xx_hal_rcc.o(i.__ARM_common_switch8), (28 bytes).

219 unused section(s) (total 20508 bytes) removed from the image.

==============================================================================

Image Symbol Table

    Local Symbols

    Symbol Name                              Value     Ov Type        Size  Object(Section)

    ../clib/microlib/division.c              0x00000000   Number         0  uidiv.o ABSOLUTE
    ../clib/microlib/division.c              0x00000000   Number         0  idiv.o ABSOLUTE
    ../clib/microlib/init/entry.s            0x00000000   Number         0  entry11a.o ABSOLUTE
    ../clib/microlib/init/entry.s            0x00000000   Number         0  entry10a.o ABSOLUTE
    ../clib/microlib/init/entry.s            0x00000000   Number         0  entry2.o ABSOLUTE
    ../clib/microlib/init/entry.s            0x00000000   Number         0  entry5.o ABSOLUTE
    ../clib/microlib/init/entry.s            0x00000000   Number         0  entry10b.o ABSOLUTE
    ../clib/microlib/init/entry.s            0x00000000   Number         0  entry7a.o ABSOLUTE
    ../clib/microlib/init/entry.s            0x00000000   Number         0  entry.o ABSOLUTE
    ../clib/microlib/init/entry.s            0x00000000   Number         0  entry8b.o ABSOLUTE
    ../clib/microlib/init/entry.s            0x00000000   Number         0  entry8a.o ABSOLUTE
    ../clib/microlib/init/entry.s            0x00000000   Number         0  entry12b.o ABSOLUTE
    ../clib/microlib/init/entry.s            0x00000000   Number         0  entry12a.o ABSOLUTE
    ../clib/microlib/init/entry.s            0x00000000   Number         0  entry11b.o ABSOLUTE
    ../clib/microlib/init/entry.s            0x00000000   Number         0  entry7b.o ABSOLUTE
    ../clib/microlib/init/entry.s            0x00000000   Number         0  entry9b.o ABSOLUTE
    ../clib/microlib/init/entry.s            0x00000000   Number         0  entry9a.o ABSOLUTE
    ../clib/microlib/string/memcpy.c         0x00000000   Number         0  memcpya.o ABSOLUTE
    ../clib/microlib/string/memcpy.c         0x00000000   Number         0  memcpyb.o ABSOLUTE
    ../clib/microlib/string/memset.c         0x00000000   Number         0  memseta.o ABSOLUTE
    ..\..\..\..\..\..\Drivers\BSP\PY32F002xx_Start_Kit\py32f002xx_Start_Kit.c 0x00000000   Number         0  py32f002xx_start_kit.o ABSOLUTE
    ..\..\..\..\..\..\Drivers\PY32F0xx_HAL_Driver\Src\py32f0xx_hal.c 0x00000000   Number         0  py32f0xx_hal.o ABSOLUTE
    ..\..\..\..\..\..\Drivers\PY32F0xx_HAL_Driver\Src\py32f0xx_hal_i2c.c 0x00000000   Number         0  py32f0xx_hal_i2c.o ABSOLUTE
    ..\..\..\..\..\..\Drivers\PY32F0xx_HAL_Driver\Src\py32f0xx_hal_usart.c 0x00000000   Number         0  py32f0xx_hal_usart.o ABSOLUTE
    ..\..\..\..\..\..\drivers\PY32F0xx_HAL_Driver\src\py32f0xx_hal_cortex.c 0x00000000   Number         0  py32f0xx_hal_cortex.o ABSOLUTE
    ..\..\..\..\..\..\drivers\PY32F0xx_HAL_Driver\src\py32f0xx_hal_gpio.c 0x00000000   Number         0  py32f0xx_hal_gpio.o ABSOLUTE
    ..\..\..\..\..\..\drivers\PY32F0xx_HAL_Driver\src\py32f0xx_hal_pwr.c 0x00000000   Number         0  py32f0xx_hal_pwr.o ABSOLUTE
    ..\..\..\..\..\..\drivers\PY32F0xx_HAL_Driver\src\py32f0xx_hal_rcc.c 0x00000000   Number         0  py32f0xx_hal_rcc.o ABSOLUTE
    ..\..\..\..\..\..\drivers\PY32F0xx_HAL_Driver\src\py32f0xx_hal_uart.c 0x00000000   Number         0  py32f0xx_hal_uart.o ABSOLUTE
    ..\Src\ht1621.c                          0x00000000   Number         0  ht1621.o ABSOLUTE
    ..\Src\lcd_qyt12429.c                    0x00000000   Number         0  lcd_qyt12429.o ABSOLUTE
    ..\Src\main.c                            0x00000000   Number         0  main.o ABSOLUTE
    ..\Src\py32f0xx_hal_msp.c                0x00000000   Number         0  py32f0xx_hal_msp.o ABSOLUTE
    ..\Src\py32f0xx_it.c                     0x00000000   Number         0  py32f0xx_it.o ABSOLUTE
    ..\Src\sht45.c                           0x00000000   Number         0  sht45.o ABSOLUTE
    ..\Src\system_py32f0xx.c                 0x00000000   Number         0  system_py32f0xx.o ABSOLUTE
    ..\\..\\..\\..\\..\\..\\Drivers\\BSP\\PY32F002xx_Start_Kit\\py32f002xx_Start_Kit.c 0x00000000   Number         0  py32f002xx_start_kit.o ABSOLUTE
    ..\\..\\..\\..\\..\\..\\Drivers\\PY32F0xx_HAL_Driver\\Src\\py32f0xx_hal.c 0x00000000   Number         0  py32f0xx_hal.o ABSOLUTE
    ..\\..\\..\\..\\..\\..\\Drivers\\PY32F0xx_HAL_Driver\\Src\\py32f0xx_hal_i2c.c 0x00000000   Number         0  py32f0xx_hal_i2c.o ABSOLUTE
    ..\\..\\..\\..\\..\\..\\Drivers\\PY32F0xx_HAL_Driver\\Src\\py32f0xx_hal_usart.c 0x00000000   Number         0  py32f0xx_hal_usart.o ABSOLUTE
    ..\\..\\..\\..\\..\\..\\drivers\\PY32F0xx_HAL_Driver\\src\\py32f0xx_hal_cortex.c 0x00000000   Number         0  py32f0xx_hal_cortex.o ABSOLUTE
    ..\\..\\..\\..\\..\\..\\drivers\\PY32F0xx_HAL_Driver\\src\\py32f0xx_hal_gpio.c 0x00000000   Number         0  py32f0xx_hal_gpio.o ABSOLUTE
    ..\\..\\..\\..\\..\\..\\drivers\\PY32F0xx_HAL_Driver\\src\\py32f0xx_hal_pwr.c 0x00000000   Number         0  py32f0xx_hal_pwr.o ABSOLUTE
    ..\\..\\..\\..\\..\\..\\drivers\\PY32F0xx_HAL_Driver\\src\\py32f0xx_hal_rcc.c 0x00000000   Number         0  py32f0xx_hal_rcc.o ABSOLUTE
    ..\\..\\..\\..\\..\\..\\drivers\\PY32F0xx_HAL_Driver\\src\\py32f0xx_hal_uart.c 0x00000000   Number         0  py32f0xx_hal_uart.o ABSOLUTE
    ..\\Src\\ht1621.c                        0x00000000   Number         0  ht1621.o ABSOLUTE
    ..\\Src\\lcd_qyt12429.c                  0x00000000   Number         0  lcd_qyt12429.o ABSOLUTE
    ..\\Src\\main.c                          0x00000000   Number         0  main.o ABSOLUTE
    ..\\Src\\py32f0xx_hal_msp.c              0x00000000   Number         0  py32f0xx_hal_msp.o ABSOLUTE
    ..\\Src\\py32f0xx_it.c                   0x00000000   Number         0  py32f0xx_it.o ABSOLUTE
    ..\\Src\\sht45.c                         0x00000000   Number         0  sht45.o ABSOLUTE
    ..\\Src\\system_py32f0xx.c               0x00000000   Number         0  system_py32f0xx.o ABSOLUTE
    dc.s                                     0x00000000   Number         0  dc.o ABSOLUTE
    handlers.s                               0x00000000   Number         0  handlers.o ABSOLUTE
    init.s                                   0x00000000   Number         0  init.o ABSOLUTE
    startup_py32f002xx.s                     0x00000000   Number         0  startup_py32f002xx.o ABSOLUTE
    RESET                                    0x08000000   Section      192  startup_py32f002xx.o(RESET)
    .ARM.Collect$$$$00000000                 0x080000c0   Section        0  entry.o(.ARM.Collect$$$$00000000)
    .ARM.Collect$$$$00000001                 0x080000c0   Section        4  entry2.o(.ARM.Collect$$$$00000001)
    .ARM.Collect$$$$00000004                 0x080000c4   Section        4  entry5.o(.ARM.Collect$$$$00000004)
    .ARM.Collect$$$$00000008                 0x080000c8   Section        0  entry7b.o(.ARM.Collect$$$$00000008)
    .ARM.Collect$$$$0000000A                 0x080000c8   Section        0  entry8b.o(.ARM.Collect$$$$0000000A)
    .ARM.Collect$$$$0000000B                 0x080000c8   Section        8  entry9a.o(.ARM.Collect$$$$0000000B)
    .ARM.Collect$$$$0000000E                 0x080000d0   Section        4  entry12b.o(.ARM.Collect$$$$0000000E)
    .ARM.Collect$$$$0000000F                 0x080000d4   Section        0  entry10a.o(.ARM.Collect$$$$0000000F)
    .ARM.Collect$$$$00000011                 0x080000d4   Section        0  entry11a.o(.ARM.Collect$$$$00000011)
    .ARM.Collect$$$$00002712                 0x080000d4   Section        4  entry2.o(.ARM.Collect$$$$00002712)
    __lit__00000000                          0x080000d4   Data           4  entry2.o(.ARM.Collect$$$$00002712)
    .text                                    0x080000d8   Section       28  startup_py32f002xx.o(.text)
    .text                                    0x080000f4   Section        0  uidiv.o(.text)
    .text                                    0x08000120   Section        0  idiv.o(.text)
    .text                                    0x08000148   Section        0  memseta.o(.text)
    .text                                    0x0800016c   Section       36  init.o(.text)
    i.$Sub$$main                             0x08000190   Section        0  system_py32f0xx.o(i.$Sub$$main)
    i.APP_ErrorHandler                       0x080001c4   Section        0  main.o(i.APP_ErrorHandler)
    i.APP_UART_Init                          0x080001c8   Section        0  main.o(i.APP_UART_Init)
    APP_UART_Init                            0x080001c9   Thumb Code    56  main.o(i.APP_UART_Init)
    i.BSP_LED_Init                           0x08000208   Section        0  py32f002xx_start_kit.o(i.BSP_LED_Init)
    i.HAL_Delay                              0x08000270   Section        0  py32f0xx_hal.o(i.HAL_Delay)
    i.HAL_GPIO_Init                          0x0800029c   Section        0  py32f0xx_hal_gpio.o(i.HAL_GPIO_Init)
    i.HAL_GPIO_WritePin                      0x08000450   Section        0  py32f0xx_hal_gpio.o(i.HAL_GPIO_WritePin)
    i.HAL_GetTick                            0x0800045c   Section        0  py32f0xx_hal.o(i.HAL_GetTick)
    i.HAL_IncTick                            0x08000468   Section        0  py32f0xx_hal.o(i.HAL_IncTick)
    i.HAL_Init                               0x08000480   Section        0  py32f0xx_hal.o(i.HAL_Init)
    i.HAL_InitTick                           0x0800049c   Section        0  py32f0xx_hal.o(i.HAL_InitTick)
    i.HAL_MspInit                            0x080004fc   Section        0  py32f0xx_hal_msp.o(i.HAL_MspInit)
    i.HAL_NVIC_SetPriority                   0x08000506   Section        0  py32f0xx_hal_cortex.o(i.HAL_NVIC_SetPriority)
    i.HAL_RCC_GetHCLKFreq                    0x08000518   Section        0  py32f0xx_hal_rcc.o(i.HAL_RCC_GetHCLKFreq)
    i.HAL_RCC_GetPCLK1Freq                   0x08000524   Section        0  py32f0xx_hal_rcc.o(i.HAL_RCC_GetPCLK1Freq)
    i.HAL_SYSTICK_Config                     0x0800054c   Section        0  py32f0xx_hal_cortex.o(i.HAL_SYSTICK_Config)
    i.HAL_UART_ErrorCallback                 0x08000584   Section        0  py32f0xx_hal_uart.o(i.HAL_UART_ErrorCallback)
    i.HAL_UART_IRQHandler                    0x08000586   Section        0  py32f0xx_hal_uart.o(i.HAL_UART_IRQHandler)
    i.HAL_UART_IdleFrameDetectCpltCallback   0x080006d8   Section        0  py32f0xx_hal_uart.o(i.HAL_UART_IdleFrameDetectCpltCallback)
    i.HAL_UART_Init                          0x080006da   Section        0  py32f0xx_hal_uart.o(i.HAL_UART_Init)
    i.HAL_UART_MspInit                       0x08000764   Section        0  py32f0xx_hal_msp.o(i.HAL_UART_MspInit)
    i.HAL_UART_RxCpltCallback                0x08000814   Section        0  py32f0xx_hal_uart.o(i.HAL_UART_RxCpltCallback)
    i.HAL_UART_Transmit                      0x08000816   Section        0  py32f0xx_hal_uart.o(i.HAL_UART_Transmit)
    i.HAL_UART_TxCpltCallback                0x08000914   Section        0  py32f0xx_hal_uart.o(i.HAL_UART_TxCpltCallback)
    i.HT1621_AllOffRaw                       0x08000916   Section        0  ht1621.o(i.HT1621_AllOffRaw)
    i.HT1621_AllOn                           0x0800092e   Section        0  ht1621.o(i.HT1621_AllOn)
    i.HT1621_AllOnRaw                        0x08000936   Section        0  ht1621.o(i.HT1621_AllOnRaw)
    i.HT1621_Clear                           0x0800094e   Section        0  ht1621.o(i.HT1621_Clear)
    i.HT1621_Delay                           0x08000956   Section        0  ht1621.o(i.HT1621_Delay)
    HT1621_Delay                             0x08000957   Thumb Code    30  ht1621.o(i.HT1621_Delay)
    i.HT1621_GPIOInit                        0x08000974   Section        0  ht1621.o(i.HT1621_GPIOInit)
    HT1621_GPIOInit                          0x08000975   Thumb Code   106  ht1621.o(i.HT1621_GPIOInit)
    i.HT1621_Init                            0x080009e4   Section        0  ht1621.o(i.HT1621_Init)
    i.HT1621_SendCommand                     0x08000a08   Section        0  ht1621.o(i.HT1621_SendCommand)
    HT1621_SendCommand                       0x08000a09   Thumb Code    46  ht1621.o(i.HT1621_SendCommand)
    i.HT1621_SetSegment                      0x08000a38   Section        0  ht1621.o(i.HT1621_SetSegment)
    i.HT1621_Write4Bit                       0x08000a7c   Section        0  ht1621.o(i.HT1621_Write4Bit)
    i.HT1621_WriteBitsLsb                    0x08000acc   Section        0  ht1621.o(i.HT1621_WriteBitsLsb)
    HT1621_WriteBitsLsb                      0x08000acd   Thumb Code    86  ht1621.o(i.HT1621_WriteBitsLsb)
    i.HT1621_WriteBitsMsb                    0x08000b22   Section        0  ht1621.o(i.HT1621_WriteBitsMsb)
    HT1621_WriteBitsMsb                      0x08000b23   Thumb Code    88  ht1621.o(i.HT1621_WriteBitsMsb)
    i.HT1621_WriteNibble                     0x08000b7a   Section        0  ht1621.o(i.HT1621_WriteNibble)
    i.HardFault_Handler                      0x08000b8a   Section        0  py32f0xx_it.o(i.HardFault_Handler)
    i.LCD_DisplayChars                       0x08000b8e   Section        0  lcd_qyt12429.o(i.LCD_DisplayChars)
    LCD_DisplayChars                         0x08000b8f   Thumb Code    50  lcd_qyt12429.o(i.LCD_DisplayChars)
    i.LCD_FormatHumidity                     0x08000bc0   Section        0  lcd_qyt12429.o(i.LCD_FormatHumidity)
    LCD_FormatHumidity                       0x08000bc1   Thumb Code   114  lcd_qyt12429.o(i.LCD_FormatHumidity)
    i.LCD_FormatSignedFixed1                 0x08000c38   Section        0  lcd_qyt12429.o(i.LCD_FormatSignedFixed1)
    LCD_FormatSignedFixed1                   0x08000c39   Thumb Code   330  lcd_qyt12429.o(i.LCD_FormatSignedFixed1)
    i.LCD_QYT12429_AllOn                     0x08000d88   Section        0  lcd_qyt12429.o(i.LCD_QYT12429_AllOn)
    i.LCD_QYT12429_Clear                     0x08000d90   Section        0  lcd_qyt12429.o(i.LCD_QYT12429_Clear)
    i.LCD_QYT12429_DisplayHumidity           0x08000d98   Section        0  lcd_qyt12429.o(i.LCD_QYT12429_DisplayHumidity)
    i.LCD_QYT12429_DisplayTemperature        0x08000dc4   Section        0  lcd_qyt12429.o(i.LCD_QYT12429_DisplayTemperature)
    i.LCD_QYT12429_Init                      0x08000df0   Section        0  lcd_qyt12429.o(i.LCD_QYT12429_Init)
    i.LCD_SetChar                            0x08000df8   Section        0  lcd_qyt12429.o(i.LCD_SetChar)
    LCD_SetChar                              0x08000df9   Thumb Code    64  lcd_qyt12429.o(i.LCD_SetChar)
    i.LCD_SetDigitPattern                    0x08000e3c   Section        0  lcd_qyt12429.o(i.LCD_SetDigitPattern)
    LCD_SetDigitPattern                      0x08000e3d   Thumb Code    78  lcd_qyt12429.o(i.LCD_SetDigitPattern)
    i.LCD_SetPoint                           0x08000e90   Section        0  lcd_qyt12429.o(i.LCD_SetPoint)
    LCD_SetPoint                             0x08000e91   Thumb Code    34  lcd_qyt12429.o(i.LCD_SetPoint)
    i.LCD_Show888Test                        0x08000eb4   Section        0  lcd_qyt12429.o(i.LCD_Show888Test)
    i.LCD_ShowFixedTest                      0x08000ef4   Section        0  lcd_qyt12429.o(i.LCD_ShowFixedTest)
    i.NMI_Handler                            0x08000f10   Section        0  py32f0xx_it.o(i.NMI_Handler)
    i.NVIC_SetPriority                       0x08000f14   Section        0  py32f0xx_hal_cortex.o(i.NVIC_SetPriority)
    NVIC_SetPriority                         0x08000f15   Thumb Code   110  py32f0xx_hal_cortex.o(i.NVIC_SetPriority)
    i.PendSV_Handler                         0x08000f8c   Section        0  py32f0xx_it.o(i.PendSV_Handler)
    i.SVC_Handler                            0x08000f8e   Section        0  py32f0xx_it.o(i.SVC_Handler)
    i.SysTick_Handler                        0x08000f90   Section        0  py32f0xx_it.o(i.SysTick_Handler)
    i.SystemInit                             0x08000f98   Section        0  system_py32f0xx.o(i.SystemInit)
    i.UART_AdvFeatureConfig                  0x08000fe4   Section        0  py32f0xx_hal_uart.o(i.UART_AdvFeatureConfig)
    UART_AdvFeatureConfig                    0x08000fe5   Thumb Code    56  py32f0xx_hal_uart.o(i.UART_AdvFeatureConfig)
    i.UART_EndRxTransfer                     0x0800101c   Section        0  py32f0xx_hal_uart.o(i.UART_EndRxTransfer)
    UART_EndRxTransfer                       0x0800101d   Thumb Code    34  py32f0xx_hal_uart.o(i.UART_EndRxTransfer)
    i.UART_EndTransmit_IT                    0x0800103e   Section        0  py32f0xx_hal_uart.o(i.UART_EndTransmit_IT)
    UART_EndTransmit_IT                      0x0800103f   Thumb Code    32  py32f0xx_hal_uart.o(i.UART_EndTransmit_IT)
    i.UART_Print                             0x08001060   Section        0  main.o(i.UART_Print)
    UART_Print                               0x08001061   Thumb Code    44  main.o(i.UART_Print)
    i.UART_Receive_IT                        0x08001094   Section        0  py32f0xx_hal_uart.o(i.UART_Receive_IT)
    UART_Receive_IT                          0x08001095   Thumb Code   136  py32f0xx_hal_uart.o(i.UART_Receive_IT)
    i.UART_SetConfig                         0x0800111c   Section        0  py32f0xx_hal_uart.o(i.UART_SetConfig)
    UART_SetConfig                           0x0800111d   Thumb Code   414  py32f0xx_hal_uart.o(i.UART_SetConfig)
    i.UART_Transmit_IT                       0x080012c0   Section        0  py32f0xx_hal_uart.o(i.UART_Transmit_IT)
    UART_Transmit_IT                         0x080012c1   Thumb Code   114  py32f0xx_hal_uart.o(i.UART_Transmit_IT)
    i.UART_WaitOnFlagUntilTimeout            0x08001332   Section        0  py32f0xx_hal_uart.o(i.UART_WaitOnFlagUntilTimeout)
    UART_WaitOnFlagUntilTimeout              0x08001333   Thumb Code   112  py32f0xx_hal_uart.o(i.UART_WaitOnFlagUntilTimeout)
    i.USART1_IRQHandler                      0x080013a4   Section        0  py32f0xx_it.o(i.USART1_IRQHandler)
    i.__scatterload_copy                     0x080013b4   Section       14  handlers.o(i.__scatterload_copy)
    i.__scatterload_null                     0x080013c2   Section        2  handlers.o(i.__scatterload_null)
    i.__scatterload_zeroinit                 0x080013c4   Section       14  handlers.o(i.__scatterload_zeroinit)
    i.main                                   0x080013d4   Section        0  main.o(i.main)
    .constdata                               0x08001498   Section      128  system_py32f0xx.o(.constdata)
    .constdata                               0x08001518   Section      151  lcd_qyt12429.o(.constdata)
    LCD_DigitMap                             0x08001518   Data         112  lcd_qyt12429.o(.constdata)
    LCD_CelsiusIcon                          0x08001588   Data           2  lcd_qyt12429.o(.constdata)
    LCD_PercentIcon                          0x0800158a   Data           2  lcd_qyt12429.o(.constdata)
    LCD_IconMap                              0x0800158c   Data          18  lcd_qyt12429.o(.constdata)
    LCD_NumberPattern                        0x0800159e   Data          10  lcd_qyt12429.o(.constdata)
    temp_chars                               0x080015a8   Data           4  lcd_qyt12429.o(.constdata)
    humi_chars                               0x080015ac   Data           3  lcd_qyt12429.o(.constdata)
    .constdata                               0x080015b0   Section        5  py32f002xx_start_kit.o(.constdata)
    .ARM.__at_0x20000000                     0x20000000   Section      192  system_py32f0xx.o(.ARM.__at_0x20000000)
    .data                                    0x200000c0   Section        4  system_py32f0xx.o(.data)
    .data                                    0x200000c4   Section        8  py32f002xx_start_kit.o(.data)
    .data                                    0x200000cc   Section       12  py32f0xx_hal.o(.data)
    .bss                                     0x200000d8   Section      152  main.o(.bss)
    APP_SensorData                           0x2000015c   Data          20  main.o(.bss)
    .bss                                     0x20000170   Section       32  ht1621.o(.bss)
    HT1621_Ram                               0x20000170   Data          32  ht1621.o(.bss)
    STACK                                    0x20000190   Section     1024  startup_py32f002xx.o(STACK)

    Global Symbols

    Symbol Name                              Value     Ov Type        Size  Object(Section)

    BuildAttributes$$THM_ISAv3M$S$PE$A:L22$X:L11$S22$IEEE1$IW$USESV6$~STKCKD$USESV7$~SHL$OSPACE$EBA8$MICROLIB$REQ8$PRES8$EABIv2 0x00000000   Number         0  anon$$obj.o ABSOLUTE
    __ARM_use_no_argv                        0x00000000   Number         0  main.o ABSOLUTE
    __arm_fini_                               - Undefined Weak Reference
    __cpp_initialize__aeabi_                  - Undefined Weak Reference
    __cxa_finalize                            - Undefined Weak Reference
    __decompress                              - Undefined Weak Reference
    _clock_init                               - Undefined Weak Reference
    _microlib_exit                            - Undefined Weak Reference
    __Vectors_Size                           0x000000c0   Number         0  startup_py32f002xx.o ABSOLUTE
    __Vectors                                0x08000000   Data           4  startup_py32f002xx.o(RESET)
    __Vectors_End                            0x080000c0   Data           0  startup_py32f002xx.o(RESET)
    __main                                   0x080000c1   Thumb Code     0  entry.o(.ARM.Collect$$$$00000000)
    _main_stk                                0x080000c1   Thumb Code     0  entry2.o(.ARM.Collect$$$$00000001)
    _main_scatterload                        0x080000c5   Thumb Code     0  entry5.o(.ARM.Collect$$$$00000004)
    __main_after_scatterload                 0x080000c9   Thumb Code     0  entry5.o(.ARM.Collect$$$$00000004)
    _main_clock                              0x080000c9   Thumb Code     0  entry7b.o(.ARM.Collect$$$$00000008)
    _main_cpp_init                           0x080000c9   Thumb Code     0  entry8b.o(.ARM.Collect$$$$0000000A)
    _main_init                               0x080000c9   Thumb Code     0  entry9a.o(.ARM.Collect$$$$0000000B)
    __rt_lib_shutdown_fini                   0x080000d1   Thumb Code     0  entry12b.o(.ARM.Collect$$$$0000000E)
    __rt_final_cpp                           0x080000d5   Thumb Code     0  entry10a.o(.ARM.Collect$$$$0000000F)
    __rt_final_exit                          0x080000d5   Thumb Code     0  entry11a.o(.ARM.Collect$$$$00000011)
    Reset_Handler                            0x080000d9   Thumb Code     8  startup_py32f002xx.o(.text)
    ADC_COMP_IRQHandler                      0x080000eb   Thumb Code     0  startup_py32f002xx.o(.text)
    EXTI0_1_IRQHandler                       0x080000eb   Thumb Code     0  startup_py32f002xx.o(.text)
    EXTI2_3_IRQHandler                       0x080000eb   Thumb Code     0  startup_py32f002xx.o(.text)
    EXTI4_15_IRQHandler                      0x080000eb   Thumb Code     0  startup_py32f002xx.o(.text)
    FLASH_IRQHandler                         0x080000eb   Thumb Code     0  startup_py32f002xx.o(.text)
    I2C1_IRQHandler                          0x080000eb   Thumb Code     0  startup_py32f002xx.o(.text)
    LPTIM1_IRQHandler                        0x080000eb   Thumb Code     0  startup_py32f002xx.o(.text)
    RCC_IRQHandler                           0x080000eb   Thumb Code     0  startup_py32f002xx.o(.text)
    SPI1_IRQHandler                          0x080000eb   Thumb Code     0  startup_py32f002xx.o(.text)
    TIM16_IRQHandler                         0x080000eb   Thumb Code     0  startup_py32f002xx.o(.text)
    TIM1_BRK_UP_TRG_COM_IRQHandler           0x080000eb   Thumb Code     0  startup_py32f002xx.o(.text)
    TIM1_CC_IRQHandler                       0x080000eb   Thumb Code     0  startup_py32f002xx.o(.text)
    __aeabi_uidiv                            0x080000f5   Thumb Code     0  uidiv.o(.text)
    __aeabi_uidivmod                         0x080000f5   Thumb Code    44  uidiv.o(.text)
    __aeabi_idiv                             0x08000121   Thumb Code     0  idiv.o(.text)
    __aeabi_idivmod                          0x08000121   Thumb Code    40  idiv.o(.text)
    __aeabi_memset                           0x08000149   Thumb Code    14  memseta.o(.text)
    __aeabi_memset4                          0x08000149   Thumb Code     0  memseta.o(.text)
    __aeabi_memset8                          0x08000149   Thumb Code     0  memseta.o(.text)
    __aeabi_memclr                           0x08000157   Thumb Code     4  memseta.o(.text)
    __aeabi_memclr4                          0x08000157   Thumb Code     0  memseta.o(.text)
    __aeabi_memclr8                          0x08000157   Thumb Code     0  memseta.o(.text)
    _memset$wrapper                          0x0800015b   Thumb Code    18  memseta.o(.text)
    __scatterload                            0x0800016d   Thumb Code    28  init.o(.text)
    __scatterload_rt2                        0x0800016d   Thumb Code     0  init.o(.text)
    main                                     0x08000191   Thumb Code    44  system_py32f0xx.o(i.$Sub$$main)
    APP_ErrorHandler                         0x080001c5   Thumb Code     4  main.o(i.APP_ErrorHandler)
    BSP_LED_Init                             0x08000209   Thumb Code    92  py32f002xx_start_kit.o(i.BSP_LED_Init)
    HAL_Delay                                0x08000271   Thumb Code    38  py32f0xx_hal.o(i.HAL_Delay)
    HAL_GPIO_Init                            0x0800029d   Thumb Code   428  py32f0xx_hal_gpio.o(i.HAL_GPIO_Init)
    HAL_GPIO_WritePin                        0x08000451   Thumb Code    12  py32f0xx_hal_gpio.o(i.HAL_GPIO_WritePin)
    HAL_GetTick                              0x0800045d   Thumb Code     6  py32f0xx_hal.o(i.HAL_GetTick)
    HAL_IncTick                              0x08000469   Thumb Code    16  py32f0xx_hal.o(i.HAL_IncTick)
    HAL_Init                                 0x08000481   Thumb Code    26  py32f0xx_hal.o(i.HAL_Init)
    HAL_InitTick                             0x0800049d   Thumb Code    82  py32f0xx_hal.o(i.HAL_InitTick)
    HAL_MspInit                              0x080004fd   Thumb Code    10  py32f0xx_hal_msp.o(i.HAL_MspInit)
    HAL_NVIC_SetPriority                     0x08000507   Thumb Code    18  py32f0xx_hal_cortex.o(i.HAL_NVIC_SetPriority)
    HAL_RCC_GetHCLKFreq                      0x08000519   Thumb Code     6  py32f0xx_hal_rcc.o(i.HAL_RCC_GetHCLKFreq)
    HAL_RCC_GetPCLK1Freq                     0x08000525   Thumb Code    32  py32f0xx_hal_rcc.o(i.HAL_RCC_GetPCLK1Freq)
    HAL_SYSTICK_Config                       0x0800054d   Thumb Code    46  py32f0xx_hal_cortex.o(i.HAL_SYSTICK_Config)
    HAL_UART_ErrorCallback                   0x08000585   Thumb Code     2  py32f0xx_hal_uart.o(i.HAL_UART_ErrorCallback)
    HAL_UART_IRQHandler                      0x08000587   Thumb Code   338  py32f0xx_hal_uart.o(i.HAL_UART_IRQHandler)
    HAL_UART_IdleFrameDetectCpltCallback     0x080006d9   Thumb Code     2  py32f0xx_hal_uart.o(i.HAL_UART_IdleFrameDetectCpltCallback)
    HAL_UART_Init                            0x080006db   Thumb Code   138  py32f0xx_hal_uart.o(i.HAL_UART_Init)
    HAL_UART_MspInit                         0x08000765   Thumb Code   166  py32f0xx_hal_msp.o(i.HAL_UART_MspInit)
    HAL_UART_RxCpltCallback                  0x08000815   Thumb Code     2  py32f0xx_hal_uart.o(i.HAL_UART_RxCpltCallback)
    HAL_UART_Transmit                        0x08000817   Thumb Code   254  py32f0xx_hal_uart.o(i.HAL_UART_Transmit)
    HAL_UART_TxCpltCallback                  0x08000915   Thumb Code     2  py32f0xx_hal_uart.o(i.HAL_UART_TxCpltCallback)
    HT1621_AllOffRaw                         0x08000917   Thumb Code    24  ht1621.o(i.HT1621_AllOffRaw)
    HT1621_AllOn                             0x0800092f   Thumb Code     8  ht1621.o(i.HT1621_AllOn)
    HT1621_AllOnRaw                          0x08000937   Thumb Code    24  ht1621.o(i.HT1621_AllOnRaw)
    HT1621_Clear                             0x0800094f   Thumb Code     8  ht1621.o(i.HT1621_Clear)
    HT1621_Init                              0x080009e5   Thumb Code    36  ht1621.o(i.HT1621_Init)
    HT1621_SetSegment                        0x08000a39   Thumb Code    64  ht1621.o(i.HT1621_SetSegment)
    HT1621_Write4Bit                         0x08000a7d   Thumb Code    76  ht1621.o(i.HT1621_Write4Bit)
    HT1621_WriteNibble                       0x08000b7b   Thumb Code    16  ht1621.o(i.HT1621_WriteNibble)
    HardFault_Handler                        0x08000b8b   Thumb Code     4  py32f0xx_it.o(i.HardFault_Handler)
    LCD_QYT12429_AllOn                       0x08000d89   Thumb Code     8  lcd_qyt12429.o(i.LCD_QYT12429_AllOn)
    LCD_QYT12429_Clear                       0x08000d91   Thumb Code     8  lcd_qyt12429.o(i.LCD_QYT12429_Clear)
    LCD_QYT12429_DisplayHumidity             0x08000d99   Thumb Code    38  lcd_qyt12429.o(i.LCD_QYT12429_DisplayHumidity)
    LCD_QYT12429_DisplayTemperature          0x08000dc5   Thumb Code    38  lcd_qyt12429.o(i.LCD_QYT12429_DisplayTemperature)
    LCD_QYT12429_Init                        0x08000df1   Thumb Code     8  lcd_qyt12429.o(i.LCD_QYT12429_Init)
    LCD_Show888Test                          0x08000eb5   Thumb Code    48  lcd_qyt12429.o(i.LCD_Show888Test)
    LCD_ShowFixedTest                        0x08000ef5   Thumb Code    22  lcd_qyt12429.o(i.LCD_ShowFixedTest)
    NMI_Handler                              0x08000f11   Thumb Code     2  py32f0xx_it.o(i.NMI_Handler)
    PendSV_Handler                           0x08000f8d   Thumb Code     2  py32f0xx_it.o(i.PendSV_Handler)
    SVC_Handler                              0x08000f8f   Thumb Code     2  py32f0xx_it.o(i.SVC_Handler)
    SysTick_Handler                          0x08000f91   Thumb Code     8  py32f0xx_it.o(i.SysTick_Handler)
    SystemInit                               0x08000f99   Thumb Code    60  system_py32f0xx.o(i.SystemInit)
    USART1_IRQHandler                        0x080013a5   Thumb Code    10  py32f0xx_it.o(i.USART1_IRQHandler)
    __scatterload_copy                       0x080013b5   Thumb Code    14  handlers.o(i.__scatterload_copy)
    __scatterload_null                       0x080013c3   Thumb Code     2  handlers.o(i.__scatterload_null)
    __scatterload_zeroinit                   0x080013c5   Thumb Code    14  handlers.o(i.__scatterload_zeroinit)
    $Super$$main                             0x080013d5   Thumb Code    96  main.o(i.main)
    AHBPrescTable                            0x08001498   Data          64  system_py32f0xx.o(.constdata)
    APBPrescTable                            0x080014d8   Data          32  system_py32f0xx.o(.constdata)
    HSIFreqTable                             0x080014f8   Data          32  system_py32f0xx.o(.constdata)
    LED_PIN                                  0x080015b0   Data           2  py32f002xx_start_kit.o(.constdata)
    BUTTON_PIN                               0x080015b2   Data           2  py32f002xx_start_kit.o(.constdata)
    BUTTON_IRQn                              0x080015b4   Data           1  py32f002xx_start_kit.o(.constdata)
    Region$$Table$$Base                      0x080015b8   Number         0  anon$$obj.o(Region$$Table)
    Region$$Table$$Limit                     0x080015d8   Number         0  anon$$obj.o(Region$$Table)
    VECT_SRAM_TAB                            0x20000000   Data         192  system_py32f0xx.o(.ARM.__at_0x20000000)
    SystemCoreClock                          0x200000c0   Data           4  system_py32f0xx.o(.data)
    LED_PORT                                 0x200000c4   Data           4  py32f002xx_start_kit.o(.data)
    BUTTON_PORT                              0x200000c8   Data           4  py32f002xx_start_kit.o(.data)
    uwTick                                   0x200000cc   Data           4  py32f0xx_hal.o(.data)
    uwTickPrio                               0x200000d0   Data           4  py32f0xx_hal.o(.data)
    uwTickFreq                               0x200000d4   Data           4  py32f0xx_hal.o(.data)
    UartHandle                               0x200000d8   Data          68  main.o(.bss)
    I2cHandle                                0x2000011c   Data          64  main.o(.bss)
    __initial_sp                             0x20000590   Data           0  startup_py32f002xx.o(STACK)



==============================================================================

Memory Map of the image

  Image Entry point : 0x080000c1

  Load Region LR_IROM1 (Base: 0x08000000, Size: 0x000016b0, Max: 0x00005000, ABSOLUTE)

    Execution Region ER_IROM1 (Exec base: 0x08000000, Load base: 0x08000000, Size: 0x000015d8, Max: 0x00005000, ABSOLUTE)

    Exec Addr    Load Addr    Size         Type   Attr      Idx    E Section Name        Object

    0x08000000   0x08000000   0x000000c0   Data   RO          115    RESET               startup_py32f002xx.o
    0x080000c0   0x080000c0   0x00000000   Code   RO         1784  * .ARM.Collect$$$$00000000  mc_p.l(entry.o)
    0x080000c0   0x080000c0   0x00000004   Code   RO         1797    .ARM.Collect$$$$00000001  mc_p.l(entry2.o)
    0x080000c4   0x080000c4   0x00000004   Code   RO         1800    .ARM.Collect$$$$00000004  mc_p.l(entry5.o)
    0x080000c8   0x080000c8   0x00000000   Code   RO         1802    .ARM.Collect$$$$00000008  mc_p.l(entry7b.o)
    0x080000c8   0x080000c8   0x00000000   Code   RO         1804    .ARM.Collect$$$$0000000A  mc_p.l(entry8b.o)
    0x080000c8   0x080000c8   0x00000008   Code   RO         1805    .ARM.Collect$$$$0000000B  mc_p.l(entry9a.o)
    0x080000d0   0x080000d0   0x00000004   Code   RO         1812    .ARM.Collect$$$$0000000E  mc_p.l(entry12b.o)
    0x080000d4   0x080000d4   0x00000000   Code   RO         1807    .ARM.Collect$$$$0000000F  mc_p.l(entry10a.o)
    0x080000d4   0x080000d4   0x00000000   Code   RO         1809    .ARM.Collect$$$$00000011  mc_p.l(entry11a.o)
    0x080000d4   0x080000d4   0x00000004   Code   RO         1798    .ARM.Collect$$$$00002712  mc_p.l(entry2.o)
    0x080000d8   0x080000d8   0x0000001c   Code   RO          116    .text               startup_py32f002xx.o
    0x080000f4   0x080000f4   0x0000002c   Code   RO         1787    .text               mc_p.l(uidiv.o)
    0x08000120   0x08000120   0x00000028   Code   RO         1789    .text               mc_p.l(idiv.o)
    0x08000148   0x08000148   0x00000024   Code   RO         1793    .text               mc_p.l(memseta.o)
    0x0800016c   0x0800016c   0x00000024   Code   RO         1813    .text               mc_p.l(init.o)
    0x08000190   0x08000190   0x00000034   Code   RO            3    i.$Sub$$main        system_py32f0xx.o
    0x080001c4   0x080001c4   0x00000004   Code   RO          122    i.APP_ErrorHandler  main.o
    0x080001c8   0x080001c8   0x00000040   Code   RO          129    i.APP_UART_Init     main.o
    0x08000208   0x08000208   0x00000068   Code   RO          573    i.BSP_LED_Init      py32f002xx_start_kit.o
    0x08000270   0x08000270   0x0000002c   Code   RO          668    i.HAL_Delay         py32f0xx_hal.o
    0x0800029c   0x0800029c   0x000001b4   Code   RO          903    i.HAL_GPIO_Init     py32f0xx_hal_gpio.o
    0x08000450   0x08000450   0x0000000c   Code   RO          907    i.HAL_GPIO_WritePin  py32f0xx_hal_gpio.o
    0x0800045c   0x0800045c   0x0000000c   Code   RO          672    i.HAL_GetTick       py32f0xx_hal.o
    0x08000468   0x08000468   0x00000018   Code   RO          678    i.HAL_IncTick       py32f0xx_hal.o
    0x08000480   0x08000480   0x0000001a   Code   RO          679    i.HAL_Init          py32f0xx_hal.o
    0x0800049a   0x0800049a   0x00000002   PAD
    0x0800049c   0x0800049c   0x00000060   Code   RO          680    i.HAL_InitTick      py32f0xx_hal.o
    0x080004fc   0x080004fc   0x0000000a   Code   RO          486    i.HAL_MspInit       py32f0xx_hal_msp.o
    0x08000506   0x08000506   0x00000012   Code   RO         1684    i.HAL_NVIC_SetPriority  py32f0xx_hal_cortex.o
    0x08000518   0x08000518   0x0000000c   Code   RO          816    i.HAL_RCC_GetHCLKFreq  py32f0xx_hal_rcc.o
    0x08000524   0x08000524   0x00000028   Code   RO          818    i.HAL_RCC_GetPCLK1Freq  py32f0xx_hal_rcc.o
    0x0800054c   0x0800054c   0x00000038   Code   RO         1688    i.HAL_SYSTICK_Config  py32f0xx_hal_cortex.o
    0x08000584   0x08000584   0x00000002   Code   RO         1447    i.HAL_UART_ErrorCallback  py32f0xx_hal_uart.o
    0x08000586   0x08000586   0x00000152   Code   RO         1450    i.HAL_UART_IRQHandler  py32f0xx_hal_uart.o
    0x080006d8   0x080006d8   0x00000002   Code   RO         1451    i.HAL_UART_IdleFrameDetectCpltCallback  py32f0xx_hal_uart.o
    0x080006da   0x080006da   0x0000008a   Code   RO         1452    i.HAL_UART_Init     py32f0xx_hal_uart.o
    0x08000764   0x08000764   0x000000b0   Code   RO          487    i.HAL_UART_MspInit  py32f0xx_hal_msp.o
    0x08000814   0x08000814   0x00000002   Code   RO         1457    i.HAL_UART_RxCpltCallback  py32f0xx_hal_uart.o
    0x08000816   0x08000816   0x000000fe   Code   RO         1460    i.HAL_UART_Transmit  py32f0xx_hal_uart.o
    0x08000914   0x08000914   0x00000002   Code   RO         1462    i.HAL_UART_TxCpltCallback  py32f0xx_hal_uart.o
    0x08000916   0x08000916   0x00000018   Code   RO          234    i.HT1621_AllOffRaw  ht1621.o
    0x0800092e   0x0800092e   0x00000008   Code   RO          235    i.HT1621_AllOn      ht1621.o
    0x08000936   0x08000936   0x00000018   Code   RO          236    i.HT1621_AllOnRaw   ht1621.o
    0x0800094e   0x0800094e   0x00000008   Code   RO          237    i.HT1621_Clear      ht1621.o
    0x08000956   0x08000956   0x0000001e   Code   RO          238    i.HT1621_Delay      ht1621.o
    0x08000974   0x08000974   0x00000070   Code   RO          239    i.HT1621_GPIOInit   ht1621.o
    0x080009e4   0x080009e4   0x00000024   Code   RO          240    i.HT1621_Init       ht1621.o
    0x08000a08   0x08000a08   0x0000002e   Code   RO          243    i.HT1621_SendCommand  ht1621.o
    0x08000a36   0x08000a36   0x00000002   PAD
    0x08000a38   0x08000a38   0x00000044   Code   RO          244    i.HT1621_SetSegment  ht1621.o
    0x08000a7c   0x08000a7c   0x00000050   Code   RO          245    i.HT1621_Write4Bit  ht1621.o
    0x08000acc   0x08000acc   0x00000056   Code   RO          246    i.HT1621_WriteBitsLsb  ht1621.o
    0x08000b22   0x08000b22   0x00000058   Code   RO          247    i.HT1621_WriteBitsMsb  ht1621.o
    0x08000b7a   0x08000b7a   0x00000010   Code   RO          248    i.HT1621_WriteNibble  ht1621.o
    0x08000b8a   0x08000b8a   0x00000004   Code   RO          517    i.HardFault_Handler  py32f0xx_it.o
    0x08000b8e   0x08000b8e   0x00000032   Code   RO          340    i.LCD_DisplayChars  lcd_qyt12429.o
    0x08000bc0   0x08000bc0   0x00000078   Code   RO          341    i.LCD_FormatHumidity  lcd_qyt12429.o
    0x08000c38   0x08000c38   0x00000150   Code   RO          342    i.LCD_FormatSignedFixed1  lcd_qyt12429.o
    0x08000d88   0x08000d88   0x00000008   Code   RO          343    i.LCD_QYT12429_AllOn  lcd_qyt12429.o
    0x08000d90   0x08000d90   0x00000008   Code   RO          344    i.LCD_QYT12429_Clear  lcd_qyt12429.o
    0x08000d98   0x08000d98   0x0000002c   Code   RO          345    i.LCD_QYT12429_DisplayHumidity  lcd_qyt12429.o
    0x08000dc4   0x08000dc4   0x0000002c   Code   RO          346    i.LCD_QYT12429_DisplayTemperature  lcd_qyt12429.o
    0x08000df0   0x08000df0   0x00000008   Code   RO          347    i.LCD_QYT12429_Init  lcd_qyt12429.o
    0x08000df8   0x08000df8   0x00000044   Code   RO          351    i.LCD_SetChar       lcd_qyt12429.o
    0x08000e3c   0x08000e3c   0x00000054   Code   RO          352    i.LCD_SetDigitPattern  lcd_qyt12429.o
    0x08000e90   0x08000e90   0x00000022   Code   RO          353    i.LCD_SetPoint      lcd_qyt12429.o
    0x08000eb2   0x08000eb2   0x00000002   PAD
    0x08000eb4   0x08000eb4   0x00000040   Code   RO          354    i.LCD_Show888Test   lcd_qyt12429.o
    0x08000ef4   0x08000ef4   0x0000001c   Code   RO          355    i.LCD_ShowFixedTest  lcd_qyt12429.o
    0x08000f10   0x08000f10   0x00000002   Code   RO          518    i.NMI_Handler       py32f0xx_it.o
    0x08000f12   0x08000f12   0x00000002   PAD
    0x08000f14   0x08000f14   0x00000078   Code   RO         1690    i.NVIC_SetPriority  py32f0xx_hal_cortex.o
    0x08000f8c   0x08000f8c   0x00000002   Code   RO          519    i.PendSV_Handler    py32f0xx_it.o
    0x08000f8e   0x08000f8e   0x00000002   Code   RO          520    i.SVC_Handler       py32f0xx_it.o
    0x08000f90   0x08000f90   0x00000008   Code   RO          521    i.SysTick_Handler   py32f0xx_it.o
    0x08000f98   0x08000f98   0x0000004c   Code   RO            5    i.SystemInit        system_py32f0xx.o
    0x08000fe4   0x08000fe4   0x00000038   Code   RO         1464    i.UART_AdvFeatureConfig  py32f0xx_hal_uart.o
    0x0800101c   0x0800101c   0x00000022   Code   RO         1465    i.UART_EndRxTransfer  py32f0xx_hal_uart.o
    0x0800103e   0x0800103e   0x00000020   Code   RO         1466    i.UART_EndTransmit_IT  py32f0xx_hal_uart.o
    0x0800105e   0x0800105e   0x00000002   PAD
    0x08001060   0x08001060   0x00000034   Code   RO          131    i.UART_Print        main.o
    0x08001094   0x08001094   0x00000088   Code   RO         1467    i.UART_Receive_IT   py32f0xx_hal_uart.o
    0x0800111c   0x0800111c   0x000001a4   Code   RO         1468    i.UART_SetConfig    py32f0xx_hal_uart.o
    0x080012c0   0x080012c0   0x00000072   Code   RO         1469    i.UART_Transmit_IT  py32f0xx_hal_uart.o
    0x08001332   0x08001332   0x00000070   Code   RO         1470    i.UART_WaitOnFlagUntilTimeout  py32f0xx_hal_uart.o
    0x080013a2   0x080013a2   0x00000002   PAD
    0x080013a4   0x080013a4   0x00000010   Code   RO          522    i.USART1_IRQHandler  py32f0xx_it.o
    0x080013b4   0x080013b4   0x0000000e   Code   RO         1817    i.__scatterload_copy  mc_p.l(handlers.o)
    0x080013c2   0x080013c2   0x00000002   Code   RO         1818    i.__scatterload_null  mc_p.l(handlers.o)
    0x080013c4   0x080013c4   0x0000000e   Code   RO         1819    i.__scatterload_zeroinit  mc_p.l(handlers.o)
    0x080013d2   0x080013d2   0x00000002   PAD
    0x080013d4   0x080013d4   0x000000c4   Code   RO          135    i.main              main.o
    0x08001498   0x08001498   0x00000080   Data   RO            7    .constdata          system_py32f0xx.o
    0x08001518   0x08001518   0x00000097   Data   RO          356    .constdata          lcd_qyt12429.o
    0x080015af   0x080015af   0x00000001   PAD
    0x080015b0   0x080015b0   0x00000005   Data   RO          584    .constdata          py32f002xx_start_kit.o
    0x080015b5   0x080015b5   0x00000003   PAD
    0x080015b8   0x080015b8   0x00000020   Data   RO         1815    Region$$Table       anon$$obj.o


    Execution Region RW_IRAM1 (Exec base: 0x20000000, Load base: 0x080015d8, Size: 0x00000590, Max: 0x00000c00, ABSOLUTE)

    Exec Addr    Load Addr    Size         Type   Attr      Idx    E Section Name        Object

    0x20000000   0x080015d8   0x000000c0   Data   RW            6    .ARM.__at_0x20000000  system_py32f0xx.o
    0x200000c0   0x08001698   0x00000004   Data   RW            8    .data               system_py32f0xx.o
    0x200000c4   0x0800169c   0x00000008   Data   RW          585    .data               py32f002xx_start_kit.o
    0x200000cc   0x080016a4   0x0000000c   Data   RW          686    .data               py32f0xx_hal.o
    0x200000d8        -       0x00000098   Zero   RW          136    .bss                main.o
    0x20000170        -       0x00000020   Zero   RW          249    .bss                ht1621.o
    0x20000190        -       0x00000400   Zero   RW          113    STACK               startup_py32f002xx.o


==============================================================================

Image component sizes


      Code (inc. data)   RO Data    RW Data    ZI Data      Debug   Object Name

       626         14          0          0         32       8178   ht1621.o
       896         56        151          0          0       9585   lcd_qyt12429.o
       316        116          0          0        152       3701   main.o
       104         12          5          8          0       4741   py32f002xx_start_kit.o
       202         34          0         12          0       4305   py32f0xx_hal.o
       194         20          0          0          0       8848   py32f0xx_hal_cortex.o
       448          8          0          0          0       2428   py32f0xx_hal_gpio.o
       186         10          0          0          0       1605   py32f0xx_hal_msp.o
        52         14          0          0          0       1217   py32f0xx_hal_rcc.o
      1642          6          0          0          0      11058   py32f0xx_hal_uart.o
        34          6          0          0          0       2811   py32f0xx_it.o
        28          8        192          0       1024        644   startup_py32f002xx.o
       128         24        128        196          0     162287   system_py32f0xx.o

    ----------------------------------------------------------------------
      4868        328        512        216       1208     221408   Object Totals
         0          0         32          0          0          0   (incl. Generated)
        12          0          4          0          0          0   (incl. Padding)

    ----------------------------------------------------------------------

      Code (inc. data)   RO Data    RW Data    ZI Data      Debug   Library Member Name

         0          0          0          0          0          0   entry.o
         0          0          0          0          0          0   entry10a.o
         0          0          0          0          0          0   entry11a.o
         4          0          0          0          0          0   entry12b.o
         8          4          0          0          0          0   entry2.o
         4          0          0          0          0          0   entry5.o
         0          0          0          0          0          0   entry7b.o
         0          0          0          0          0          0   entry8b.o
         8          4          0          0          0          0   entry9a.o
        30          0          0          0          0          0   handlers.o
        40          0          0          0          0         72   idiv.o
        36          8          0          0          0         68   init.o
        36          0          0          0          0        100   memseta.o
        44          0          0          0          0         72   uidiv.o

    ----------------------------------------------------------------------
       212         16          0          0          0        312   Library Totals
         2          0          0          0          0          0   (incl. Padding)

    ----------------------------------------------------------------------

      Code (inc. data)   RO Data    RW Data    ZI Data      Debug   Library Name

       210         16          0          0          0        312   mc_p.l

    ----------------------------------------------------------------------
       212         16          0          0          0        312   Library Totals

    ----------------------------------------------------------------------

==============================================================================


      Code (inc. data)   RO Data    RW Data    ZI Data      Debug   

      5080        344        512        216       1208     219056   Grand Totals
      5080        344        512        216       1208     219056   ELF Image Totals
      5080        344        512        216          0          0   ROM Totals

==============================================================================

    Total RO  Size (Code + RO Data)                 5592 (   5.46kB)
    Total RW  Size (RW Data + ZI Data)              1424 (   1.39kB)
    Total ROM Size (Code + RO Data + RW Data)       5808 (   5.67kB)

==============================================================================

