<html>
<body>
<pre>
<h1>µVision Build Log</h1>
<h2>Tool Versions:</h2>
IDE-Version: ¦ÌVision V5.42.0.0
Copyright (C) 2025 ARM Ltd and ARM Germany GmbH. All rights reserved.
License Information: a root, a, LIC=TIVNB-2KF8I-9UZ4U-S1LIS-VUYXK-SQ4B2
 
Tool Versions:
Toolchain:       MDK-ARM Plus  Version: 5.42.0.0
Toolchain Path:  C:\Users\root\AppData\Local\Programs\Keil5\ARM\ARMCC\Bin
C Compiler:      Armcc.exe V5.06 update 7 (build 960)
Assembler:       Armasm.exe V5.06 update 7 (build 960)
Linker/Locator:  ArmLink.exe V5.06 update 7 (build 960)
Library Manager: ArmAr.exe V5.06 update 7 (build 960)
Hex Converter:   FromElf.exe V5.06 update 7 (build 960)
CPU DLL:         SARMCM3.DLL V5.42.0.0
Dialog DLL:      DARMCM1.DLL V1.19.6.0
Target DLL:      STLink\ST-LINKIII-KEIL_SWO.dll V3.3.0.0
Dialog DLL:      TARMCM1.DLL V1.14.6.0
 
<h2>Project:</h2>
D:\PY32F002A\PY32F0xx_Firmware_V1.5.0\Projects\PY32F002A-STK\Example\USART\USART_HyperTerminal_Polling\MDK-ARM\Project.uvprojx
Project File Date:  06/24/2026

<h2>Output:</h2>
*** Using Compiler 'V5.06 update 7 (build 960)', folder: 'C:\Users\root\AppData\Local\Programs\Keil5\ARM\ARMCC\Bin'
Build target 'Project'
compiling py32f0xx_hal_msp.c...
linking...
Program Size: Code=3680 RO-data=360 RW-data=344 ZI-data=1096  
FromELF: creating hex file...
".\Output\USART_HyperTerminal_Polling.axf" - 0 Error(s), 0 Warning(s).

<h2>Software Packages used:</h2>

Package Vendor: ARM
                https://www.keil.com/pack/ARM.CMSIS.6.1.0.pack
                ARM::CMSIS@6.1.0
                CMSIS (Common Microcontroller Software Interface Standard)
   * Component: CORE Version: 6.1.0

Package Vendor: Puya
                https://www.puyasemi.com/uploadfiles/Puya.PY32F0xx_DFP.1.2.19.pack
                Puya::PY32F0xx_DFP@1.2.19
                Puya PY32F0 Series Device Support

<h2>Collection of Component include folders:</h2>
  ./RTE/_Project
  C:/Users/root/AppData/Local/Programs/Keil5/ARM/Packs/ARM/CMSIS/6.1.0/CMSIS/Core/Include
  C:/Users/root/AppData/Local/Programs/Keil5/ARM/Packs/Puya/PY32F0xx_DFP/1.2.19/Drivers/CMSIS/Device/PY32F0xx/Include

<h2>Collection of Component Files used:</h2>

   * Component: ARM::CMSIS:CORE@6.1.0
Build Time Elapsed:  00:00:00
</pre>
</body>
</html>
