<!doctype html public "-//w3c//dtd html 4.0 transitional//en">
<html><head>
<title>Static Call Graph - [.\Output\USART_HyperTerminal_Polling.axf]</title></head>
<body><HR>
<H1>Static Call Graph for image .\Output\USART_HyperTerminal_Polling.axf</H1><HR>
<BR><P>#&#060CALLGRAPH&#062# ARM Linker, 5060960: Last Updated: Fri Jun 26 03:52:23 2026
<BR><P>
<H3>Maximum Stack Usage =        224 bytes + Unknown(Cycles, Untraceable Function Pointers)</H3><H3>
Call chain for Maximum Stack Depth:</H3>
main &rArr; $Super$$main &rArr; APP_RefreshMeasurement &rArr; APP_UpdateLcd &rArr; LCD_QYT12429_DisplayTemperature &rArr; LCD_DisplayChars &rArr; LCD_SetChar &rArr; LCD_SetDigitPattern &rArr; LCD_SetPoint &rArr; HT1621_SetSegment &rArr; HT1621_WriteNibble &rArr; HT1621_Write4Bit &rArr; HT1621_WriteBitsMsb &rArr; HT1621_Delay
<P>
<H3>
Mutually Recursive functions
</H3> <LI><a href="#[b]">ADC_COMP_IRQHandler</a>&nbsp;&nbsp;&nbsp;&rArr;&nbsp;&nbsp;&nbsp;<a href="#[b]">ADC_COMP_IRQHandler</a><BR>
</UL>
<P>
<H3>
Function Pointers
</H3><UL>
 <LI><a href="#[b]">ADC_COMP_IRQHandler</a> from startup_py32f002xx.o(.text) referenced from startup_py32f002xx.o(RESET)
 <LI><a href="#[8]">EXTI0_1_IRQHandler</a> from startup_py32f002xx.o(.text) referenced from startup_py32f002xx.o(RESET)
 <LI><a href="#[9]">EXTI2_3_IRQHandler</a> from startup_py32f002xx.o(.text) referenced from startup_py32f002xx.o(RESET)
 <LI><a href="#[a]">EXTI4_15_IRQHandler</a> from py32f0xx_it.o(i.EXTI4_15_IRQHandler) referenced from startup_py32f002xx.o(RESET)
 <LI><a href="#[6]">FLASH_IRQHandler</a> from startup_py32f002xx.o(.text) referenced from startup_py32f002xx.o(RESET)
 <LI><a href="#[2]">HardFault_Handler</a> from py32f0xx_it.o(i.HardFault_Handler) referenced from startup_py32f002xx.o(RESET)
 <LI><a href="#[10]">I2C1_IRQHandler</a> from startup_py32f002xx.o(.text) referenced from startup_py32f002xx.o(RESET)
 <LI><a href="#[e]">LPTIM1_IRQHandler</a> from py32f0xx_it.o(i.LPTIM1_IRQHandler) referenced from startup_py32f002xx.o(RESET)
 <LI><a href="#[1]">NMI_Handler</a> from py32f0xx_it.o(i.NMI_Handler) referenced from startup_py32f002xx.o(RESET)
 <LI><a href="#[4]">PendSV_Handler</a> from py32f0xx_it.o(i.PendSV_Handler) referenced from startup_py32f002xx.o(RESET)
 <LI><a href="#[7]">RCC_IRQHandler</a> from startup_py32f002xx.o(.text) referenced from startup_py32f002xx.o(RESET)
 <LI><a href="#[0]">Reset_Handler</a> from startup_py32f002xx.o(.text) referenced from startup_py32f002xx.o(RESET)
 <LI><a href="#[11]">SPI1_IRQHandler</a> from startup_py32f002xx.o(.text) referenced from startup_py32f002xx.o(RESET)
 <LI><a href="#[3]">SVC_Handler</a> from py32f0xx_it.o(i.SVC_Handler) referenced from startup_py32f002xx.o(RESET)
 <LI><a href="#[5]">SysTick_Handler</a> from py32f0xx_it.o(i.SysTick_Handler) referenced from startup_py32f002xx.o(RESET)
 <LI><a href="#[14]">SystemInit</a> from system_py32f0xx.o(i.SystemInit) referenced from startup_py32f002xx.o(.text)
 <LI><a href="#[f]">TIM16_IRQHandler</a> from startup_py32f002xx.o(.text) referenced from startup_py32f002xx.o(RESET)
 <LI><a href="#[c]">TIM1_BRK_UP_TRG_COM_IRQHandler</a> from startup_py32f002xx.o(.text) referenced from startup_py32f002xx.o(RESET)
 <LI><a href="#[d]">TIM1_CC_IRQHandler</a> from startup_py32f002xx.o(.text) referenced from startup_py32f002xx.o(RESET)
 <LI><a href="#[12]">USART1_IRQHandler</a> from py32f0xx_it.o(i.USART1_IRQHandler) referenced from startup_py32f002xx.o(RESET)
 <LI><a href="#[15]">__main</a> from entry.o(.ARM.Collect$$$$00000000) referenced from startup_py32f002xx.o(.text)
 <LI><a href="#[13]">main</a> from system_py32f0xx.o(i.$Sub$$main) referenced from entry9a.o(.ARM.Collect$$$$0000000B)
</UL>
<P>
<H3>
Global Symbols
</H3>
<P><STRONG><a name="[15]"></a>__main</STRONG> (Thumb, 0 bytes, Stack size unknown bytes, entry.o(.ARM.Collect$$$$00000000))
<BR>[Address Reference Count : 1]<UL><LI> startup_py32f002xx.o(.text)
</UL>
<P><STRONG><a name="[86]"></a>_main_stk</STRONG> (Thumb, 0 bytes, Stack size unknown bytes, entry2.o(.ARM.Collect$$$$00000001))

<P><STRONG><a name="[16]"></a>_main_scatterload</STRONG> (Thumb, 0 bytes, Stack size unknown bytes, entry5.o(.ARM.Collect$$$$00000004))
<BR><BR>[Calls]<UL><LI><a href="#[17]">&gt;&gt;</a>&nbsp;&nbsp;&nbsp;__scatterload
</UL>

<P><STRONG><a name="[1f]"></a>__main_after_scatterload</STRONG> (Thumb, 0 bytes, Stack size unknown bytes, entry5.o(.ARM.Collect$$$$00000004))
<BR><BR>[Called By]<UL><LI><a href="#[17]">&gt;&gt;</a>&nbsp;&nbsp;&nbsp;__scatterload
</UL>

<P><STRONG><a name="[87]"></a>_main_clock</STRONG> (Thumb, 0 bytes, Stack size unknown bytes, entry7b.o(.ARM.Collect$$$$00000008))

<P><STRONG><a name="[88]"></a>_main_cpp_init</STRONG> (Thumb, 0 bytes, Stack size unknown bytes, entry8b.o(.ARM.Collect$$$$0000000A))

<P><STRONG><a name="[89]"></a>_main_init</STRONG> (Thumb, 0 bytes, Stack size unknown bytes, entry9a.o(.ARM.Collect$$$$0000000B))

<P><STRONG><a name="[18]"></a>__rt_lib_shutdown_fini</STRONG> (Thumb, 0 bytes, Stack size unknown bytes, entry12b.o(.ARM.Collect$$$$0000000E))
<BR><BR>[Calls]<UL><LI><a href="#[19]">&gt;&gt;</a>&nbsp;&nbsp;&nbsp;__arm_fini_ (Weak Reference)
</UL>

<P><STRONG><a name="[8a]"></a>__rt_final_cpp</STRONG> (Thumb, 0 bytes, Stack size unknown bytes, entry10a.o(.ARM.Collect$$$$0000000F))

<P><STRONG><a name="[8b]"></a>__rt_final_exit</STRONG> (Thumb, 0 bytes, Stack size unknown bytes, entry11a.o(.ARM.Collect$$$$00000011))

<P><STRONG><a name="[0]"></a>Reset_Handler</STRONG> (Thumb, 8 bytes, Stack size 0 bytes, startup_py32f002xx.o(.text))
<BR>[Address Reference Count : 1]<UL><LI> startup_py32f002xx.o(RESET)
</UL>
<P><STRONG><a name="[b]"></a>ADC_COMP_IRQHandler</STRONG> (Thumb, 0 bytes, Stack size 0 bytes, startup_py32f002xx.o(.text))
<BR><BR>[Calls]<UL><LI><a href="#[b]">&gt;&gt;</a>&nbsp;&nbsp;&nbsp;ADC_COMP_IRQHandler
</UL>
<BR>[Called By]<UL><LI><a href="#[b]">&gt;&gt;</a>&nbsp;&nbsp;&nbsp;ADC_COMP_IRQHandler
</UL>
<BR>[Address Reference Count : 1]<UL><LI> startup_py32f002xx.o(RESET)
</UL>
<P><STRONG><a name="[8]"></a>EXTI0_1_IRQHandler</STRONG> (Thumb, 0 bytes, Stack size 0 bytes, startup_py32f002xx.o(.text))
<BR>[Address Reference Count : 1]<UL><LI> startup_py32f002xx.o(RESET)
</UL>
<P><STRONG><a name="[9]"></a>EXTI2_3_IRQHandler</STRONG> (Thumb, 0 bytes, Stack size 0 bytes, startup_py32f002xx.o(.text))
<BR>[Address Reference Count : 1]<UL><LI> startup_py32f002xx.o(RESET)
</UL>
<P><STRONG><a name="[6]"></a>FLASH_IRQHandler</STRONG> (Thumb, 0 bytes, Stack size 0 bytes, startup_py32f002xx.o(.text))
<BR>[Address Reference Count : 1]<UL><LI> startup_py32f002xx.o(RESET)
</UL>
<P><STRONG><a name="[10]"></a>I2C1_IRQHandler</STRONG> (Thumb, 0 bytes, Stack size 0 bytes, startup_py32f002xx.o(.text))
<BR>[Address Reference Count : 1]<UL><LI> startup_py32f002xx.o(RESET)
</UL>
<P><STRONG><a name="[7]"></a>RCC_IRQHandler</STRONG> (Thumb, 0 bytes, Stack size 0 bytes, startup_py32f002xx.o(.text))
<BR>[Address Reference Count : 1]<UL><LI> startup_py32f002xx.o(RESET)
</UL>
<P><STRONG><a name="[11]"></a>SPI1_IRQHandler</STRONG> (Thumb, 0 bytes, Stack size 0 bytes, startup_py32f002xx.o(.text))
<BR>[Address Reference Count : 1]<UL><LI> startup_py32f002xx.o(RESET)
</UL>
<P><STRONG><a name="[f]"></a>TIM16_IRQHandler</STRONG> (Thumb, 0 bytes, Stack size 0 bytes, startup_py32f002xx.o(.text))
<BR>[Address Reference Count : 1]<UL><LI> startup_py32f002xx.o(RESET)
</UL>
<P><STRONG><a name="[c]"></a>TIM1_BRK_UP_TRG_COM_IRQHandler</STRONG> (Thumb, 0 bytes, Stack size 0 bytes, startup_py32f002xx.o(.text))
<BR>[Address Reference Count : 1]<UL><LI> startup_py32f002xx.o(RESET)
</UL>
<P><STRONG><a name="[d]"></a>TIM1_CC_IRQHandler</STRONG> (Thumb, 0 bytes, Stack size 0 bytes, startup_py32f002xx.o(.text))
<BR>[Address Reference Count : 1]<UL><LI> startup_py32f002xx.o(RESET)
</UL>
<P><STRONG><a name="[8c]"></a>__aeabi_uidiv</STRONG> (Thumb, 0 bytes, Stack size 12 bytes, uidiv.o(.text), UNUSED)

<P><STRONG><a name="[1b]"></a>__aeabi_uidivmod</STRONG> (Thumb, 44 bytes, Stack size 12 bytes, uidiv.o(.text))
<BR><BR>[Stack]<UL><LI>Max Depth = 12<LI>Call Chain = __aeabi_uidivmod
</UL>
<BR>[Called By]<UL><LI><a href="#[3d]">&gt;&gt;</a>&nbsp;&nbsp;&nbsp;SHT45_ReadTempHumi
<LI><a href="#[2b]">&gt;&gt;</a>&nbsp;&nbsp;&nbsp;HAL_I2C_Init
<LI><a href="#[83]">&gt;&gt;</a>&nbsp;&nbsp;&nbsp;UART_PrintUnsigned
<LI><a href="#[3b]">&gt;&gt;</a>&nbsp;&nbsp;&nbsp;UART_PrintSignedFixed1
<LI><a href="#[21]">&gt;&gt;</a>&nbsp;&nbsp;&nbsp;APP_DelayUs
<LI><a href="#[53]">&gt;&gt;</a>&nbsp;&nbsp;&nbsp;HAL_InitTick
<LI><a href="#[1a]">&gt;&gt;</a>&nbsp;&nbsp;&nbsp;__aeabi_idivmod
<LI><a href="#[66]">&gt;&gt;</a>&nbsp;&nbsp;&nbsp;UART_SetConfig
</UL>

<P><STRONG><a name="[8d]"></a>__aeabi_idiv</STRONG> (Thumb, 0 bytes, Stack size 16 bytes, idiv.o(.text), UNUSED)

<P><STRONG><a name="[1a]"></a>__aeabi_idivmod</STRONG> (Thumb, 40 bytes, Stack size 16 bytes, idiv.o(.text))
<BR><BR>[Stack]<UL><LI>Max Depth = 28<LI>Call Chain = __aeabi_idivmod &rArr; __aeabi_uidivmod
</UL>
<BR>[Calls]<UL><LI><a href="#[1b]">&gt;&gt;</a>&nbsp;&nbsp;&nbsp;__aeabi_uidivmod
</UL>
<BR>[Called By]<UL><LI><a href="#[7a]">&gt;&gt;</a>&nbsp;&nbsp;&nbsp;LCD_FormatSignedFixed1
<LI><a href="#[79]">&gt;&gt;</a>&nbsp;&nbsp;&nbsp;LCD_FormatHumidity
<LI><a href="#[3b]">&gt;&gt;</a>&nbsp;&nbsp;&nbsp;UART_PrintSignedFixed1
</UL>

<P><STRONG><a name="[8e]"></a>__aeabi_memcpy</STRONG> (Thumb, 36 bytes, Stack size 0 bytes, memcpya.o(.text), UNUSED)

<P><STRONG><a name="[5d]"></a>__aeabi_memcpy4</STRONG> (Thumb, 0 bytes, Stack size 0 bytes, memcpya.o(.text))
<BR><BR>[Called By]<UL><LI><a href="#[5b]">&gt;&gt;</a>&nbsp;&nbsp;&nbsp;HAL_RCC_GetSysClockFreq
</UL>

<P><STRONG><a name="[8f]"></a>__aeabi_memcpy8</STRONG> (Thumb, 0 bytes, Stack size 0 bytes, memcpya.o(.text), UNUSED)

<P><STRONG><a name="[1d]"></a>__aeabi_memset</STRONG> (Thumb, 14 bytes, Stack size 0 bytes, memseta.o(.text), UNUSED)
<BR><BR>[Called By]<UL><LI><a href="#[1e]">&gt;&gt;</a>&nbsp;&nbsp;&nbsp;_memset$wrapper
<LI><a href="#[1c]">&gt;&gt;</a>&nbsp;&nbsp;&nbsp;__aeabi_memclr
</UL>

<P><STRONG><a name="[90]"></a>__aeabi_memset4</STRONG> (Thumb, 0 bytes, Stack size 0 bytes, memseta.o(.text), UNUSED)

<P><STRONG><a name="[91]"></a>__aeabi_memset8</STRONG> (Thumb, 0 bytes, Stack size 0 bytes, memseta.o(.text), UNUSED)

<P><STRONG><a name="[1c]"></a>__aeabi_memclr</STRONG> (Thumb, 4 bytes, Stack size 0 bytes, memseta.o(.text), UNUSED)
<BR><BR>[Calls]<UL><LI><a href="#[1d]">&gt;&gt;</a>&nbsp;&nbsp;&nbsp;__aeabi_memset
</UL>

<P><STRONG><a name="[23]"></a>__aeabi_memclr4</STRONG> (Thumb, 0 bytes, Stack size 0 bytes, memseta.o(.text))
<BR><BR>[Called By]<UL><LI><a href="#[65]">&gt;&gt;</a>&nbsp;&nbsp;&nbsp;HAL_UART_MspInit
<LI><a href="#[48]">&gt;&gt;</a>&nbsp;&nbsp;&nbsp;HAL_I2C_MspInit
<LI><a href="#[6d]">&gt;&gt;</a>&nbsp;&nbsp;&nbsp;HT1621_GPIOInit
<LI><a href="#[29]">&gt;&gt;</a>&nbsp;&nbsp;&nbsp;SystemClock_Config
<LI><a href="#[35]">&gt;&gt;</a>&nbsp;&nbsp;&nbsp;APP_LPTIM_Init
<LI><a href="#[2d]">&gt;&gt;</a>&nbsp;&nbsp;&nbsp;APP_KeyInit
<LI><a href="#[22]">&gt;&gt;</a>&nbsp;&nbsp;&nbsp;APP_EnterStopMode
</UL>

<P><STRONG><a name="[92]"></a>__aeabi_memclr8</STRONG> (Thumb, 0 bytes, Stack size 0 bytes, memseta.o(.text), UNUSED)

<P><STRONG><a name="[1e]"></a>_memset$wrapper</STRONG> (Thumb, 18 bytes, Stack size 8 bytes, memseta.o(.text), UNUSED)
<BR><BR>[Calls]<UL><LI><a href="#[1d]">&gt;&gt;</a>&nbsp;&nbsp;&nbsp;__aeabi_memset
</UL>

<P><STRONG><a name="[17]"></a>__scatterload</STRONG> (Thumb, 28 bytes, Stack size 0 bytes, init.o(.text))
<BR><BR>[Calls]<UL><LI><a href="#[1f]">&gt;&gt;</a>&nbsp;&nbsp;&nbsp;__main_after_scatterload
</UL>
<BR>[Called By]<UL><LI><a href="#[16]">&gt;&gt;</a>&nbsp;&nbsp;&nbsp;_main_scatterload
</UL>

<P><STRONG><a name="[93]"></a>__scatterload_rt2</STRONG> (Thumb, 0 bytes, Stack size 0 bytes, init.o(.text), UNUSED)

<P><STRONG><a name="[13]"></a>main</STRONG> (Thumb, 44 bytes, Stack size 16 bytes, system_py32f0xx.o(i.$Sub$$main))
<BR><BR>[Stack]<UL><LI>Max Depth = 224<LI>Call Chain = main &rArr; $Super$$main &rArr; APP_RefreshMeasurement &rArr; APP_UpdateLcd &rArr; LCD_QYT12429_DisplayTemperature &rArr; LCD_DisplayChars &rArr; LCD_SetChar &rArr; LCD_SetDigitPattern &rArr; LCD_SetPoint &rArr; HT1621_SetSegment &rArr; HT1621_WriteNibble &rArr; HT1621_Write4Bit &rArr; HT1621_WriteBitsMsb &rArr; HT1621_Delay
</UL>
<BR>[Calls]<UL><LI><a href="#[20]">&gt;&gt;</a>&nbsp;&nbsp;&nbsp;$Super$$main
</UL>
<BR>[Address Reference Count : 1]<UL><LI> entry9a.o(.ARM.Collect$$$$0000000B)
</UL>
<P><STRONG><a name="[27]"></a>APP_ErrorHandler</STRONG> (Thumb, 4 bytes, Stack size 0 bytes, main.o(i.APP_ErrorHandler))
<BR><BR>[Called By]<UL><LI><a href="#[2c]">&gt;&gt;</a>&nbsp;&nbsp;&nbsp;UART_Print
<LI><a href="#[29]">&gt;&gt;</a>&nbsp;&nbsp;&nbsp;SystemClock_Config
<LI><a href="#[3f]">&gt;&gt;</a>&nbsp;&nbsp;&nbsp;APP_UART_Init
<LI><a href="#[35]">&gt;&gt;</a>&nbsp;&nbsp;&nbsp;APP_LPTIM_Init
<LI><a href="#[2a]">&gt;&gt;</a>&nbsp;&nbsp;&nbsp;APP_I2C1_Init
<LI><a href="#[22]">&gt;&gt;</a>&nbsp;&nbsp;&nbsp;APP_EnterStopMode
</UL>

<P><STRONG><a name="[43]"></a>BSP_LED_Init</STRONG> (Thumb, 92 bytes, Stack size 32 bytes, py32f002xx_start_kit.o(i.BSP_LED_Init))
<BR><BR>[Stack]<UL><LI>Max Depth = 48<LI>Call Chain = BSP_LED_Init &rArr; HAL_GPIO_Init
</UL>
<BR>[Calls]<UL><LI><a href="#[44]">&gt;&gt;</a>&nbsp;&nbsp;&nbsp;HAL_GPIO_WritePin
<LI><a href="#[2e]">&gt;&gt;</a>&nbsp;&nbsp;&nbsp;HAL_GPIO_Init
</UL>
<BR>[Called By]<UL><LI><a href="#[54]">&gt;&gt;</a>&nbsp;&nbsp;&nbsp;HAL_MspInit
</UL>

<P><STRONG><a name="[a]"></a>EXTI4_15_IRQHandler</STRONG> (Thumb, 10 bytes, Stack size 8 bytes, py32f0xx_it.o(i.EXTI4_15_IRQHandler))
<BR><BR>[Stack]<UL><LI>Max Depth = 16<LI>Call Chain = EXTI4_15_IRQHandler &rArr; HAL_GPIO_EXTI_IRQHandler
</UL>
<BR>[Calls]<UL><LI><a href="#[45]">&gt;&gt;</a>&nbsp;&nbsp;&nbsp;HAL_GPIO_EXTI_IRQHandler
</UL>
<BR>[Address Reference Count : 1]<UL><LI> startup_py32f002xx.o(RESET)
</UL>
<P><STRONG><a name="[33]"></a>HAL_Delay</STRONG> (Thumb, 38 bytes, Stack size 16 bytes, py32f0xx_hal.o(i.HAL_Delay))
<BR><BR>[Stack]<UL><LI>Max Depth = 16<LI>Call Chain = HAL_Delay
</UL>
<BR>[Calls]<UL><LI><a href="#[46]">&gt;&gt;</a>&nbsp;&nbsp;&nbsp;HAL_GetTick
</UL>
<BR>[Called By]<UL><LI><a href="#[3d]">&gt;&gt;</a>&nbsp;&nbsp;&nbsp;SHT45_ReadTempHumi
<LI><a href="#[31]">&gt;&gt;</a>&nbsp;&nbsp;&nbsp;APP_KeyIrqRefreshRequested
</UL>

<P><STRONG><a name="[47]"></a>HAL_GPIO_EXTI_Callback</STRONG> (Thumb, 12 bytes, Stack size 0 bytes, main.o(i.HAL_GPIO_EXTI_Callback))
<BR><BR>[Called By]<UL><LI><a href="#[45]">&gt;&gt;</a>&nbsp;&nbsp;&nbsp;HAL_GPIO_EXTI_IRQHandler
</UL>

<P><STRONG><a name="[45]"></a>HAL_GPIO_EXTI_IRQHandler</STRONG> (Thumb, 26 bytes, Stack size 8 bytes, py32f0xx_hal_gpio.o(i.HAL_GPIO_EXTI_IRQHandler))
<BR><BR>[Stack]<UL><LI>Max Depth = 8<LI>Call Chain = HAL_GPIO_EXTI_IRQHandler
</UL>
<BR>[Calls]<UL><LI><a href="#[47]">&gt;&gt;</a>&nbsp;&nbsp;&nbsp;HAL_GPIO_EXTI_Callback
</UL>
<BR>[Called By]<UL><LI><a href="#[a]">&gt;&gt;</a>&nbsp;&nbsp;&nbsp;EXTI4_15_IRQHandler
</UL>

<P><STRONG><a name="[2e]"></a>HAL_GPIO_Init</STRONG> (Thumb, 428 bytes, Stack size 16 bytes, py32f0xx_hal_gpio.o(i.HAL_GPIO_Init))
<BR><BR>[Stack]<UL><LI>Max Depth = 16<LI>Call Chain = HAL_GPIO_Init
</UL>
<BR>[Called By]<UL><LI><a href="#[43]">&gt;&gt;</a>&nbsp;&nbsp;&nbsp;BSP_LED_Init
<LI><a href="#[65]">&gt;&gt;</a>&nbsp;&nbsp;&nbsp;HAL_UART_MspInit
<LI><a href="#[48]">&gt;&gt;</a>&nbsp;&nbsp;&nbsp;HAL_I2C_MspInit
<LI><a href="#[6d]">&gt;&gt;</a>&nbsp;&nbsp;&nbsp;HT1621_GPIOInit
<LI><a href="#[2d]">&gt;&gt;</a>&nbsp;&nbsp;&nbsp;APP_KeyInit
</UL>

<P><STRONG><a name="[34]"></a>HAL_GPIO_ReadPin</STRONG> (Thumb, 18 bytes, Stack size 0 bytes, py32f0xx_hal_gpio.o(i.HAL_GPIO_ReadPin))
<BR><BR>[Called By]<UL><LI><a href="#[32]">&gt;&gt;</a>&nbsp;&nbsp;&nbsp;APP_KeyIsPressed
</UL>

<P><STRONG><a name="[44]"></a>HAL_GPIO_WritePin</STRONG> (Thumb, 12 bytes, Stack size 0 bytes, py32f0xx_hal_gpio.o(i.HAL_GPIO_WritePin))
<BR><BR>[Called By]<UL><LI><a href="#[43]">&gt;&gt;</a>&nbsp;&nbsp;&nbsp;BSP_LED_Init
<LI><a href="#[6b]">&gt;&gt;</a>&nbsp;&nbsp;&nbsp;HT1621_Write4Bit
<LI><a href="#[70]">&gt;&gt;</a>&nbsp;&nbsp;&nbsp;HT1621_WriteBitsMsb
<LI><a href="#[73]">&gt;&gt;</a>&nbsp;&nbsp;&nbsp;HT1621_WriteBitsLsb
<LI><a href="#[6f]">&gt;&gt;</a>&nbsp;&nbsp;&nbsp;HT1621_SendCommand
<LI><a href="#[6d]">&gt;&gt;</a>&nbsp;&nbsp;&nbsp;HT1621_GPIOInit
</UL>

<P><STRONG><a name="[46]"></a>HAL_GetTick</STRONG> (Thumb, 6 bytes, Stack size 0 bytes, py32f0xx_hal.o(i.HAL_GetTick))
<BR><BR>[Called By]<UL><LI><a href="#[4e]">&gt;&gt;</a>&nbsp;&nbsp;&nbsp;HAL_I2C_Master_Transmit
<LI><a href="#[4a]">&gt;&gt;</a>&nbsp;&nbsp;&nbsp;HAL_I2C_Master_Receive
<LI><a href="#[68]">&gt;&gt;</a>&nbsp;&nbsp;&nbsp;HAL_UART_Transmit
<LI><a href="#[36]">&gt;&gt;</a>&nbsp;&nbsp;&nbsp;HAL_RCC_OscConfig
<LI><a href="#[5a]">&gt;&gt;</a>&nbsp;&nbsp;&nbsp;HAL_RCC_ClockConfig
<LI><a href="#[33]">&gt;&gt;</a>&nbsp;&nbsp;&nbsp;HAL_Delay
<LI><a href="#[50]">&gt;&gt;</a>&nbsp;&nbsp;&nbsp;I2C_WaitOnTXEFlagUntilTimeout
<LI><a href="#[4d]">&gt;&gt;</a>&nbsp;&nbsp;&nbsp;I2C_WaitOnRXNEFlagUntilTimeout
<LI><a href="#[75]">&gt;&gt;</a>&nbsp;&nbsp;&nbsp;I2C_WaitOnMasterAddressFlagUntilTimeout
<LI><a href="#[4b]">&gt;&gt;</a>&nbsp;&nbsp;&nbsp;I2C_WaitOnFlagUntilTimeout
<LI><a href="#[51]">&gt;&gt;</a>&nbsp;&nbsp;&nbsp;I2C_WaitOnBTFFlagUntilTimeout
<LI><a href="#[69]">&gt;&gt;</a>&nbsp;&nbsp;&nbsp;UART_WaitOnFlagUntilTimeout
</UL>

<P><STRONG><a name="[2b]"></a>HAL_I2C_Init</STRONG> (Thumb, 414 bytes, Stack size 16 bytes, py32f0xx_hal_i2c.o(i.HAL_I2C_Init))
<BR><BR>[Stack]<UL><LI>Max Depth = 64<LI>Call Chain = HAL_I2C_Init &rArr; HAL_I2C_MspInit &rArr; HAL_GPIO_Init
</UL>
<BR>[Calls]<UL><LI><a href="#[48]">&gt;&gt;</a>&nbsp;&nbsp;&nbsp;HAL_I2C_MspInit
<LI><a href="#[49]">&gt;&gt;</a>&nbsp;&nbsp;&nbsp;HAL_RCC_GetPCLK1Freq
<LI><a href="#[1b]">&gt;&gt;</a>&nbsp;&nbsp;&nbsp;__aeabi_uidivmod
</UL>
<BR>[Called By]<UL><LI><a href="#[2a]">&gt;&gt;</a>&nbsp;&nbsp;&nbsp;APP_I2C1_Init
</UL>

<P><STRONG><a name="[4a]"></a>HAL_I2C_Master_Receive</STRONG> (Thumb, 796 bytes, Stack size 40 bytes, py32f0xx_hal_i2c.o(i.HAL_I2C_Master_Receive))
<BR><BR>[Stack]<UL><LI>Max Depth = 104<LI>Call Chain = HAL_I2C_Master_Receive &rArr; I2C_MasterRequestRead &rArr; I2C_WaitOnMasterAddressFlagUntilTimeout
</UL>
<BR>[Calls]<UL><LI><a href="#[4d]">&gt;&gt;</a>&nbsp;&nbsp;&nbsp;I2C_WaitOnRXNEFlagUntilTimeout
<LI><a href="#[4b]">&gt;&gt;</a>&nbsp;&nbsp;&nbsp;I2C_WaitOnFlagUntilTimeout
<LI><a href="#[4c]">&gt;&gt;</a>&nbsp;&nbsp;&nbsp;I2C_MasterRequestRead
<LI><a href="#[46]">&gt;&gt;</a>&nbsp;&nbsp;&nbsp;HAL_GetTick
</UL>
<BR>[Called By]<UL><LI><a href="#[3d]">&gt;&gt;</a>&nbsp;&nbsp;&nbsp;SHT45_ReadTempHumi
</UL>

<P><STRONG><a name="[4e]"></a>HAL_I2C_Master_Transmit</STRONG> (Thumb, 376 bytes, Stack size 40 bytes, py32f0xx_hal_i2c.o(i.HAL_I2C_Master_Transmit))
<BR><BR>[Stack]<UL><LI>Max Depth = 104<LI>Call Chain = HAL_I2C_Master_Transmit &rArr; I2C_MasterRequestWrite &rArr; I2C_WaitOnMasterAddressFlagUntilTimeout
</UL>
<BR>[Calls]<UL><LI><a href="#[50]">&gt;&gt;</a>&nbsp;&nbsp;&nbsp;I2C_WaitOnTXEFlagUntilTimeout
<LI><a href="#[4b]">&gt;&gt;</a>&nbsp;&nbsp;&nbsp;I2C_WaitOnFlagUntilTimeout
<LI><a href="#[51]">&gt;&gt;</a>&nbsp;&nbsp;&nbsp;I2C_WaitOnBTFFlagUntilTimeout
<LI><a href="#[4f]">&gt;&gt;</a>&nbsp;&nbsp;&nbsp;I2C_MasterRequestWrite
<LI><a href="#[46]">&gt;&gt;</a>&nbsp;&nbsp;&nbsp;HAL_GetTick
</UL>
<BR>[Called By]<UL><LI><a href="#[3d]">&gt;&gt;</a>&nbsp;&nbsp;&nbsp;SHT45_ReadTempHumi
</UL>

<P><STRONG><a name="[48]"></a>HAL_I2C_MspInit</STRONG> (Thumb, 178 bytes, Stack size 32 bytes, py32f0xx_hal_msp.o(i.HAL_I2C_MspInit))
<BR><BR>[Stack]<UL><LI>Max Depth = 48<LI>Call Chain = HAL_I2C_MspInit &rArr; HAL_GPIO_Init
</UL>
<BR>[Calls]<UL><LI><a href="#[2e]">&gt;&gt;</a>&nbsp;&nbsp;&nbsp;HAL_GPIO_Init
<LI><a href="#[23]">&gt;&gt;</a>&nbsp;&nbsp;&nbsp;__aeabi_memclr4
</UL>
<BR>[Called By]<UL><LI><a href="#[2b]">&gt;&gt;</a>&nbsp;&nbsp;&nbsp;HAL_I2C_Init
</UL>

<P><STRONG><a name="[81]"></a>HAL_IncTick</STRONG> (Thumb, 16 bytes, Stack size 0 bytes, py32f0xx_hal.o(i.HAL_IncTick))
<BR><BR>[Called By]<UL><LI><a href="#[5]">&gt;&gt;</a>&nbsp;&nbsp;&nbsp;SysTick_Handler
</UL>

<P><STRONG><a name="[52]"></a>HAL_Init</STRONG> (Thumb, 26 bytes, Stack size 8 bytes, py32f0xx_hal.o(i.HAL_Init))
<BR><BR>[Stack]<UL><LI>Max Depth = 64<LI>Call Chain = HAL_Init &rArr; HAL_MspInit &rArr; BSP_LED_Init &rArr; HAL_GPIO_Init
</UL>
<BR>[Calls]<UL><LI><a href="#[54]">&gt;&gt;</a>&nbsp;&nbsp;&nbsp;HAL_MspInit
<LI><a href="#[53]">&gt;&gt;</a>&nbsp;&nbsp;&nbsp;HAL_InitTick
</UL>
<BR>[Called By]<UL><LI><a href="#[20]">&gt;&gt;</a>&nbsp;&nbsp;&nbsp;$Super$$main
</UL>

<P><STRONG><a name="[53]"></a>HAL_InitTick</STRONG> (Thumb, 82 bytes, Stack size 24 bytes, py32f0xx_hal.o(i.HAL_InitTick))
<BR><BR>[Stack]<UL><LI>Max Depth = 48<LI>Call Chain = HAL_InitTick &rArr; HAL_NVIC_SetPriority &rArr; NVIC_SetPriority
</UL>
<BR>[Calls]<UL><LI><a href="#[2f]">&gt;&gt;</a>&nbsp;&nbsp;&nbsp;HAL_NVIC_SetPriority
<LI><a href="#[55]">&gt;&gt;</a>&nbsp;&nbsp;&nbsp;HAL_SYSTICK_Config
<LI><a href="#[1b]">&gt;&gt;</a>&nbsp;&nbsp;&nbsp;__aeabi_uidivmod
</UL>
<BR>[Called By]<UL><LI><a href="#[36]">&gt;&gt;</a>&nbsp;&nbsp;&nbsp;HAL_RCC_OscConfig
<LI><a href="#[5a]">&gt;&gt;</a>&nbsp;&nbsp;&nbsp;HAL_RCC_ClockConfig
<LI><a href="#[52]">&gt;&gt;</a>&nbsp;&nbsp;&nbsp;HAL_Init
</UL>

<P><STRONG><a name="[57]"></a>HAL_LPTIM_AutoReloadMatchCallback</STRONG> (Thumb, 16 bytes, Stack size 0 bytes, main.o(i.HAL_LPTIM_AutoReloadMatchCallback))
<BR><BR>[Called By]<UL><LI><a href="#[56]">&gt;&gt;</a>&nbsp;&nbsp;&nbsp;HAL_LPTIM_IRQHandler
</UL>

<P><STRONG><a name="[56]"></a>HAL_LPTIM_IRQHandler</STRONG> (Thumb, 44 bytes, Stack size 8 bytes, py32f0xx_hal_lptim.o(i.HAL_LPTIM_IRQHandler))
<BR><BR>[Stack]<UL><LI>Max Depth = 8<LI>Call Chain = HAL_LPTIM_IRQHandler
</UL>
<BR>[Calls]<UL><LI><a href="#[57]">&gt;&gt;</a>&nbsp;&nbsp;&nbsp;HAL_LPTIM_AutoReloadMatchCallback
</UL>
<BR>[Called By]<UL><LI><a href="#[e]">&gt;&gt;</a>&nbsp;&nbsp;&nbsp;LPTIM1_IRQHandler
</UL>

<P><STRONG><a name="[38]"></a>HAL_LPTIM_Init</STRONG> (Thumb, 58 bytes, Stack size 16 bytes, py32f0xx_hal_lptim.o(i.HAL_LPTIM_Init))
<BR><BR>[Stack]<UL><LI>Max Depth = 16<LI>Call Chain = HAL_LPTIM_Init
</UL>
<BR>[Calls]<UL><LI><a href="#[58]">&gt;&gt;</a>&nbsp;&nbsp;&nbsp;HAL_LPTIM_MspInit
</UL>
<BR>[Called By]<UL><LI><a href="#[35]">&gt;&gt;</a>&nbsp;&nbsp;&nbsp;APP_LPTIM_Init
</UL>

<P><STRONG><a name="[58]"></a>HAL_LPTIM_MspInit</STRONG> (Thumb, 2 bytes, Stack size 0 bytes, py32f0xx_hal_lptim.o(i.HAL_LPTIM_MspInit))
<BR><BR>[Called By]<UL><LI><a href="#[38]">&gt;&gt;</a>&nbsp;&nbsp;&nbsp;HAL_LPTIM_Init
</UL>

<P><STRONG><a name="[54]"></a>HAL_MspInit</STRONG> (Thumb, 10 bytes, Stack size 8 bytes, py32f0xx_hal_msp.o(i.HAL_MspInit))
<BR><BR>[Stack]<UL><LI>Max Depth = 56<LI>Call Chain = HAL_MspInit &rArr; BSP_LED_Init &rArr; HAL_GPIO_Init
</UL>
<BR>[Calls]<UL><LI><a href="#[43]">&gt;&gt;</a>&nbsp;&nbsp;&nbsp;BSP_LED_Init
</UL>
<BR>[Called By]<UL><LI><a href="#[52]">&gt;&gt;</a>&nbsp;&nbsp;&nbsp;HAL_Init
</UL>

<P><STRONG><a name="[30]"></a>HAL_NVIC_EnableIRQ</STRONG> (Thumb, 18 bytes, Stack size 0 bytes, py32f0xx_hal_cortex.o(i.HAL_NVIC_EnableIRQ))
<BR><BR>[Called By]<UL><LI><a href="#[35]">&gt;&gt;</a>&nbsp;&nbsp;&nbsp;APP_LPTIM_Init
<LI><a href="#[2d]">&gt;&gt;</a>&nbsp;&nbsp;&nbsp;APP_KeyInit
</UL>

<P><STRONG><a name="[2f]"></a>HAL_NVIC_SetPriority</STRONG> (Thumb, 18 bytes, Stack size 16 bytes, py32f0xx_hal_cortex.o(i.HAL_NVIC_SetPriority))
<BR><BR>[Stack]<UL><LI>Max Depth = 24<LI>Call Chain = HAL_NVIC_SetPriority &rArr; NVIC_SetPriority
</UL>
<BR>[Calls]<UL><LI><a href="#[59]">&gt;&gt;</a>&nbsp;&nbsp;&nbsp;NVIC_SetPriority
</UL>
<BR>[Called By]<UL><LI><a href="#[35]">&gt;&gt;</a>&nbsp;&nbsp;&nbsp;APP_LPTIM_Init
<LI><a href="#[2d]">&gt;&gt;</a>&nbsp;&nbsp;&nbsp;APP_KeyInit
<LI><a href="#[53]">&gt;&gt;</a>&nbsp;&nbsp;&nbsp;HAL_InitTick
</UL>

<P><STRONG><a name="[25]"></a>HAL_PWR_ConfigStopMode</STRONG> (Thumb, 38 bytes, Stack size 0 bytes, py32f0xx_hal_pwr.o(i.HAL_PWR_ConfigStopMode))
<BR><BR>[Called By]<UL><LI><a href="#[22]">&gt;&gt;</a>&nbsp;&nbsp;&nbsp;APP_EnterStopMode
</UL>

<P><STRONG><a name="[28]"></a>HAL_PWR_EnterSTOPMode</STRONG> (Thumb, 74 bytes, Stack size 0 bytes, py32f0xx_hal_pwr.o(i.HAL_PWR_EnterSTOPMode))
<BR><BR>[Called By]<UL><LI><a href="#[22]">&gt;&gt;</a>&nbsp;&nbsp;&nbsp;APP_EnterStopMode
</UL>

<P><STRONG><a name="[37]"></a>HAL_RCCEx_PeriphCLKConfig</STRONG> (Thumb, 88 bytes, Stack size 0 bytes, py32f0xx_hal_rcc_ex.o(i.HAL_RCCEx_PeriphCLKConfig))
<BR><BR>[Called By]<UL><LI><a href="#[35]">&gt;&gt;</a>&nbsp;&nbsp;&nbsp;APP_LPTIM_Init
</UL>

<P><STRONG><a name="[5a]"></a>HAL_RCC_ClockConfig</STRONG> (Thumb, 394 bytes, Stack size 16 bytes, py32f0xx_hal_rcc.o(i.HAL_RCC_ClockConfig))
<BR><BR>[Stack]<UL><LI>Max Depth = 64<LI>Call Chain = HAL_RCC_ClockConfig &rArr; HAL_InitTick &rArr; HAL_NVIC_SetPriority &rArr; NVIC_SetPriority
</UL>
<BR>[Calls]<UL><LI><a href="#[5b]">&gt;&gt;</a>&nbsp;&nbsp;&nbsp;HAL_RCC_GetSysClockFreq
<LI><a href="#[53]">&gt;&gt;</a>&nbsp;&nbsp;&nbsp;HAL_InitTick
<LI><a href="#[46]">&gt;&gt;</a>&nbsp;&nbsp;&nbsp;HAL_GetTick
</UL>
<BR>[Called By]<UL><LI><a href="#[29]">&gt;&gt;</a>&nbsp;&nbsp;&nbsp;SystemClock_Config
</UL>

<P><STRONG><a name="[5c]"></a>HAL_RCC_GetHCLKFreq</STRONG> (Thumb, 6 bytes, Stack size 0 bytes, py32f0xx_hal_rcc.o(i.HAL_RCC_GetHCLKFreq))
<BR><BR>[Called By]<UL><LI><a href="#[49]">&gt;&gt;</a>&nbsp;&nbsp;&nbsp;HAL_RCC_GetPCLK1Freq
</UL>

<P><STRONG><a name="[49]"></a>HAL_RCC_GetPCLK1Freq</STRONG> (Thumb, 32 bytes, Stack size 4 bytes, py32f0xx_hal_rcc.o(i.HAL_RCC_GetPCLK1Freq))
<BR><BR>[Stack]<UL><LI>Max Depth = 4<LI>Call Chain = HAL_RCC_GetPCLK1Freq
</UL>
<BR>[Calls]<UL><LI><a href="#[5c]">&gt;&gt;</a>&nbsp;&nbsp;&nbsp;HAL_RCC_GetHCLKFreq
</UL>
<BR>[Called By]<UL><LI><a href="#[2b]">&gt;&gt;</a>&nbsp;&nbsp;&nbsp;HAL_I2C_Init
<LI><a href="#[66]">&gt;&gt;</a>&nbsp;&nbsp;&nbsp;UART_SetConfig
</UL>

<P><STRONG><a name="[5b]"></a>HAL_RCC_GetSysClockFreq</STRONG> (Thumb, 92 bytes, Stack size 32 bytes, py32f0xx_hal_rcc.o(i.HAL_RCC_GetSysClockFreq))
<BR><BR>[Stack]<UL><LI>Max Depth = 32<LI>Call Chain = HAL_RCC_GetSysClockFreq
</UL>
<BR>[Calls]<UL><LI><a href="#[5d]">&gt;&gt;</a>&nbsp;&nbsp;&nbsp;__aeabi_memcpy4
</UL>
<BR>[Called By]<UL><LI><a href="#[36]">&gt;&gt;</a>&nbsp;&nbsp;&nbsp;HAL_RCC_OscConfig
<LI><a href="#[5a]">&gt;&gt;</a>&nbsp;&nbsp;&nbsp;HAL_RCC_ClockConfig
</UL>

<P><STRONG><a name="[36]"></a>HAL_RCC_OscConfig</STRONG> (Thumb, 770 bytes, Stack size 16 bytes, py32f0xx_hal_rcc.o(i.HAL_RCC_OscConfig))
<BR><BR>[Stack]<UL><LI>Max Depth = 64<LI>Call Chain = HAL_RCC_OscConfig &rArr; HAL_InitTick &rArr; HAL_NVIC_SetPriority &rArr; NVIC_SetPriority
</UL>
<BR>[Calls]<UL><LI><a href="#[5b]">&gt;&gt;</a>&nbsp;&nbsp;&nbsp;HAL_RCC_GetSysClockFreq
<LI><a href="#[53]">&gt;&gt;</a>&nbsp;&nbsp;&nbsp;HAL_InitTick
<LI><a href="#[46]">&gt;&gt;</a>&nbsp;&nbsp;&nbsp;HAL_GetTick
</UL>
<BR>[Called By]<UL><LI><a href="#[29]">&gt;&gt;</a>&nbsp;&nbsp;&nbsp;SystemClock_Config
<LI><a href="#[35]">&gt;&gt;</a>&nbsp;&nbsp;&nbsp;APP_LPTIM_Init
</UL>

<P><STRONG><a name="[26]"></a>HAL_ResumeTick</STRONG> (Thumb, 14 bytes, Stack size 0 bytes, py32f0xx_hal.o(i.HAL_ResumeTick))
<BR><BR>[Called By]<UL><LI><a href="#[22]">&gt;&gt;</a>&nbsp;&nbsp;&nbsp;APP_EnterStopMode
</UL>

<P><STRONG><a name="[55]"></a>HAL_SYSTICK_Config</STRONG> (Thumb, 46 bytes, Stack size 16 bytes, py32f0xx_hal_cortex.o(i.HAL_SYSTICK_Config))
<BR><BR>[Stack]<UL><LI>Max Depth = 24<LI>Call Chain = HAL_SYSTICK_Config &rArr; NVIC_SetPriority
</UL>
<BR>[Calls]<UL><LI><a href="#[59]">&gt;&gt;</a>&nbsp;&nbsp;&nbsp;NVIC_SetPriority
</UL>
<BR>[Called By]<UL><LI><a href="#[53]">&gt;&gt;</a>&nbsp;&nbsp;&nbsp;HAL_InitTick
</UL>

<P><STRONG><a name="[24]"></a>HAL_SuspendTick</STRONG> (Thumb, 14 bytes, Stack size 0 bytes, py32f0xx_hal.o(i.HAL_SuspendTick))
<BR><BR>[Called By]<UL><LI><a href="#[22]">&gt;&gt;</a>&nbsp;&nbsp;&nbsp;APP_EnterStopMode
</UL>

<P><STRONG><a name="[61]"></a>HAL_UART_ErrorCallback</STRONG> (Thumb, 2 bytes, Stack size 0 bytes, py32f0xx_hal_uart.o(i.HAL_UART_ErrorCallback))
<BR><BR>[Called By]<UL><LI><a href="#[5e]">&gt;&gt;</a>&nbsp;&nbsp;&nbsp;HAL_UART_IRQHandler
</UL>

<P><STRONG><a name="[5e]"></a>HAL_UART_IRQHandler</STRONG> (Thumb, 338 bytes, Stack size 32 bytes, py32f0xx_hal_uart.o(i.HAL_UART_IRQHandler))
<BR><BR>[Stack]<UL><LI>Max Depth = 48<LI>Call Chain = HAL_UART_IRQHandler &rArr; UART_Receive_IT
</UL>
<BR>[Calls]<UL><LI><a href="#[62]">&gt;&gt;</a>&nbsp;&nbsp;&nbsp;HAL_UART_IdleFrameDetectCpltCallback
<LI><a href="#[61]">&gt;&gt;</a>&nbsp;&nbsp;&nbsp;HAL_UART_ErrorCallback
<LI><a href="#[63]">&gt;&gt;</a>&nbsp;&nbsp;&nbsp;UART_Transmit_IT
<LI><a href="#[5f]">&gt;&gt;</a>&nbsp;&nbsp;&nbsp;UART_Receive_IT
<LI><a href="#[64]">&gt;&gt;</a>&nbsp;&nbsp;&nbsp;UART_EndTransmit_IT
<LI><a href="#[60]">&gt;&gt;</a>&nbsp;&nbsp;&nbsp;UART_EndRxTransfer
</UL>
<BR>[Called By]<UL><LI><a href="#[12]">&gt;&gt;</a>&nbsp;&nbsp;&nbsp;USART1_IRQHandler
</UL>

<P><STRONG><a name="[62]"></a>HAL_UART_IdleFrameDetectCpltCallback</STRONG> (Thumb, 2 bytes, Stack size 0 bytes, py32f0xx_hal_uart.o(i.HAL_UART_IdleFrameDetectCpltCallback))
<BR><BR>[Called By]<UL><LI><a href="#[5e]">&gt;&gt;</a>&nbsp;&nbsp;&nbsp;HAL_UART_IRQHandler
</UL>

<P><STRONG><a name="[40]"></a>HAL_UART_Init</STRONG> (Thumb, 138 bytes, Stack size 8 bytes, py32f0xx_hal_uart.o(i.HAL_UART_Init))
<BR><BR>[Stack]<UL><LI>Max Depth = 56<LI>Call Chain = HAL_UART_Init &rArr; HAL_UART_MspInit &rArr; HAL_GPIO_Init
</UL>
<BR>[Calls]<UL><LI><a href="#[65]">&gt;&gt;</a>&nbsp;&nbsp;&nbsp;HAL_UART_MspInit
<LI><a href="#[66]">&gt;&gt;</a>&nbsp;&nbsp;&nbsp;UART_SetConfig
<LI><a href="#[67]">&gt;&gt;</a>&nbsp;&nbsp;&nbsp;UART_AdvFeatureConfig
</UL>
<BR>[Called By]<UL><LI><a href="#[3f]">&gt;&gt;</a>&nbsp;&nbsp;&nbsp;APP_UART_Init
</UL>

<P><STRONG><a name="[65]"></a>HAL_UART_MspInit</STRONG> (Thumb, 166 bytes, Stack size 32 bytes, py32f0xx_hal_msp.o(i.HAL_UART_MspInit))
<BR><BR>[Stack]<UL><LI>Max Depth = 48<LI>Call Chain = HAL_UART_MspInit &rArr; HAL_GPIO_Init
</UL>
<BR>[Calls]<UL><LI><a href="#[2e]">&gt;&gt;</a>&nbsp;&nbsp;&nbsp;HAL_GPIO_Init
<LI><a href="#[23]">&gt;&gt;</a>&nbsp;&nbsp;&nbsp;__aeabi_memclr4
</UL>
<BR>[Called By]<UL><LI><a href="#[40]">&gt;&gt;</a>&nbsp;&nbsp;&nbsp;HAL_UART_Init
</UL>

<P><STRONG><a name="[84]"></a>HAL_UART_RxCpltCallback</STRONG> (Thumb, 2 bytes, Stack size 0 bytes, py32f0xx_hal_uart.o(i.HAL_UART_RxCpltCallback))
<BR><BR>[Called By]<UL><LI><a href="#[5f]">&gt;&gt;</a>&nbsp;&nbsp;&nbsp;UART_Receive_IT
</UL>

<P><STRONG><a name="[68]"></a>HAL_UART_Transmit</STRONG> (Thumb, 254 bytes, Stack size 48 bytes, py32f0xx_hal_uart.o(i.HAL_UART_Transmit))
<BR><BR>[Stack]<UL><LI>Max Depth = 88<LI>Call Chain = HAL_UART_Transmit &rArr; UART_WaitOnFlagUntilTimeout
</UL>
<BR>[Calls]<UL><LI><a href="#[46]">&gt;&gt;</a>&nbsp;&nbsp;&nbsp;HAL_GetTick
<LI><a href="#[69]">&gt;&gt;</a>&nbsp;&nbsp;&nbsp;UART_WaitOnFlagUntilTimeout
</UL>
<BR>[Called By]<UL><LI><a href="#[2c]">&gt;&gt;</a>&nbsp;&nbsp;&nbsp;UART_Print
</UL>

<P><STRONG><a name="[82]"></a>HAL_UART_TxCpltCallback</STRONG> (Thumb, 2 bytes, Stack size 0 bytes, py32f0xx_hal_uart.o(i.HAL_UART_TxCpltCallback))
<BR><BR>[Called By]<UL><LI><a href="#[64]">&gt;&gt;</a>&nbsp;&nbsp;&nbsp;UART_EndTransmit_IT
</UL>

<P><STRONG><a name="[6a]"></a>HT1621_AllOffRaw</STRONG> (Thumb, 24 bytes, Stack size 8 bytes, ht1621.o(i.HT1621_AllOffRaw))
<BR><BR>[Stack]<UL><LI>Max Depth = 48<LI>Call Chain = HT1621_AllOffRaw &rArr; HT1621_Write4Bit &rArr; HT1621_WriteBitsMsb &rArr; HT1621_Delay
</UL>
<BR>[Calls]<UL><LI><a href="#[6b]">&gt;&gt;</a>&nbsp;&nbsp;&nbsp;HT1621_Write4Bit
</UL>
<BR>[Called By]<UL><LI><a href="#[6c]">&gt;&gt;</a>&nbsp;&nbsp;&nbsp;HT1621_Clear
</UL>

<P><STRONG><a name="[6c]"></a>HT1621_Clear</STRONG> (Thumb, 8 bytes, Stack size 8 bytes, ht1621.o(i.HT1621_Clear))
<BR><BR>[Stack]<UL><LI>Max Depth = 56<LI>Call Chain = HT1621_Clear &rArr; HT1621_AllOffRaw &rArr; HT1621_Write4Bit &rArr; HT1621_WriteBitsMsb &rArr; HT1621_Delay
</UL>
<BR>[Calls]<UL><LI><a href="#[6a]">&gt;&gt;</a>&nbsp;&nbsp;&nbsp;HT1621_AllOffRaw
</UL>
<BR>[Called By]<UL><LI><a href="#[7b]">&gt;&gt;</a>&nbsp;&nbsp;&nbsp;LCD_QYT12429_Clear
<LI><a href="#[6e]">&gt;&gt;</a>&nbsp;&nbsp;&nbsp;HT1621_Init
</UL>

<P><STRONG><a name="[6e]"></a>HT1621_Init</STRONG> (Thumb, 36 bytes, Stack size 8 bytes, ht1621.o(i.HT1621_Init))
<BR><BR>[Stack]<UL><LI>Max Depth = 64<LI>Call Chain = HT1621_Init &rArr; HT1621_Clear &rArr; HT1621_AllOffRaw &rArr; HT1621_Write4Bit &rArr; HT1621_WriteBitsMsb &rArr; HT1621_Delay
</UL>
<BR>[Calls]<UL><LI><a href="#[6c]">&gt;&gt;</a>&nbsp;&nbsp;&nbsp;HT1621_Clear
<LI><a href="#[6f]">&gt;&gt;</a>&nbsp;&nbsp;&nbsp;HT1621_SendCommand
<LI><a href="#[6d]">&gt;&gt;</a>&nbsp;&nbsp;&nbsp;HT1621_GPIOInit
</UL>
<BR>[Called By]<UL><LI><a href="#[20]">&gt;&gt;</a>&nbsp;&nbsp;&nbsp;$Super$$main
</UL>

<P><STRONG><a name="[71]"></a>HT1621_SetSegment</STRONG> (Thumb, 64 bytes, Stack size 24 bytes, ht1621.o(i.HT1621_SetSegment))
<BR><BR>[Stack]<UL><LI>Max Depth = 80<LI>Call Chain = HT1621_SetSegment &rArr; HT1621_WriteNibble &rArr; HT1621_Write4Bit &rArr; HT1621_WriteBitsMsb &rArr; HT1621_Delay
</UL>
<BR>[Calls]<UL><LI><a href="#[72]">&gt;&gt;</a>&nbsp;&nbsp;&nbsp;HT1621_WriteNibble
</UL>
<BR>[Called By]<UL><LI><a href="#[7c]">&gt;&gt;</a>&nbsp;&nbsp;&nbsp;LCD_SetPoint
</UL>

<P><STRONG><a name="[6b]"></a>HT1621_Write4Bit</STRONG> (Thumb, 76 bytes, Stack size 16 bytes, ht1621.o(i.HT1621_Write4Bit))
<BR><BR>[Stack]<UL><LI>Max Depth = 40<LI>Call Chain = HT1621_Write4Bit &rArr; HT1621_WriteBitsMsb &rArr; HT1621_Delay
</UL>
<BR>[Calls]<UL><LI><a href="#[44]">&gt;&gt;</a>&nbsp;&nbsp;&nbsp;HAL_GPIO_WritePin
<LI><a href="#[70]">&gt;&gt;</a>&nbsp;&nbsp;&nbsp;HT1621_WriteBitsMsb
<LI><a href="#[73]">&gt;&gt;</a>&nbsp;&nbsp;&nbsp;HT1621_WriteBitsLsb
</UL>
<BR>[Called By]<UL><LI><a href="#[72]">&gt;&gt;</a>&nbsp;&nbsp;&nbsp;HT1621_WriteNibble
<LI><a href="#[6a]">&gt;&gt;</a>&nbsp;&nbsp;&nbsp;HT1621_AllOffRaw
</UL>

<P><STRONG><a name="[72]"></a>HT1621_WriteNibble</STRONG> (Thumb, 16 bytes, Stack size 16 bytes, ht1621.o(i.HT1621_WriteNibble))
<BR><BR>[Stack]<UL><LI>Max Depth = 56<LI>Call Chain = HT1621_WriteNibble &rArr; HT1621_Write4Bit &rArr; HT1621_WriteBitsMsb &rArr; HT1621_Delay
</UL>
<BR>[Calls]<UL><LI><a href="#[6b]">&gt;&gt;</a>&nbsp;&nbsp;&nbsp;HT1621_Write4Bit
</UL>
<BR>[Called By]<UL><LI><a href="#[71]">&gt;&gt;</a>&nbsp;&nbsp;&nbsp;HT1621_SetSegment
</UL>

<P><STRONG><a name="[2]"></a>HardFault_Handler</STRONG> (Thumb, 4 bytes, Stack size 0 bytes, py32f0xx_it.o(i.HardFault_Handler))
<BR>[Address Reference Count : 1]<UL><LI> startup_py32f002xx.o(RESET)
</UL>
<P><STRONG><a name="[7b]"></a>LCD_QYT12429_Clear</STRONG> (Thumb, 8 bytes, Stack size 8 bytes, lcd_qyt12429.o(i.LCD_QYT12429_Clear))
<BR><BR>[Stack]<UL><LI>Max Depth = 64<LI>Call Chain = LCD_QYT12429_Clear &rArr; HT1621_Clear &rArr; HT1621_AllOffRaw &rArr; HT1621_Write4Bit &rArr; HT1621_WriteBitsMsb &rArr; HT1621_Delay
</UL>
<BR>[Calls]<UL><LI><a href="#[6c]">&gt;&gt;</a>&nbsp;&nbsp;&nbsp;HT1621_Clear
</UL>
<BR>[Called By]<UL><LI><a href="#[7d]">&gt;&gt;</a>&nbsp;&nbsp;&nbsp;LCD_QYT12429_Init
<LI><a href="#[20]">&gt;&gt;</a>&nbsp;&nbsp;&nbsp;$Super$$main
</UL>

<P><STRONG><a name="[42]"></a>LCD_QYT12429_DisplayHumidity</STRONG> (Thumb, 38 bytes, Stack size 16 bytes, lcd_qyt12429.o(i.LCD_QYT12429_DisplayHumidity))
<BR><BR>[Stack]<UL><LI>Max Depth = 192<LI>Call Chain = LCD_QYT12429_DisplayHumidity &rArr; LCD_DisplayChars &rArr; LCD_SetChar &rArr; LCD_SetDigitPattern &rArr; LCD_SetPoint &rArr; HT1621_SetSegment &rArr; HT1621_WriteNibble &rArr; HT1621_Write4Bit &rArr; HT1621_WriteBitsMsb &rArr; HT1621_Delay
</UL>
<BR>[Calls]<UL><LI><a href="#[7c]">&gt;&gt;</a>&nbsp;&nbsp;&nbsp;LCD_SetPoint
<LI><a href="#[79]">&gt;&gt;</a>&nbsp;&nbsp;&nbsp;LCD_FormatHumidity
<LI><a href="#[77]">&gt;&gt;</a>&nbsp;&nbsp;&nbsp;LCD_DisplayChars
</UL>
<BR>[Called By]<UL><LI><a href="#[3e]">&gt;&gt;</a>&nbsp;&nbsp;&nbsp;APP_UpdateLcd
</UL>

<P><STRONG><a name="[41]"></a>LCD_QYT12429_DisplayTemperature</STRONG> (Thumb, 38 bytes, Stack size 16 bytes, lcd_qyt12429.o(i.LCD_QYT12429_DisplayTemperature))
<BR><BR>[Stack]<UL><LI>Max Depth = 192<LI>Call Chain = LCD_QYT12429_DisplayTemperature &rArr; LCD_DisplayChars &rArr; LCD_SetChar &rArr; LCD_SetDigitPattern &rArr; LCD_SetPoint &rArr; HT1621_SetSegment &rArr; HT1621_WriteNibble &rArr; HT1621_Write4Bit &rArr; HT1621_WriteBitsMsb &rArr; HT1621_Delay
</UL>
<BR>[Calls]<UL><LI><a href="#[7c]">&gt;&gt;</a>&nbsp;&nbsp;&nbsp;LCD_SetPoint
<LI><a href="#[7a]">&gt;&gt;</a>&nbsp;&nbsp;&nbsp;LCD_FormatSignedFixed1
<LI><a href="#[77]">&gt;&gt;</a>&nbsp;&nbsp;&nbsp;LCD_DisplayChars
</UL>
<BR>[Called By]<UL><LI><a href="#[3e]">&gt;&gt;</a>&nbsp;&nbsp;&nbsp;APP_UpdateLcd
</UL>

<P><STRONG><a name="[7d]"></a>LCD_QYT12429_Init</STRONG> (Thumb, 8 bytes, Stack size 8 bytes, lcd_qyt12429.o(i.LCD_QYT12429_Init))
<BR><BR>[Stack]<UL><LI>Max Depth = 72<LI>Call Chain = LCD_QYT12429_Init &rArr; LCD_QYT12429_Clear &rArr; HT1621_Clear &rArr; HT1621_AllOffRaw &rArr; HT1621_Write4Bit &rArr; HT1621_WriteBitsMsb &rArr; HT1621_Delay
</UL>
<BR>[Calls]<UL><LI><a href="#[7b]">&gt;&gt;</a>&nbsp;&nbsp;&nbsp;LCD_QYT12429_Clear
</UL>
<BR>[Called By]<UL><LI><a href="#[20]">&gt;&gt;</a>&nbsp;&nbsp;&nbsp;$Super$$main
</UL>

<P><STRONG><a name="[e]"></a>LPTIM1_IRQHandler</STRONG> (Thumb, 10 bytes, Stack size 8 bytes, py32f0xx_it.o(i.LPTIM1_IRQHandler))
<BR><BR>[Stack]<UL><LI>Max Depth = 16<LI>Call Chain = LPTIM1_IRQHandler &rArr; HAL_LPTIM_IRQHandler
</UL>
<BR>[Calls]<UL><LI><a href="#[56]">&gt;&gt;</a>&nbsp;&nbsp;&nbsp;HAL_LPTIM_IRQHandler
</UL>
<BR>[Address Reference Count : 1]<UL><LI> startup_py32f002xx.o(RESET)
</UL>
<P><STRONG><a name="[1]"></a>NMI_Handler</STRONG> (Thumb, 2 bytes, Stack size 0 bytes, py32f0xx_it.o(i.NMI_Handler))
<BR>[Address Reference Count : 1]<UL><LI> startup_py32f002xx.o(RESET)
</UL>
<P><STRONG><a name="[4]"></a>PendSV_Handler</STRONG> (Thumb, 2 bytes, Stack size 0 bytes, py32f0xx_it.o(i.PendSV_Handler))
<BR>[Address Reference Count : 1]<UL><LI> startup_py32f002xx.o(RESET)
</UL>
<P><STRONG><a name="[7f]"></a>SHT45_CheckCrc</STRONG> (Thumb, 28 bytes, Stack size 16 bytes, sht45.o(i.SHT45_CheckCrc))
<BR><BR>[Stack]<UL><LI>Max Depth = 32<LI>Call Chain = SHT45_CheckCrc &rArr; SHT45_CalcCrc
</UL>
<BR>[Calls]<UL><LI><a href="#[80]">&gt;&gt;</a>&nbsp;&nbsp;&nbsp;SHT45_CalcCrc
</UL>
<BR>[Called By]<UL><LI><a href="#[3d]">&gt;&gt;</a>&nbsp;&nbsp;&nbsp;SHT45_ReadTempHumi
</UL>

<P><STRONG><a name="[85]"></a>SHT45_Init</STRONG> (Thumb, 6 bytes, Stack size 0 bytes, sht45.o(i.SHT45_Init))
<BR><BR>[Called By]<UL><LI><a href="#[20]">&gt;&gt;</a>&nbsp;&nbsp;&nbsp;$Super$$main
</UL>

<P><STRONG><a name="[3d]"></a>SHT45_ReadTempHumi</STRONG> (Thumb, 212 bytes, Stack size 24 bytes, sht45.o(i.SHT45_ReadTempHumi))
<BR><BR>[Stack]<UL><LI>Max Depth = 128<LI>Call Chain = SHT45_ReadTempHumi &rArr; HAL_I2C_Master_Transmit &rArr; I2C_MasterRequestWrite &rArr; I2C_WaitOnMasterAddressFlagUntilTimeout
</UL>
<BR>[Calls]<UL><LI><a href="#[4e]">&gt;&gt;</a>&nbsp;&nbsp;&nbsp;HAL_I2C_Master_Transmit
<LI><a href="#[4a]">&gt;&gt;</a>&nbsp;&nbsp;&nbsp;HAL_I2C_Master_Receive
<LI><a href="#[7f]">&gt;&gt;</a>&nbsp;&nbsp;&nbsp;SHT45_CheckCrc
<LI><a href="#[33]">&gt;&gt;</a>&nbsp;&nbsp;&nbsp;HAL_Delay
<LI><a href="#[1b]">&gt;&gt;</a>&nbsp;&nbsp;&nbsp;__aeabi_uidivmod
</UL>
<BR>[Called By]<UL><LI><a href="#[3c]">&gt;&gt;</a>&nbsp;&nbsp;&nbsp;APP_RefreshMeasurement
</UL>

<P><STRONG><a name="[3]"></a>SVC_Handler</STRONG> (Thumb, 2 bytes, Stack size 0 bytes, py32f0xx_it.o(i.SVC_Handler))
<BR>[Address Reference Count : 1]<UL><LI> startup_py32f002xx.o(RESET)
</UL>
<P><STRONG><a name="[5]"></a>SysTick_Handler</STRONG> (Thumb, 8 bytes, Stack size 8 bytes, py32f0xx_it.o(i.SysTick_Handler))
<BR><BR>[Stack]<UL><LI>Max Depth = 8<LI>Call Chain = SysTick_Handler
</UL>
<BR>[Calls]<UL><LI><a href="#[81]">&gt;&gt;</a>&nbsp;&nbsp;&nbsp;HAL_IncTick
</UL>
<BR>[Address Reference Count : 1]<UL><LI> startup_py32f002xx.o(RESET)
</UL>
<P><STRONG><a name="[14]"></a>SystemInit</STRONG> (Thumb, 60 bytes, Stack size 0 bytes, system_py32f0xx.o(i.SystemInit))
<BR>[Address Reference Count : 1]<UL><LI> startup_py32f002xx.o(.text)
</UL>
<P><STRONG><a name="[12]"></a>USART1_IRQHandler</STRONG> (Thumb, 10 bytes, Stack size 8 bytes, py32f0xx_it.o(i.USART1_IRQHandler))
<BR><BR>[Stack]<UL><LI>Max Depth = 56<LI>Call Chain = USART1_IRQHandler &rArr; HAL_UART_IRQHandler &rArr; UART_Receive_IT
</UL>
<BR>[Calls]<UL><LI><a href="#[5e]">&gt;&gt;</a>&nbsp;&nbsp;&nbsp;HAL_UART_IRQHandler
</UL>
<BR>[Address Reference Count : 1]<UL><LI> startup_py32f002xx.o(RESET)
</UL>
<P><STRONG><a name="[94]"></a>__scatterload_copy</STRONG> (Thumb, 14 bytes, Stack size unknown bytes, handlers.o(i.__scatterload_copy), UNUSED)

<P><STRONG><a name="[95]"></a>__scatterload_null</STRONG> (Thumb, 2 bytes, Stack size unknown bytes, handlers.o(i.__scatterload_null), UNUSED)

<P><STRONG><a name="[96]"></a>__scatterload_zeroinit</STRONG> (Thumb, 14 bytes, Stack size unknown bytes, handlers.o(i.__scatterload_zeroinit), UNUSED)

<P><STRONG><a name="[20]"></a>$Super$$main</STRONG> (Thumb, 134 bytes, Stack size 0 bytes, main.o(i.main))
<BR><BR>[Stack]<UL><LI>Max Depth = 208<LI>Call Chain = $Super$$main &rArr; APP_RefreshMeasurement &rArr; APP_UpdateLcd &rArr; LCD_QYT12429_DisplayTemperature &rArr; LCD_DisplayChars &rArr; LCD_SetChar &rArr; LCD_SetDigitPattern &rArr; LCD_SetPoint &rArr; HT1621_SetSegment &rArr; HT1621_WriteNibble &rArr; HT1621_Write4Bit &rArr; HT1621_WriteBitsMsb &rArr; HT1621_Delay
</UL>
<BR>[Calls]<UL><LI><a href="#[85]">&gt;&gt;</a>&nbsp;&nbsp;&nbsp;SHT45_Init
<LI><a href="#[7d]">&gt;&gt;</a>&nbsp;&nbsp;&nbsp;LCD_QYT12429_Init
<LI><a href="#[7b]">&gt;&gt;</a>&nbsp;&nbsp;&nbsp;LCD_QYT12429_Clear
<LI><a href="#[6e]">&gt;&gt;</a>&nbsp;&nbsp;&nbsp;HT1621_Init
<LI><a href="#[52]">&gt;&gt;</a>&nbsp;&nbsp;&nbsp;HAL_Init
<LI><a href="#[2c]">&gt;&gt;</a>&nbsp;&nbsp;&nbsp;UART_Print
<LI><a href="#[3f]">&gt;&gt;</a>&nbsp;&nbsp;&nbsp;APP_UART_Init
<LI><a href="#[3c]">&gt;&gt;</a>&nbsp;&nbsp;&nbsp;APP_RefreshMeasurement
<LI><a href="#[39]">&gt;&gt;</a>&nbsp;&nbsp;&nbsp;APP_LPTIM_Start30s
<LI><a href="#[35]">&gt;&gt;</a>&nbsp;&nbsp;&nbsp;APP_LPTIM_Init
<LI><a href="#[31]">&gt;&gt;</a>&nbsp;&nbsp;&nbsp;APP_KeyIrqRefreshRequested
<LI><a href="#[2d]">&gt;&gt;</a>&nbsp;&nbsp;&nbsp;APP_KeyInit
<LI><a href="#[2a]">&gt;&gt;</a>&nbsp;&nbsp;&nbsp;APP_I2C1_Init
<LI><a href="#[22]">&gt;&gt;</a>&nbsp;&nbsp;&nbsp;APP_EnterStopMode
</UL>
<BR>[Called By]<UL><LI><a href="#[13]">&gt;&gt;</a>&nbsp;&nbsp;&nbsp;main
</UL>
<P>
<H3>
Local Symbols
</H3>
<P><STRONG><a name="[21]"></a>APP_DelayUs</STRONG> (Thumb, 44 bytes, Stack size 16 bytes, main.o(i.APP_DelayUs))
<BR><BR>[Stack]<UL><LI>Max Depth = 28<LI>Call Chain = APP_DelayUs &rArr; __aeabi_uidivmod
</UL>
<BR>[Calls]<UL><LI><a href="#[1b]">&gt;&gt;</a>&nbsp;&nbsp;&nbsp;__aeabi_uidivmod
</UL>
<BR>[Called By]<UL><LI><a href="#[39]">&gt;&gt;</a>&nbsp;&nbsp;&nbsp;APP_LPTIM_Start30s
</UL>

<P><STRONG><a name="[22]"></a>APP_EnterStopMode</STRONG> (Thumb, 128 bytes, Stack size 32 bytes, main.o(i.APP_EnterStopMode))
<BR><BR>[Stack]<UL><LI>Max Depth = 144<LI>Call Chain = APP_EnterStopMode &rArr; SystemClock_Config &rArr; HAL_RCC_OscConfig &rArr; HAL_InitTick &rArr; HAL_NVIC_SetPriority &rArr; NVIC_SetPriority
</UL>
<BR>[Calls]<UL><LI><a href="#[24]">&gt;&gt;</a>&nbsp;&nbsp;&nbsp;HAL_SuspendTick
<LI><a href="#[26]">&gt;&gt;</a>&nbsp;&nbsp;&nbsp;HAL_ResumeTick
<LI><a href="#[28]">&gt;&gt;</a>&nbsp;&nbsp;&nbsp;HAL_PWR_EnterSTOPMode
<LI><a href="#[25]">&gt;&gt;</a>&nbsp;&nbsp;&nbsp;HAL_PWR_ConfigStopMode
<LI><a href="#[27]">&gt;&gt;</a>&nbsp;&nbsp;&nbsp;APP_ErrorHandler
<LI><a href="#[29]">&gt;&gt;</a>&nbsp;&nbsp;&nbsp;SystemClock_Config
<LI><a href="#[23]">&gt;&gt;</a>&nbsp;&nbsp;&nbsp;__aeabi_memclr4
</UL>
<BR>[Called By]<UL><LI><a href="#[20]">&gt;&gt;</a>&nbsp;&nbsp;&nbsp;$Super$$main
</UL>

<P><STRONG><a name="[2a]"></a>APP_I2C1_Init</STRONG> (Thumb, 48 bytes, Stack size 8 bytes, main.o(i.APP_I2C1_Init))
<BR><BR>[Stack]<UL><LI>Max Depth = 112<LI>Call Chain = APP_I2C1_Init &rArr; UART_Print &rArr; HAL_UART_Transmit &rArr; UART_WaitOnFlagUntilTimeout
</UL>
<BR>[Calls]<UL><LI><a href="#[2b]">&gt;&gt;</a>&nbsp;&nbsp;&nbsp;HAL_I2C_Init
<LI><a href="#[27]">&gt;&gt;</a>&nbsp;&nbsp;&nbsp;APP_ErrorHandler
<LI><a href="#[2c]">&gt;&gt;</a>&nbsp;&nbsp;&nbsp;UART_Print
</UL>
<BR>[Called By]<UL><LI><a href="#[20]">&gt;&gt;</a>&nbsp;&nbsp;&nbsp;$Super$$main
</UL>

<P><STRONG><a name="[2d]"></a>APP_KeyInit</STRONG> (Thumb, 118 bytes, Stack size 32 bytes, main.o(i.APP_KeyInit))
<BR><BR>[Stack]<UL><LI>Max Depth = 56<LI>Call Chain = APP_KeyInit &rArr; HAL_NVIC_SetPriority &rArr; NVIC_SetPriority
</UL>
<BR>[Calls]<UL><LI><a href="#[2f]">&gt;&gt;</a>&nbsp;&nbsp;&nbsp;HAL_NVIC_SetPriority
<LI><a href="#[30]">&gt;&gt;</a>&nbsp;&nbsp;&nbsp;HAL_NVIC_EnableIRQ
<LI><a href="#[2e]">&gt;&gt;</a>&nbsp;&nbsp;&nbsp;HAL_GPIO_Init
<LI><a href="#[23]">&gt;&gt;</a>&nbsp;&nbsp;&nbsp;__aeabi_memclr4
</UL>
<BR>[Called By]<UL><LI><a href="#[20]">&gt;&gt;</a>&nbsp;&nbsp;&nbsp;$Super$$main
</UL>

<P><STRONG><a name="[31]"></a>APP_KeyIrqRefreshRequested</STRONG> (Thumb, 80 bytes, Stack size 8 bytes, main.o(i.APP_KeyIrqRefreshRequested))
<BR><BR>[Stack]<UL><LI>Max Depth = 24<LI>Call Chain = APP_KeyIrqRefreshRequested &rArr; HAL_Delay
</UL>
<BR>[Calls]<UL><LI><a href="#[33]">&gt;&gt;</a>&nbsp;&nbsp;&nbsp;HAL_Delay
<LI><a href="#[32]">&gt;&gt;</a>&nbsp;&nbsp;&nbsp;APP_KeyIsPressed
</UL>
<BR>[Called By]<UL><LI><a href="#[20]">&gt;&gt;</a>&nbsp;&nbsp;&nbsp;$Super$$main
</UL>

<P><STRONG><a name="[32]"></a>APP_KeyIsPressed</STRONG> (Thumb, 24 bytes, Stack size 8 bytes, main.o(i.APP_KeyIsPressed))
<BR><BR>[Stack]<UL><LI>Max Depth = 8<LI>Call Chain = APP_KeyIsPressed
</UL>
<BR>[Calls]<UL><LI><a href="#[34]">&gt;&gt;</a>&nbsp;&nbsp;&nbsp;HAL_GPIO_ReadPin
</UL>
<BR>[Called By]<UL><LI><a href="#[31]">&gt;&gt;</a>&nbsp;&nbsp;&nbsp;APP_KeyIrqRefreshRequested
</UL>

<P><STRONG><a name="[35]"></a>APP_LPTIM_Init</STRONG> (Thumb, 148 bytes, Stack size 48 bytes, main.o(i.APP_LPTIM_Init))
<BR><BR>[Stack]<UL><LI>Max Depth = 112<LI>Call Chain = APP_LPTIM_Init &rArr; HAL_RCC_OscConfig &rArr; HAL_InitTick &rArr; HAL_NVIC_SetPriority &rArr; NVIC_SetPriority
</UL>
<BR>[Calls]<UL><LI><a href="#[36]">&gt;&gt;</a>&nbsp;&nbsp;&nbsp;HAL_RCC_OscConfig
<LI><a href="#[37]">&gt;&gt;</a>&nbsp;&nbsp;&nbsp;HAL_RCCEx_PeriphCLKConfig
<LI><a href="#[2f]">&gt;&gt;</a>&nbsp;&nbsp;&nbsp;HAL_NVIC_SetPriority
<LI><a href="#[30]">&gt;&gt;</a>&nbsp;&nbsp;&nbsp;HAL_NVIC_EnableIRQ
<LI><a href="#[38]">&gt;&gt;</a>&nbsp;&nbsp;&nbsp;HAL_LPTIM_Init
<LI><a href="#[27]">&gt;&gt;</a>&nbsp;&nbsp;&nbsp;APP_ErrorHandler
<LI><a href="#[23]">&gt;&gt;</a>&nbsp;&nbsp;&nbsp;__aeabi_memclr4
</UL>
<BR>[Called By]<UL><LI><a href="#[20]">&gt;&gt;</a>&nbsp;&nbsp;&nbsp;$Super$$main
</UL>

<P><STRONG><a name="[39]"></a>APP_LPTIM_Start30s</STRONG> (Thumb, 92 bytes, Stack size 8 bytes, main.o(i.APP_LPTIM_Start30s))
<BR><BR>[Stack]<UL><LI>Max Depth = 36<LI>Call Chain = APP_LPTIM_Start30s &rArr; APP_DelayUs &rArr; __aeabi_uidivmod
</UL>
<BR>[Calls]<UL><LI><a href="#[21]">&gt;&gt;</a>&nbsp;&nbsp;&nbsp;APP_DelayUs
</UL>
<BR>[Called By]<UL><LI><a href="#[20]">&gt;&gt;</a>&nbsp;&nbsp;&nbsp;$Super$$main
</UL>

<P><STRONG><a name="[3a]"></a>APP_PrintSensorData</STRONG> (Thumb, 36 bytes, Stack size 8 bytes, main.o(i.APP_PrintSensorData))
<BR><BR>[Stack]<UL><LI>Max Depth = 168<LI>Call Chain = APP_PrintSensorData &rArr; UART_PrintSignedFixed1 &rArr; UART_PrintUnsigned &rArr; UART_Print &rArr; HAL_UART_Transmit &rArr; UART_WaitOnFlagUntilTimeout
</UL>
<BR>[Calls]<UL><LI><a href="#[3b]">&gt;&gt;</a>&nbsp;&nbsp;&nbsp;UART_PrintSignedFixed1
<LI><a href="#[2c]">&gt;&gt;</a>&nbsp;&nbsp;&nbsp;UART_Print
</UL>
<BR>[Called By]<UL><LI><a href="#[3c]">&gt;&gt;</a>&nbsp;&nbsp;&nbsp;APP_RefreshMeasurement
</UL>

<P><STRONG><a name="[3c]"></a>APP_RefreshMeasurement</STRONG> (Thumb, 44 bytes, Stack size 8 bytes, main.o(i.APP_RefreshMeasurement))
<BR><BR>[Stack]<UL><LI>Max Depth = 208<LI>Call Chain = APP_RefreshMeasurement &rArr; APP_UpdateLcd &rArr; LCD_QYT12429_DisplayTemperature &rArr; LCD_DisplayChars &rArr; LCD_SetChar &rArr; LCD_SetDigitPattern &rArr; LCD_SetPoint &rArr; HT1621_SetSegment &rArr; HT1621_WriteNibble &rArr; HT1621_Write4Bit &rArr; HT1621_WriteBitsMsb &rArr; HT1621_Delay
</UL>
<BR>[Calls]<UL><LI><a href="#[3d]">&gt;&gt;</a>&nbsp;&nbsp;&nbsp;SHT45_ReadTempHumi
<LI><a href="#[2c]">&gt;&gt;</a>&nbsp;&nbsp;&nbsp;UART_Print
<LI><a href="#[3e]">&gt;&gt;</a>&nbsp;&nbsp;&nbsp;APP_UpdateLcd
<LI><a href="#[3a]">&gt;&gt;</a>&nbsp;&nbsp;&nbsp;APP_PrintSensorData
</UL>
<BR>[Called By]<UL><LI><a href="#[20]">&gt;&gt;</a>&nbsp;&nbsp;&nbsp;$Super$$main
</UL>

<P><STRONG><a name="[3f]"></a>APP_UART_Init</STRONG> (Thumb, 56 bytes, Stack size 8 bytes, main.o(i.APP_UART_Init))
<BR><BR>[Stack]<UL><LI>Max Depth = 64<LI>Call Chain = APP_UART_Init &rArr; HAL_UART_Init &rArr; HAL_UART_MspInit &rArr; HAL_GPIO_Init
</UL>
<BR>[Calls]<UL><LI><a href="#[40]">&gt;&gt;</a>&nbsp;&nbsp;&nbsp;HAL_UART_Init
<LI><a href="#[27]">&gt;&gt;</a>&nbsp;&nbsp;&nbsp;APP_ErrorHandler
</UL>
<BR>[Called By]<UL><LI><a href="#[20]">&gt;&gt;</a>&nbsp;&nbsp;&nbsp;$Super$$main
</UL>

<P><STRONG><a name="[3e]"></a>APP_UpdateLcd</STRONG> (Thumb, 32 bytes, Stack size 8 bytes, main.o(i.APP_UpdateLcd))
<BR><BR>[Stack]<UL><LI>Max Depth = 200<LI>Call Chain = APP_UpdateLcd &rArr; LCD_QYT12429_DisplayTemperature &rArr; LCD_DisplayChars &rArr; LCD_SetChar &rArr; LCD_SetDigitPattern &rArr; LCD_SetPoint &rArr; HT1621_SetSegment &rArr; HT1621_WriteNibble &rArr; HT1621_Write4Bit &rArr; HT1621_WriteBitsMsb &rArr; HT1621_Delay
</UL>
<BR>[Calls]<UL><LI><a href="#[41]">&gt;&gt;</a>&nbsp;&nbsp;&nbsp;LCD_QYT12429_DisplayTemperature
<LI><a href="#[42]">&gt;&gt;</a>&nbsp;&nbsp;&nbsp;LCD_QYT12429_DisplayHumidity
</UL>
<BR>[Called By]<UL><LI><a href="#[3c]">&gt;&gt;</a>&nbsp;&nbsp;&nbsp;APP_RefreshMeasurement
</UL>

<P><STRONG><a name="[29]"></a>SystemClock_Config</STRONG> (Thumb, 98 bytes, Stack size 48 bytes, main.o(i.SystemClock_Config))
<BR><BR>[Stack]<UL><LI>Max Depth = 112<LI>Call Chain = SystemClock_Config &rArr; HAL_RCC_OscConfig &rArr; HAL_InitTick &rArr; HAL_NVIC_SetPriority &rArr; NVIC_SetPriority
</UL>
<BR>[Calls]<UL><LI><a href="#[36]">&gt;&gt;</a>&nbsp;&nbsp;&nbsp;HAL_RCC_OscConfig
<LI><a href="#[5a]">&gt;&gt;</a>&nbsp;&nbsp;&nbsp;HAL_RCC_ClockConfig
<LI><a href="#[27]">&gt;&gt;</a>&nbsp;&nbsp;&nbsp;APP_ErrorHandler
<LI><a href="#[23]">&gt;&gt;</a>&nbsp;&nbsp;&nbsp;__aeabi_memclr4
</UL>
<BR>[Called By]<UL><LI><a href="#[22]">&gt;&gt;</a>&nbsp;&nbsp;&nbsp;APP_EnterStopMode
</UL>

<P><STRONG><a name="[2c]"></a>UART_Print</STRONG> (Thumb, 44 bytes, Stack size 16 bytes, main.o(i.UART_Print))
<BR><BR>[Stack]<UL><LI>Max Depth = 104<LI>Call Chain = UART_Print &rArr; HAL_UART_Transmit &rArr; UART_WaitOnFlagUntilTimeout
</UL>
<BR>[Calls]<UL><LI><a href="#[68]">&gt;&gt;</a>&nbsp;&nbsp;&nbsp;HAL_UART_Transmit
<LI><a href="#[27]">&gt;&gt;</a>&nbsp;&nbsp;&nbsp;APP_ErrorHandler
</UL>
<BR>[Called By]<UL><LI><a href="#[83]">&gt;&gt;</a>&nbsp;&nbsp;&nbsp;UART_PrintUnsigned
<LI><a href="#[3b]">&gt;&gt;</a>&nbsp;&nbsp;&nbsp;UART_PrintSignedFixed1
<LI><a href="#[3c]">&gt;&gt;</a>&nbsp;&nbsp;&nbsp;APP_RefreshMeasurement
<LI><a href="#[3a]">&gt;&gt;</a>&nbsp;&nbsp;&nbsp;APP_PrintSensorData
<LI><a href="#[2a]">&gt;&gt;</a>&nbsp;&nbsp;&nbsp;APP_I2C1_Init
<LI><a href="#[20]">&gt;&gt;</a>&nbsp;&nbsp;&nbsp;$Super$$main
</UL>

<P><STRONG><a name="[3b]"></a>UART_PrintSignedFixed1</STRONG> (Thumb, 86 bytes, Stack size 24 bytes, main.o(i.UART_PrintSignedFixed1))
<BR><BR>[Stack]<UL><LI>Max Depth = 160<LI>Call Chain = UART_PrintSignedFixed1 &rArr; UART_PrintUnsigned &rArr; UART_Print &rArr; HAL_UART_Transmit &rArr; UART_WaitOnFlagUntilTimeout
</UL>
<BR>[Calls]<UL><LI><a href="#[83]">&gt;&gt;</a>&nbsp;&nbsp;&nbsp;UART_PrintUnsigned
<LI><a href="#[2c]">&gt;&gt;</a>&nbsp;&nbsp;&nbsp;UART_Print
<LI><a href="#[1a]">&gt;&gt;</a>&nbsp;&nbsp;&nbsp;__aeabi_idivmod
<LI><a href="#[1b]">&gt;&gt;</a>&nbsp;&nbsp;&nbsp;__aeabi_uidivmod
</UL>
<BR>[Called By]<UL><LI><a href="#[3a]">&gt;&gt;</a>&nbsp;&nbsp;&nbsp;APP_PrintSensorData
</UL>

<P><STRONG><a name="[83]"></a>UART_PrintUnsigned</STRONG> (Thumb, 88 bytes, Stack size 32 bytes, main.o(i.UART_PrintUnsigned))
<BR><BR>[Stack]<UL><LI>Max Depth = 136<LI>Call Chain = UART_PrintUnsigned &rArr; UART_Print &rArr; HAL_UART_Transmit &rArr; UART_WaitOnFlagUntilTimeout
</UL>
<BR>[Calls]<UL><LI><a href="#[2c]">&gt;&gt;</a>&nbsp;&nbsp;&nbsp;UART_Print
<LI><a href="#[1b]">&gt;&gt;</a>&nbsp;&nbsp;&nbsp;__aeabi_uidivmod
</UL>
<BR>[Called By]<UL><LI><a href="#[3b]">&gt;&gt;</a>&nbsp;&nbsp;&nbsp;UART_PrintSignedFixed1
</UL>

<P><STRONG><a name="[74]"></a>HT1621_Delay</STRONG> (Thumb, 30 bytes, Stack size 8 bytes, ht1621.o(i.HT1621_Delay))
<BR><BR>[Stack]<UL><LI>Max Depth = 8<LI>Call Chain = HT1621_Delay
</UL>
<BR>[Called By]<UL><LI><a href="#[70]">&gt;&gt;</a>&nbsp;&nbsp;&nbsp;HT1621_WriteBitsMsb
<LI><a href="#[73]">&gt;&gt;</a>&nbsp;&nbsp;&nbsp;HT1621_WriteBitsLsb
</UL>

<P><STRONG><a name="[6d]"></a>HT1621_GPIOInit</STRONG> (Thumb, 106 bytes, Stack size 32 bytes, ht1621.o(i.HT1621_GPIOInit))
<BR><BR>[Stack]<UL><LI>Max Depth = 48<LI>Call Chain = HT1621_GPIOInit &rArr; HAL_GPIO_Init
</UL>
<BR>[Calls]<UL><LI><a href="#[44]">&gt;&gt;</a>&nbsp;&nbsp;&nbsp;HAL_GPIO_WritePin
<LI><a href="#[2e]">&gt;&gt;</a>&nbsp;&nbsp;&nbsp;HAL_GPIO_Init
<LI><a href="#[23]">&gt;&gt;</a>&nbsp;&nbsp;&nbsp;__aeabi_memclr4
</UL>
<BR>[Called By]<UL><LI><a href="#[6e]">&gt;&gt;</a>&nbsp;&nbsp;&nbsp;HT1621_Init
</UL>

<P><STRONG><a name="[6f]"></a>HT1621_SendCommand</STRONG> (Thumb, 46 bytes, Stack size 8 bytes, ht1621.o(i.HT1621_SendCommand))
<BR><BR>[Stack]<UL><LI>Max Depth = 32<LI>Call Chain = HT1621_SendCommand &rArr; HT1621_WriteBitsMsb &rArr; HT1621_Delay
</UL>
<BR>[Calls]<UL><LI><a href="#[44]">&gt;&gt;</a>&nbsp;&nbsp;&nbsp;HAL_GPIO_WritePin
<LI><a href="#[70]">&gt;&gt;</a>&nbsp;&nbsp;&nbsp;HT1621_WriteBitsMsb
</UL>
<BR>[Called By]<UL><LI><a href="#[6e]">&gt;&gt;</a>&nbsp;&nbsp;&nbsp;HT1621_Init
</UL>

<P><STRONG><a name="[73]"></a>HT1621_WriteBitsLsb</STRONG> (Thumb, 86 bytes, Stack size 16 bytes, ht1621.o(i.HT1621_WriteBitsLsb))
<BR><BR>[Stack]<UL><LI>Max Depth = 24<LI>Call Chain = HT1621_WriteBitsLsb &rArr; HT1621_Delay
</UL>
<BR>[Calls]<UL><LI><a href="#[44]">&gt;&gt;</a>&nbsp;&nbsp;&nbsp;HAL_GPIO_WritePin
<LI><a href="#[74]">&gt;&gt;</a>&nbsp;&nbsp;&nbsp;HT1621_Delay
</UL>
<BR>[Called By]<UL><LI><a href="#[6b]">&gt;&gt;</a>&nbsp;&nbsp;&nbsp;HT1621_Write4Bit
</UL>

<P><STRONG><a name="[70]"></a>HT1621_WriteBitsMsb</STRONG> (Thumb, 88 bytes, Stack size 16 bytes, ht1621.o(i.HT1621_WriteBitsMsb))
<BR><BR>[Stack]<UL><LI>Max Depth = 24<LI>Call Chain = HT1621_WriteBitsMsb &rArr; HT1621_Delay
</UL>
<BR>[Calls]<UL><LI><a href="#[44]">&gt;&gt;</a>&nbsp;&nbsp;&nbsp;HAL_GPIO_WritePin
<LI><a href="#[74]">&gt;&gt;</a>&nbsp;&nbsp;&nbsp;HT1621_Delay
</UL>
<BR>[Called By]<UL><LI><a href="#[6b]">&gt;&gt;</a>&nbsp;&nbsp;&nbsp;HT1621_Write4Bit
<LI><a href="#[6f]">&gt;&gt;</a>&nbsp;&nbsp;&nbsp;HT1621_SendCommand
</UL>

<P><STRONG><a name="[77]"></a>LCD_DisplayChars</STRONG> (Thumb, 50 bytes, Stack size 40 bytes, lcd_qyt12429.o(i.LCD_DisplayChars))
<BR><BR>[Stack]<UL><LI>Max Depth = 176<LI>Call Chain = LCD_DisplayChars &rArr; LCD_SetChar &rArr; LCD_SetDigitPattern &rArr; LCD_SetPoint &rArr; HT1621_SetSegment &rArr; HT1621_WriteNibble &rArr; HT1621_Write4Bit &rArr; HT1621_WriteBitsMsb &rArr; HT1621_Delay
</UL>
<BR>[Calls]<UL><LI><a href="#[78]">&gt;&gt;</a>&nbsp;&nbsp;&nbsp;LCD_SetChar
</UL>
<BR>[Called By]<UL><LI><a href="#[41]">&gt;&gt;</a>&nbsp;&nbsp;&nbsp;LCD_QYT12429_DisplayTemperature
<LI><a href="#[42]">&gt;&gt;</a>&nbsp;&nbsp;&nbsp;LCD_QYT12429_DisplayHumidity
</UL>

<P><STRONG><a name="[79]"></a>LCD_FormatHumidity</STRONG> (Thumb, 114 bytes, Stack size 32 bytes, lcd_qyt12429.o(i.LCD_FormatHumidity))
<BR><BR>[Stack]<UL><LI>Max Depth = 60<LI>Call Chain = LCD_FormatHumidity &rArr; __aeabi_idivmod &rArr; __aeabi_uidivmod
</UL>
<BR>[Calls]<UL><LI><a href="#[1a]">&gt;&gt;</a>&nbsp;&nbsp;&nbsp;__aeabi_idivmod
</UL>
<BR>[Called By]<UL><LI><a href="#[42]">&gt;&gt;</a>&nbsp;&nbsp;&nbsp;LCD_QYT12429_DisplayHumidity
</UL>

<P><STRONG><a name="[7a]"></a>LCD_FormatSignedFixed1</STRONG> (Thumb, 330 bytes, Stack size 48 bytes, lcd_qyt12429.o(i.LCD_FormatSignedFixed1))
<BR><BR>[Stack]<UL><LI>Max Depth = 76<LI>Call Chain = LCD_FormatSignedFixed1 &rArr; __aeabi_idivmod &rArr; __aeabi_uidivmod
</UL>
<BR>[Calls]<UL><LI><a href="#[1a]">&gt;&gt;</a>&nbsp;&nbsp;&nbsp;__aeabi_idivmod
</UL>
<BR>[Called By]<UL><LI><a href="#[41]">&gt;&gt;</a>&nbsp;&nbsp;&nbsp;LCD_QYT12429_DisplayTemperature
</UL>

<P><STRONG><a name="[78]"></a>LCD_SetChar</STRONG> (Thumb, 64 bytes, Stack size 16 bytes, lcd_qyt12429.o(i.LCD_SetChar))
<BR><BR>[Stack]<UL><LI>Max Depth = 136<LI>Call Chain = LCD_SetChar &rArr; LCD_SetDigitPattern &rArr; LCD_SetPoint &rArr; HT1621_SetSegment &rArr; HT1621_WriteNibble &rArr; HT1621_Write4Bit &rArr; HT1621_WriteBitsMsb &rArr; HT1621_Delay
</UL>
<BR>[Calls]<UL><LI><a href="#[7e]">&gt;&gt;</a>&nbsp;&nbsp;&nbsp;LCD_SetDigitPattern
</UL>
<BR>[Called By]<UL><LI><a href="#[77]">&gt;&gt;</a>&nbsp;&nbsp;&nbsp;LCD_DisplayChars
</UL>

<P><STRONG><a name="[7e]"></a>LCD_SetDigitPattern</STRONG> (Thumb, 78 bytes, Stack size 24 bytes, lcd_qyt12429.o(i.LCD_SetDigitPattern))
<BR><BR>[Stack]<UL><LI>Max Depth = 120<LI>Call Chain = LCD_SetDigitPattern &rArr; LCD_SetPoint &rArr; HT1621_SetSegment &rArr; HT1621_WriteNibble &rArr; HT1621_Write4Bit &rArr; HT1621_WriteBitsMsb &rArr; HT1621_Delay
</UL>
<BR>[Calls]<UL><LI><a href="#[7c]">&gt;&gt;</a>&nbsp;&nbsp;&nbsp;LCD_SetPoint
</UL>
<BR>[Called By]<UL><LI><a href="#[78]">&gt;&gt;</a>&nbsp;&nbsp;&nbsp;LCD_SetChar
</UL>

<P><STRONG><a name="[7c]"></a>LCD_SetPoint</STRONG> (Thumb, 34 bytes, Stack size 16 bytes, lcd_qyt12429.o(i.LCD_SetPoint))
<BR><BR>[Stack]<UL><LI>Max Depth = 96<LI>Call Chain = LCD_SetPoint &rArr; HT1621_SetSegment &rArr; HT1621_WriteNibble &rArr; HT1621_Write4Bit &rArr; HT1621_WriteBitsMsb &rArr; HT1621_Delay
</UL>
<BR>[Calls]<UL><LI><a href="#[71]">&gt;&gt;</a>&nbsp;&nbsp;&nbsp;HT1621_SetSegment
</UL>
<BR>[Called By]<UL><LI><a href="#[7e]">&gt;&gt;</a>&nbsp;&nbsp;&nbsp;LCD_SetDigitPattern
<LI><a href="#[41]">&gt;&gt;</a>&nbsp;&nbsp;&nbsp;LCD_QYT12429_DisplayTemperature
<LI><a href="#[42]">&gt;&gt;</a>&nbsp;&nbsp;&nbsp;LCD_QYT12429_DisplayHumidity
</UL>

<P><STRONG><a name="[80]"></a>SHT45_CalcCrc</STRONG> (Thumb, 60 bytes, Stack size 16 bytes, sht45.o(i.SHT45_CalcCrc))
<BR><BR>[Stack]<UL><LI>Max Depth = 16<LI>Call Chain = SHT45_CalcCrc
</UL>
<BR>[Called By]<UL><LI><a href="#[7f]">&gt;&gt;</a>&nbsp;&nbsp;&nbsp;SHT45_CheckCrc
</UL>

<P><STRONG><a name="[76]"></a>I2C_IsAcknowledgeFailed</STRONG> (Thumb, 66 bytes, Stack size 0 bytes, py32f0xx_hal_i2c.o(i.I2C_IsAcknowledgeFailed))
<BR><BR>[Called By]<UL><LI><a href="#[50]">&gt;&gt;</a>&nbsp;&nbsp;&nbsp;I2C_WaitOnTXEFlagUntilTimeout
<LI><a href="#[51]">&gt;&gt;</a>&nbsp;&nbsp;&nbsp;I2C_WaitOnBTFFlagUntilTimeout
</UL>

<P><STRONG><a name="[4c]"></a>I2C_MasterRequestRead</STRONG> (Thumb, 136 bytes, Stack size 40 bytes, py32f0xx_hal_i2c.o(i.I2C_MasterRequestRead))
<BR><BR>[Stack]<UL><LI>Max Depth = 64<LI>Call Chain = I2C_MasterRequestRead &rArr; I2C_WaitOnMasterAddressFlagUntilTimeout
</UL>
<BR>[Calls]<UL><LI><a href="#[75]">&gt;&gt;</a>&nbsp;&nbsp;&nbsp;I2C_WaitOnMasterAddressFlagUntilTimeout
<LI><a href="#[4b]">&gt;&gt;</a>&nbsp;&nbsp;&nbsp;I2C_WaitOnFlagUntilTimeout
</UL>
<BR>[Called By]<UL><LI><a href="#[4a]">&gt;&gt;</a>&nbsp;&nbsp;&nbsp;HAL_I2C_Master_Receive
</UL>

<P><STRONG><a name="[4f]"></a>I2C_MasterRequestWrite</STRONG> (Thumb, 120 bytes, Stack size 40 bytes, py32f0xx_hal_i2c.o(i.I2C_MasterRequestWrite))
<BR><BR>[Stack]<UL><LI>Max Depth = 64<LI>Call Chain = I2C_MasterRequestWrite &rArr; I2C_WaitOnMasterAddressFlagUntilTimeout
</UL>
<BR>[Calls]<UL><LI><a href="#[75]">&gt;&gt;</a>&nbsp;&nbsp;&nbsp;I2C_WaitOnMasterAddressFlagUntilTimeout
<LI><a href="#[4b]">&gt;&gt;</a>&nbsp;&nbsp;&nbsp;I2C_WaitOnFlagUntilTimeout
</UL>
<BR>[Called By]<UL><LI><a href="#[4e]">&gt;&gt;</a>&nbsp;&nbsp;&nbsp;HAL_I2C_Master_Transmit
</UL>

<P><STRONG><a name="[51]"></a>I2C_WaitOnBTFFlagUntilTimeout</STRONG> (Thumb, 100 bytes, Stack size 16 bytes, py32f0xx_hal_i2c.o(i.I2C_WaitOnBTFFlagUntilTimeout))
<BR><BR>[Stack]<UL><LI>Max Depth = 16<LI>Call Chain = I2C_WaitOnBTFFlagUntilTimeout
</UL>
<BR>[Calls]<UL><LI><a href="#[76]">&gt;&gt;</a>&nbsp;&nbsp;&nbsp;I2C_IsAcknowledgeFailed
<LI><a href="#[46]">&gt;&gt;</a>&nbsp;&nbsp;&nbsp;HAL_GetTick
</UL>
<BR>[Called By]<UL><LI><a href="#[4e]">&gt;&gt;</a>&nbsp;&nbsp;&nbsp;HAL_I2C_Master_Transmit
</UL>

<P><STRONG><a name="[4b]"></a>I2C_WaitOnFlagUntilTimeout</STRONG> (Thumb, 130 bytes, Stack size 24 bytes, py32f0xx_hal_i2c.o(i.I2C_WaitOnFlagUntilTimeout))
<BR><BR>[Stack]<UL><LI>Max Depth = 24<LI>Call Chain = I2C_WaitOnFlagUntilTimeout
</UL>
<BR>[Calls]<UL><LI><a href="#[46]">&gt;&gt;</a>&nbsp;&nbsp;&nbsp;HAL_GetTick
</UL>
<BR>[Called By]<UL><LI><a href="#[4e]">&gt;&gt;</a>&nbsp;&nbsp;&nbsp;HAL_I2C_Master_Transmit
<LI><a href="#[4a]">&gt;&gt;</a>&nbsp;&nbsp;&nbsp;HAL_I2C_Master_Receive
<LI><a href="#[4f]">&gt;&gt;</a>&nbsp;&nbsp;&nbsp;I2C_MasterRequestWrite
<LI><a href="#[4c]">&gt;&gt;</a>&nbsp;&nbsp;&nbsp;I2C_MasterRequestRead
</UL>

<P><STRONG><a name="[75]"></a>I2C_WaitOnMasterAddressFlagUntilTimeout</STRONG> (Thumb, 200 bytes, Stack size 24 bytes, py32f0xx_hal_i2c.o(i.I2C_WaitOnMasterAddressFlagUntilTimeout))
<BR><BR>[Stack]<UL><LI>Max Depth = 24<LI>Call Chain = I2C_WaitOnMasterAddressFlagUntilTimeout
</UL>
<BR>[Calls]<UL><LI><a href="#[46]">&gt;&gt;</a>&nbsp;&nbsp;&nbsp;HAL_GetTick
</UL>
<BR>[Called By]<UL><LI><a href="#[4f]">&gt;&gt;</a>&nbsp;&nbsp;&nbsp;I2C_MasterRequestWrite
<LI><a href="#[4c]">&gt;&gt;</a>&nbsp;&nbsp;&nbsp;I2C_MasterRequestRead
</UL>

<P><STRONG><a name="[4d]"></a>I2C_WaitOnRXNEFlagUntilTimeout</STRONG> (Thumb, 132 bytes, Stack size 16 bytes, py32f0xx_hal_i2c.o(i.I2C_WaitOnRXNEFlagUntilTimeout))
<BR><BR>[Stack]<UL><LI>Max Depth = 16<LI>Call Chain = I2C_WaitOnRXNEFlagUntilTimeout
</UL>
<BR>[Calls]<UL><LI><a href="#[46]">&gt;&gt;</a>&nbsp;&nbsp;&nbsp;HAL_GetTick
</UL>
<BR>[Called By]<UL><LI><a href="#[4a]">&gt;&gt;</a>&nbsp;&nbsp;&nbsp;HAL_I2C_Master_Receive
</UL>

<P><STRONG><a name="[50]"></a>I2C_WaitOnTXEFlagUntilTimeout</STRONG> (Thumb, 100 bytes, Stack size 16 bytes, py32f0xx_hal_i2c.o(i.I2C_WaitOnTXEFlagUntilTimeout))
<BR><BR>[Stack]<UL><LI>Max Depth = 16<LI>Call Chain = I2C_WaitOnTXEFlagUntilTimeout
</UL>
<BR>[Calls]<UL><LI><a href="#[76]">&gt;&gt;</a>&nbsp;&nbsp;&nbsp;I2C_IsAcknowledgeFailed
<LI><a href="#[46]">&gt;&gt;</a>&nbsp;&nbsp;&nbsp;HAL_GetTick
</UL>
<BR>[Called By]<UL><LI><a href="#[4e]">&gt;&gt;</a>&nbsp;&nbsp;&nbsp;HAL_I2C_Master_Transmit
</UL>

<P><STRONG><a name="[67]"></a>UART_AdvFeatureConfig</STRONG> (Thumb, 56 bytes, Stack size 0 bytes, py32f0xx_hal_uart.o(i.UART_AdvFeatureConfig))
<BR><BR>[Called By]<UL><LI><a href="#[40]">&gt;&gt;</a>&nbsp;&nbsp;&nbsp;HAL_UART_Init
</UL>

<P><STRONG><a name="[60]"></a>UART_EndRxTransfer</STRONG> (Thumb, 34 bytes, Stack size 0 bytes, py32f0xx_hal_uart.o(i.UART_EndRxTransfer))
<BR><BR>[Called By]<UL><LI><a href="#[5e]">&gt;&gt;</a>&nbsp;&nbsp;&nbsp;HAL_UART_IRQHandler
</UL>

<P><STRONG><a name="[64]"></a>UART_EndTransmit_IT</STRONG> (Thumb, 32 bytes, Stack size 8 bytes, py32f0xx_hal_uart.o(i.UART_EndTransmit_IT))
<BR><BR>[Stack]<UL><LI>Max Depth = 8<LI>Call Chain = UART_EndTransmit_IT
</UL>
<BR>[Calls]<UL><LI><a href="#[82]">&gt;&gt;</a>&nbsp;&nbsp;&nbsp;HAL_UART_TxCpltCallback
</UL>
<BR>[Called By]<UL><LI><a href="#[5e]">&gt;&gt;</a>&nbsp;&nbsp;&nbsp;HAL_UART_IRQHandler
</UL>

<P><STRONG><a name="[5f]"></a>UART_Receive_IT</STRONG> (Thumb, 136 bytes, Stack size 16 bytes, py32f0xx_hal_uart.o(i.UART_Receive_IT))
<BR><BR>[Stack]<UL><LI>Max Depth = 16<LI>Call Chain = UART_Receive_IT
</UL>
<BR>[Calls]<UL><LI><a href="#[84]">&gt;&gt;</a>&nbsp;&nbsp;&nbsp;HAL_UART_RxCpltCallback
</UL>
<BR>[Called By]<UL><LI><a href="#[5e]">&gt;&gt;</a>&nbsp;&nbsp;&nbsp;HAL_UART_IRQHandler
</UL>

<P><STRONG><a name="[66]"></a>UART_SetConfig</STRONG> (Thumb, 414 bytes, Stack size 32 bytes, py32f0xx_hal_uart.o(i.UART_SetConfig))
<BR><BR>[Stack]<UL><LI>Max Depth = 44<LI>Call Chain = UART_SetConfig &rArr; __aeabi_uidivmod
</UL>
<BR>[Calls]<UL><LI><a href="#[49]">&gt;&gt;</a>&nbsp;&nbsp;&nbsp;HAL_RCC_GetPCLK1Freq
<LI><a href="#[1b]">&gt;&gt;</a>&nbsp;&nbsp;&nbsp;__aeabi_uidivmod
</UL>
<BR>[Called By]<UL><LI><a href="#[40]">&gt;&gt;</a>&nbsp;&nbsp;&nbsp;HAL_UART_Init
</UL>

<P><STRONG><a name="[63]"></a>UART_Transmit_IT</STRONG> (Thumb, 114 bytes, Stack size 8 bytes, py32f0xx_hal_uart.o(i.UART_Transmit_IT))
<BR><BR>[Stack]<UL><LI>Max Depth = 8<LI>Call Chain = UART_Transmit_IT
</UL>
<BR>[Called By]<UL><LI><a href="#[5e]">&gt;&gt;</a>&nbsp;&nbsp;&nbsp;HAL_UART_IRQHandler
</UL>

<P><STRONG><a name="[69]"></a>UART_WaitOnFlagUntilTimeout</STRONG> (Thumb, 112 bytes, Stack size 40 bytes, py32f0xx_hal_uart.o(i.UART_WaitOnFlagUntilTimeout))
<BR><BR>[Stack]<UL><LI>Max Depth = 40<LI>Call Chain = UART_WaitOnFlagUntilTimeout
</UL>
<BR>[Calls]<UL><LI><a href="#[46]">&gt;&gt;</a>&nbsp;&nbsp;&nbsp;HAL_GetTick
</UL>
<BR>[Called By]<UL><LI><a href="#[68]">&gt;&gt;</a>&nbsp;&nbsp;&nbsp;HAL_UART_Transmit
</UL>

<P><STRONG><a name="[59]"></a>NVIC_SetPriority</STRONG> (Thumb, 110 bytes, Stack size 8 bytes, py32f0xx_hal_cortex.o(i.NVIC_SetPriority))
<BR><BR>[Stack]<UL><LI>Max Depth = 8<LI>Call Chain = NVIC_SetPriority
</UL>
<BR>[Called By]<UL><LI><a href="#[2f]">&gt;&gt;</a>&nbsp;&nbsp;&nbsp;HAL_NVIC_SetPriority
<LI><a href="#[55]">&gt;&gt;</a>&nbsp;&nbsp;&nbsp;HAL_SYSTICK_Config
</UL>
<P>
<H3>
Undefined Global Symbols
</H3>
<P><STRONG><a name="[19]"></a>__arm_fini_</STRONG> (Unknown, 0 bytes, Stack size 0 bytes, UNDEFINED)
<BR><BR>[Called By]<UL><LI><a href="#[18]">&gt;&gt;</a>&nbsp;&nbsp;&nbsp;__rt_lib_shutdown_fini
</UL>
<HR></body></html>
